<html>
<body>
<pre>
<h1>礦ision Build Log</h1>
<h2>Tool Versions:</h2>
IDE-Version: μVision V5.15
Copyright (C) 2015 ARM Ltd and ARM Germany GmbH. All rights reserved.
License Information: key key, key, LIC=UJWDY-IWJ0P-ZW22V-PZWJI-Z3PTT-EMM3X
 
Tool Versions:
Toolchain:       MDK-ARM Standard  Version: 5.15.0
Toolchain Path:  F:\electricity\MCU\STM32\mdk515\ARM\ARMCC\Bin
C Compiler:      Armcc.exe V5.05 update 2 (build 169)
Assembler:       Armasm.exe V5.05 update 2 (build 169)
Linker/Locator:  ArmLink.exe V5.05 update 2 (build 169)
Library Manager: ArmAr.exe V5.05 update 2 (build 169)
Hex Converter:   FromElf.exe V5.05 update 2 (build 169)
CPU DLL:         SARMCM3.DLL V5.15.0
Dialog DLL:      DCM.DLL V1.13.2.0
Target DLL:      Segger\JL2CM3.dll V2.99.15.0
Dialog DLL:      TCM.DLL V1.14.5.0
 
<h2>Project:</h2>
F:\electricity\光电设计大赛\aircraft_code\F407_FC.uvprojx
Project File Date:  05/14/2016

<h2>Output:</h2>
*** Using Compiler 'V5.05 update 2 (build 169)', folder: 'F:\electricity\MCU\STM32\mdk515\ARM\ARMCC\Bin'
Build target 'Anopilot'
compiling scheduler.c...
compiling data_transfer.c...
applications\myctrl.h(12): warning:  #1295-D: Deprecated declaration take_off - give arg types
  void take_off();
applications\myctrl.h(13): warning:  #1295-D: Deprecated declaration drop - give arg types
  void drop();
applications\myctrl.h(15): warning:  #1-D: last line of file ends without a newline
  #endif
applications\data_transfer.c(226): warning: C4487E: read from variable 'check_sum' with offset out of bounds
}
applications\data_transfer.c: 4 warnings, 0 errors
linking...
Program Size: Code=83572 RO-data=916 RW-data=1680 ZI-data=14296  
FromELF: creating hex file...
After Build - User command #1: fromelf --bin .\build\F407_FC.axf --output TEST.ANO
".\build\F407_FC.axf" - 0 Error(s), 4 Warning(s).

<h2>Software Packages used:</h2>

Package Vendor: ARM
                http://www.keil.com/pack/ARM.CMSIS.4.3.0.pack
                ARM::CMSIS:CORE:4.1.0
                CMSIS (Cortex Microcontroller Software Interface Standard)
   * Component: CORE Version: 4.1.0

<h2>Collection of Component include folders:</h2>
  F:\electricity\光电设计大赛\aircraft_code\RTE
  F:\electricity\MCU\STM32\mdk515\ARM\PACK\ARM\CMSIS\4.3.0\CMSIS\Include
  F:\electricity\MCU\STM32\mdk515\ARM\PACK\Keil\STM32F4xx_DFP\2.5.0\Drivers\CMSIS\Device\ST\STM32F4xx\Include

<h2>Collection of Component Files used:</h2>

   * Component: ARM::CMSIS:CORE:4.1.0
</pre>
</body>
</html>
