Component: ARM Compiler 5.05 update 2 (build 169) Tool: armlink [4d0f33]

==============================================================================

Section Cross References

    main.o(.text) refers to init.o(.text) for All_Init
    main.o(.text) refers to scheduler.o(.text) for Duty_Loop
    main.o(.text) refers to main.o(.data) for Init_Finish
    stm32f4xx_it.o(.text) refers to time.o(.text) for sys_time
    stm32f4xx_it.o(.text) refers to pwm_in.o(.text) for _TIM3_IRQHandler
    stm32f4xx_it.o(.text) refers to usart.o(.text) for Usart2_IRQ
    stm32f4xx_it.o(.text) refers to time.o(.data) for sysTickUptime
    scheduler.o(.text) refers to time.o(.text) for Get_Cycle_T
    scheduler.o(.text) refers to data_transfer.o(.text) for ANO_DT_Data_Exchange
    scheduler.o(.text) refers to mpu6050.o(.text) for MPU6050_Read
    scheduler.o(.text) refers to ctrl.o(.text) for CTRL_1
    scheduler.o(.text) refers to rc.o(.text) for RC_Duty
    scheduler.o(.text) refers to imu.o(.text) for IMUupdate
    scheduler.o(.text) refers to ak8975.o(.text) for ANO_AK8975_Read
    scheduler.o(.text) refers to parameter.o(.text) for Parameter_Save
    scheduler.o(.text) refers to led.o(.text) for LED_Duty
    scheduler.o(.text) refers to ultrasonic.o(.text) for Ultra_Duty
    scheduler.o(.text) refers to scheduler.o(.bss) for loop
    scheduler.o(.text) refers to pwm_in.o(.bss) for Rc_Pwm_In
    scheduler.o(.text) refers to mpu6050.o(.bss) for mpu6050
    scheduler.o(.text) refers to imu.o(.data) for Yaw
    scheduler.o(.text) refers to time.o(.data) for time_1ms
    scheduler.o(.text) refers to scheduler.o(.data) for loop_cnt
    init.o(.text) refers to misc.o(.text) for NVIC_PriorityGroupConfig
    init.o(.text) refers to time.o(.text) for SysTick_Configuration
    init.o(.text) refers to i2c_soft.o(.text) for I2c_Soft_Init
    init.o(.text) refers to pwm_in.o(.text) for PWM_IN_Init
    init.o(.text) refers to pwm_out.o(.text) for PWM_Out_Init
    init.o(.text) refers to mpu6050.o(.text) for MPU6050_Init
    init.o(.text) refers to led.o(.text) for LED_Init
    init.o(.text) refers to usart.o(.text) for Usart2_Init
    init.o(.text) refers to parameter.o(.text) for Para_Init
    init.o(.text) refers to ultrasonic.o(.text) for Ultrasonic_Init
    init.o(.text) refers to ak8975.o(.text) for ANO_AK8975_Run
    init.o(.text) refers to ak8975.o(.data) for ak8975_ok
    init.o(.text) refers to mpu6050.o(.data) for mpu6050_ok
    parameter.o(.text) refers to ctrl.o(.text) for Ctrl_Para_Init
    parameter.o(.text) refers to height_ctrl.o(.text) for WZ_Speed_PID_Init
    parameter.o(.text) refers to mpu6050.o(.bss) for mpu6050
    parameter.o(.text) refers to parameter.o(.bss) for sensor_setup
    parameter.o(.text) refers to ak8975.o(.data) for ak8975
    parameter.o(.text) refers to ctrl.o(.bss) for ctrl_1
    parameter.o(.text) refers to data_transfer.o(.data) for flash_save_en_cnt
    parameter.o(.text) refers to rc.o(.data) for fly_ready
    ctrl.o(.text) refers to mymath.o(.text) for my_deathzoom
    ctrl.o(.text) refers to f2d.o(.text) for __aeabi_f2d
    ctrl.o(.text) refers to dmul.o(.text) for __aeabi_dmul
    ctrl.o(.text) refers to dadd.o(.text) for __aeabi_dadd
    ctrl.o(.text) refers to d2f.o(.text) for __aeabi_d2f
    ctrl.o(.text) refers to ctrl.o(.bss) for ctrl_1
    ctrl.o(.text) refers to rc.o(.bss) for CH_filter
    ctrl.o(.text) refers to ctrl.o(.data) for Thr_Low
    ctrl.o(.text) refers to imu.o(.data) for Yaw
    ctrl.o(.text) refers to rc.o(.data) for fly_ready
    ctrl.o(.text) refers to pwm_out.o(.text) for SetPwm
    ctrl.o(.text) refers to myctrl.o(.text) for take_off
    ctrl.o(.text) refers to height_ctrl.o(.text) for Height_Ctrl
    ctrl.o(.text) refers to height_ctrl.o(.data) for height_ctrl_out
    ctrl.o(.text) refers to mpu6050.o(.bss) for mpu6050
    imu.o(.text) refers to mymath.o(.text) for my_sqrt
    imu.o(.text) refers to filter.o(.text) for simple_3d_trans
    imu.o(.text) refers to ak8975.o(.data) for ak8975
    imu.o(.text) refers to imu.o(.data) for mag_norm_xyz
    imu.o(.text) refers to imu.o(.bss) for mag_tmp
    imu.o(.text) refers to f2d.o(.text) for __aeabi_f2d
    imu.o(.text) refers to asin.o(i.__hardfp_asin) for __hardfp_asin
    imu.o(.text) refers to dmul.o(.text) for __aeabi_dmul
    imu.o(.text) refers to d2f.o(.text) for __aeabi_d2f
    imu.o(.text) refers to rc.o(.data) for fly_ready
    mymath.o(.text) refers to cdcmple.o(.text) for __aeabi_cdcmple
    mymath.o(.text) refers to dmul.o(.text) for __aeabi_dmul
    mymath.o(.text) refers to dadd.o(.text) for __aeabi_dadd
    mymath.o(.text) refers to cdrcmple.o(.text) for __aeabi_cdrcmple
    mymath.o(.text) refers to dflti.o(.text) for __aeabi_i2d
    mymath.o(.text) refers to d2f.o(.text) for __aeabi_d2f
    mymath.o(.text) refers to mymath.o(.data) for fast_atan_table
    data_transfer.o(.text) refers to usart.o(.text) for Usart2_Send
    data_transfer.o(.text) refers to data_transfer.o(.bss) for data_to_send
[...]
    applications\\rc.c                       0x00000000   Number         0  rc.o ABSOLUTE
    applications\\scheduler.c                0x00000000   Number         0  scheduler.o ABSOLUTE
    applications\\stm32f4xx_it.c             0x00000000   Number         0  stm32f4xx_it.o ABSOLUTE
    applications\ctrl.c                      0x00000000   Number         0  ctrl.o ABSOLUTE
    applications\data_transfer.c             0x00000000   Number         0  data_transfer.o ABSOLUTE
    applications\filter.c                    0x00000000   Number         0  filter.o ABSOLUTE
    applications\height_ctrl.c               0x00000000   Number         0  height_ctrl.o ABSOLUTE
    applications\imu.c                       0x00000000   Number         0  imu.o ABSOLUTE
    applications\init.c                      0x00000000   Number         0  init.o ABSOLUTE
    applications\main.c                      0x00000000   Number         0  main.o ABSOLUTE
    applications\myctrl.c                    0x00000000   Number         0  myctrl.o ABSOLUTE
    applications\mymath.c                    0x00000000   Number         0  mymath.o ABSOLUTE
    applications\parameter.c                 0x00000000   Number         0  parameter.o ABSOLUTE
    applications\rc.c                        0x00000000   Number         0  rc.o ABSOLUTE
    applications\scheduler.c                 0x00000000   Number         0  scheduler.o ABSOLUTE
    applications\stm32f4xx_it.c              0x00000000   Number         0  stm32f4xx_it.o ABSOLUTE
    applications\version.c                   0x00000000   Number         0  version.o ABSOLUTE
    cdcmple.s                                0x00000000   Number         0  cdcmple.o ABSOLUTE
    cdrcmple.s                               0x00000000   Number         0  cdrcmple.o ABSOLUTE
    dc.s                                     0x00000000   Number         0  dc.o ABSOLUTE
    drivers\\ak8975.c                        0x00000000   Number         0  ak8975.o ABSOLUTE
    drivers\\i2c_soft.c                      0x00000000   Number         0  i2c_soft.o ABSOLUTE
    drivers\\led.c                           0x00000000   Number         0  led.o ABSOLUTE
    drivers\\mpu6050.c                       0x00000000   Number         0  mpu6050.o ABSOLUTE
    drivers\\pwm_in.c                        0x00000000   Number         0  pwm_in.o ABSOLUTE
    drivers\\pwm_out.c                       0x00000000   Number         0  pwm_out.o ABSOLUTE
    drivers\\time.c                          0x00000000   Number         0  time.o ABSOLUTE
    drivers\\ultrasonic.c                    0x00000000   Number         0  ultrasonic.o ABSOLUTE
    drivers\\usart.c                         0x00000000   Number         0  usart.o ABSOLUTE
    drivers\ak8975.c                         0x00000000   Number         0  ak8975.o ABSOLUTE
    drivers\i2c_soft.c                       0x00000000   Number         0  i2c_soft.o ABSOLUTE
    drivers\led.c                            0x00000000   Number         0  led.o ABSOLUTE
    drivers\mpu6050.c                        0x00000000   Number         0  mpu6050.o ABSOLUTE
    drivers\pwm_in.c                         0x00000000   Number         0  pwm_in.o ABSOLUTE
    drivers\pwm_out.c                        0x00000000   Number         0  pwm_out.o ABSOLUTE
    drivers\time.c                           0x00000000   Number         0  time.o ABSOLUTE
    drivers\ultrasonic.c                     0x00000000   Number         0  ultrasonic.o ABSOLUTE
    drivers\usart.c                          0x00000000   Number         0  usart.o ABSOLUTE
    handlers.s                               0x00000000   Number         0  handlers.o ABSOLUTE
    init.s                                   0x00000000   Number         0  init.o ABSOLUTE
    RESET                                    0x08000000   Section      392  startup_stm32f4xx.o(RESET)
    .ARM.Collect$$$$00000000                 0x08000188   Section        0  entry.o(.ARM.Collect$$$$00000000)
    .ARM.Collect$$$$00000001                 0x08000188   Section        4  entry2.o(.ARM.Collect$$$$00000001)
    .ARM.Collect$$$$00000004                 0x0800018c   Section        4  entry5.o(.ARM.Collect$$$$00000004)
    .ARM.Collect$$$$00000008                 0x08000190   Section        0  entry7b.o(.ARM.Collect$$$$00000008)
    .ARM.Collect$$$$0000000A                 0x08000190   Section        0  entry8b.o(.ARM.Collect$$$$0000000A)
    .ARM.Collect$$$$0000000B                 0x08000190   Section        8  entry9a.o(.ARM.Collect$$$$0000000B)
    .ARM.Collect$$$$0000000D                 0x08000198   Section        0  entry10a.o(.ARM.Collect$$$$0000000D)
    .ARM.Collect$$$$0000000F                 0x08000198   Section        0  entry11a.o(.ARM.Collect$$$$0000000F)
    .ARM.Collect$$$$00002712                 0x08000198   Section        4  entry2.o(.ARM.Collect$$$$00002712)
    __lit__00000000                          0x08000198   Data           4  entry2.o(.ARM.Collect$$$$00002712)
    .text                                    0x0800019c   Section        0  main.o(.text)
    .text                                    0x080001b4   Section        0  stm32f4xx_it.o(.text)
    .text                                    0x080001fc   Section        0  scheduler.o(.text)
    .text                                    0x0800042c   Section        0  init.o(.text)
    .text                                    0x080004a4   Section        0  parameter.o(.text)
    Param_SetSettingToFC                     0x080004a5   Thumb Code   186  parameter.o(.text)
    .text                                    0x080007ec   Section        0  ctrl.o(.text)
    .text                                    0x08001a34   Section        0  imu.o(.text)
    .text                                    0x0800230c   Section        0  mymath.o(.text)
    .text                                    0x08002874   Section        0  data_transfer.o(.text)
    ANO_DT_Send_Check                        0x08003ac9   Thumb Code    62  data_transfer.o(.text)
    .text                                    0x08004308   Section        0  rc.o(.text)
    .text                                    0x080048ac   Section        0  filter.o(.text)
    .text                                    0x08004b20   Section        0  height_ctrl.o(.text)
    .text                                    0x080056a4   Section        0  myctrl.o(.text)
    .text                                    0x08005738   Section        0  time.o(.text)
    .text                                    0x080059bc   Section        0  pwm_in.o(.text)
    .text                                    0x08006080   Section        0  pwm_out.o(.text)
    .text                                    0x08006400   Section        0  i2c_soft.o(.text)
    .text                                    0x080067a8   Section        0  mpu6050.o(.text)
    .text                                    0x08007024   Section        0  ak8975.o(.text)
    .text                                    0x0800747c   Section        0  led.o(.text)
    .text                                    0x08007500   Section        0  usart.o(.text)
    .text                                    0x0800782c   Section        0  ultrasonic.o(.text)
    .text                                    0x080078f0   Section        0  misc.o(.text)
    .text                                    0x08007adc   Section        0  stm32f4xx_gpio.o(.text)
    .text                                    0x080083f4   Section        0  stm32f4xx_rcc.o(.text)
    .text                                    0x08009170   Section        0  stm32f4xx_tim.o(.text)
    TI4_Config                               0x0800ae8d   Thumb Code   128  stm32f4xx_tim.o(.text)
    TI3_Config                               0x0800af6f   Thumb Code    72  stm32f4xx_tim.o(.text)
    TI2_Config                               0x0800b02d   Thumb Code    80  stm32f4xx_tim.o(.text)
    TI1_Config                               0x0800b103   Thumb Code    58  stm32f4xx_tim.o(.text)
    .text                                    0x0800c404   Section        0  stm32f4xx_usart.o(.text)
    .text                                    0x0800d2b8   Section        0  system_stm32f4xx.o(.text)
    SetSysClock                              0x0800d2b9   Thumb Code   220  system_stm32f4xx.o(.text)
    .text                                    0x0800d4c8   Section       36  startup_stm32f4xx.o(.text)
    $v0                                      0x0800d4c8   Number         0  startup_stm32f4xx.o(.text)
    .text                                    0x0800d4ec   Section        0  memseta.o(.text)
    .text                                    0x0800d510   Section        0  dadd.o(.text)
    .text                                    0x0800d65e   Section        0  dmul.o(.text)
    .text                                    0x0800d742   Section        0  dflti.o(.text)
    .text                                    0x0800d764   Section        0  f2d.o(.text)
    .text                                    0x0800d78c   Section       48  cdcmple.o(.text)
    .text                                    0x0800d7bc   Section       48  cdrcmple.o(.text)
    .text                                    0x0800d7ec   Section        0  d2f.o(.text)
    .text                                    0x0800d824   Section        0  llshl.o(.text)
    .text                                    0x0800d842   Section        0  llsshr.o(.text)
    .text                                    0x0800d866   Section        0  iusefp.o(.text)
    .text                                    0x0800d866   Section        0  fepilogue.o(.text)
    .text                                    0x0800d8d4   Section        0  depilogue.o(.text)
    .text                                    0x0800d98e   Section        0  ddiv.o(.text)
    .text                                    0x0800da6c   Section       36  init.o(.text)
    .text                                    0x0800da90   Section        0  llushr.o(.text)
    .text                                    0x0800dab0   Section        0  dsqrt.o(.text)
    .text                                    0x0800db52   Section        0  __dczerorl2.o(.text)
    i.__ARM_fpclassify                       0x0800dba8   Section        0  fpclassify.o(i.__ARM_fpclassify)
    i.__hardfp_asin                          0x0800dbd8   Section        0  asin.o(i.__hardfp_asin)
    i.__kernel_poly                          0x0800df38   Section        0  poly.o(i.__kernel_poly)
    i.__mathlib_dbl_infnan                   0x0800e030   Section        0  dunder.o(i.__mathlib_dbl_infnan)
    i.__mathlib_dbl_invalid                  0x0800e048   Section        0  dunder.o(i.__mathlib_dbl_invalid)
    i.__mathlib_dbl_underflow                0x0800e068   Section        0  dunder.o(i.__mathlib_dbl_underflow)
    i.__scatterload_copy                     0x0800e088   Section       14  handlers.o(i.__scatterload_copy)
    i.__scatterload_null                     0x0800e096   Section        2  handlers.o(i.__scatterload_null)
    i.__scatterload_zeroinit                 0x0800e098   Section       14  handlers.o(i.__scatterload_zeroinit)
    i.__set_errno                            0x0800e0a8   Section        0  errno.o(i.__set_errno)
    i.fabs                                   0x0800e0b4   Section        0  fabs.o(i.fabs)
    i.sqrt                                   0x0800e0cc   Section        0  sqrt.o(i.sqrt)
    .constdata                               0x0800e140   Section       80  asin.o(.constdata)
    pS                                       0x0800e140   Data          48  asin.o(.constdata)
    qS                                       0x0800e170   Data          32  asin.o(.constdata)
    .data                                    0x20000000   Section        1  main.o(.data)
    .data                                    0x20000002   Section        2  scheduler.o(.data)
    .data                                    0x20000004   Section       20  ctrl.o(.data)
    thr                                      0x20000010   Data           4  ctrl.o(.data)
    Thr_tmp                                  0x20000014   Data           4  ctrl.o(.data)
    .data                                    0x20000018   Section       56  imu.o(.data)
    yaw_correct                              0x20000048   Data           4  imu.o(.data)
    yaw_mag                                  0x2000004c   Data           4  imu.o(.data)
    .data                                    0x20000050   Section     1028  mymath.o(.data)
    .data                                    0x20000454   Section       15  data_transfer.o(.data)
    cnt                                      0x20000456   Data           1  data_transfer.o(.data)
    senser_cnt                               0x20000457   Data           1  data_transfer.o(.data)
    senser2_cnt                              0x20000458   Data           1  data_transfer.o(.data)
    user_cnt                                 0x20000459   Data           1  data_transfer.o(.data)
    status_cnt                               0x2000045a   Data           1  data_transfer.o(.data)
    rcdata_cnt                               0x2000045b   Data           1  data_transfer.o(.data)
    motopwm_cnt                              0x2000045c   Data           1  data_transfer.o(.data)
    power_cnt                                0x2000045d   Data           1  data_transfer.o(.data)
    speed_cnt                                0x2000045e   Data           1  data_transfer.o(.data)
    location_cnt                             0x2000045f   Data           1  data_transfer.o(.data)
    _data_len                                0x20000460   Data           1  data_transfer.o(.data)
    _data_cnt                                0x20000461   Data           1  data_transfer.o(.data)
    state                                    0x20000462   Data           1  data_transfer.o(.data)
    .data                                    0x20000464   Section       70  rc.o(.data)
    .data                                    0x200004ac   Section       20  filter.o(.data)
    pn                                       0x200004b6   Data           1  filter.o(.data)
    h_tmp_x                                  0x200004b8   Data           4  filter.o(.data)
    h_tmp_y                                  0x200004bc   Data           4  filter.o(.data)
    .data                                    0x200004c0   Section       68  height_ctrl.o(.data)
    wz_speed_t                               0x200004e8   Data           4  height_ctrl.o(.data)
    height_ctrl_start_f                      0x200004ec   Data           1  height_ctrl.o(.data)
    hc_start_delay                           0x200004ee   Data           2  height_ctrl.o(.data)
    hs_ctrl_cnt                              0x200004f0   Data           1  height_ctrl.o(.data)
    thr_lpf                                  0x200004f4   Data           4  height_ctrl.o(.data)
    hc_acc_i                                 0x200004f8   Data           4  height_ctrl.o(.data)
    wz_speed_0                               0x200004fc   Data           4  height_ctrl.o(.data)
    wz_speed_1                               0x20000500   Data           4  height_ctrl.o(.data)
    .data                                    0x20000504   Section       20  time.o(.data)
    .data                                    0x20000518   Section       32  pwm_in.o(.data)
    temp_cnt1                                0x20000518   Data           2  pwm_in.o(.data)
    temp_cnt1_2                              0x2000051a   Data           2  pwm_in.o(.data)
    temp_cnt2                                0x2000051c   Data           2  pwm_in.o(.data)
    temp_cnt2_2                              0x2000051e   Data           2  pwm_in.o(.data)
    temp_cnt3                                0x20000520   Data           2  pwm_in.o(.data)
    temp_cnt3_2                              0x20000522   Data           2  pwm_in.o(.data)
    temp_cnt4                                0x20000524   Data           2  pwm_in.o(.data)
    temp_cnt4_2                              0x20000526   Data           2  pwm_in.o(.data)
    temp_cnt1                                0x20000528   Data           2  pwm_in.o(.data)
    temp_cnt1_2                              0x2000052a   Data           2  pwm_in.o(.data)
    temp_cnt2                                0x2000052c   Data           2  pwm_in.o(.data)
    temp_cnt2_2                              0x2000052e   Data           2  pwm_in.o(.data)
    temp_cnt3                                0x20000530   Data           2  pwm_in.o(.data)
    temp_cnt3_2                              0x20000532   Data           2  pwm_in.o(.data)
    temp_cnt4                                0x20000534   Data           2  pwm_in.o(.data)
    temp_cnt4_2                              0x20000536   Data           2  pwm_in.o(.data)
    .data                                    0x20000538   Section        4  pwm_out.o(.data)
    .data                                    0x2000053c   Section        1  i2c_soft.o(.data)
    .data                                    0x20000540   Section       28  mpu6050.o(.data)
    .data                                    0x2000055c   Section       74  ak8975.o(.data)
    MagMAX                                   0x2000058c   Data          12  ak8975.o(.data)
    MagMIN                                   0x20000598   Data          12  ak8975.o(.data)
    cnt_m                                    0x200005a4   Data           2  ak8975.o(.data)
    .data                                    0x200005a6   Section        1  led.o(.data)
    .data                                    0x200005a7   Section        4  usart.o(.data)
    .data                                    0x200005ac   Section       11  ultrasonic.o(.data)
    ultra_tmp                                0x200005b6   Data           1  ultrasonic.o(.data)
    .data                                    0x200005b7   Section       16  stm32f4xx_rcc.o(.data)
    APBAHBPrescTable                         0x200005b7   Data          16  stm32f4xx_rcc.o(.data)
    .data                                    0x200005c8   Section       20  system_stm32f4xx.o(.data)
    .data                                    0x200005dc   Section        4  errno.o(.data)
    _errno                                   0x200005dc   Data           4  errno.o(.data)
    .bss                                     0x200005e0   Section       36  scheduler.o(.bss)
    .bss                                     0x20000604   Section      256  parameter.o(.bss)
    .bss                                     0x20000704   Section      516  ctrl.o(.bss)
    .bss                                     0x20000908   Section       96  imu.o(.bss)
    mag_tmp                                  0x2000095c   Data          12  imu.o(.bss)
    .bss                                     0x20000968   Section      134  data_transfer.o(.bss)
    RxBuffer                                 0x200009bc   Data          50  data_transfer.o(.bss)
    .bss                                     0x200009f0   Section      176  rc.o(.bss)
    Mapped_CH                                0x20000a90   Data          16  rc.o(.bss)
    .bss                                     0x20000aa0   Section       88  filter.o(.bss)
    .bss                                     0x20000af8   Section       96  height_ctrl.o(.bss)
    .bss                                     0x20000b58   Section       60  time.o(.bss)
    .bss                                     0x20000b94   Section       16  pwm_in.o(.bss)
    .bss                                     0x20000ba4   Section      384  mpu6050.o(.bss)
    .bss                                     0x20000d24   Section       12  ak8975.o(.bss)
    MagSum                                   0x20000d24   Data          12  ak8975.o(.bss)
    .bss                                     0x20000d30   Section      768  usart.o(.bss)
    STACK                                    0x20001030   Section     2048  startup_stm32f4xx.o(STACK)

    Global Symbols

    Symbol Name                              Value     Ov Type        Size  Object(Section)

    BuildAttributes$$THM_ISAv4$E$P$D$K$B$S$7EM$VFPi3$EXTD16$VFPS$VFMA$PE$A:L22UL41UL21$X:L11$S22US41US21$IEEE1$IW$USESV6$~STKCKD$USESV7$~SHL$OTIME$ROPI$IEEEX$EBA8$MICROLIB$REQ8$PRES8$EABIv2 0x00000000   Number         0  anon$$obj.o ABSOLUTE
    __ARM_use_no_argv                        0x00000000   Number         0  main.o ABSOLUTE
    __cpp_initialize__aeabi_                  - Undefined Weak Reference
    __cxa_finalize                            - Undefined Weak Reference
    _clock_init                               - Undefined Weak Reference
    _microlib_exit                            - Undefined Weak Reference
    __Vectors_Size                           0x00000188   Number         0  startup_stm32f4xx.o ABSOLUTE
    __Vectors                                0x08000000   Data           4  startup_stm32f4xx.o(RESET)
    __Vectors_End                            0x08000188   Data           0  startup_stm32f4xx.o(RESET)
    __main                                   0x08000189   Thumb Code     0  entry.o(.ARM.Collect$$$$00000000)
    _main_stk                                0x08000189   Thumb Code     0  entry2.o(.ARM.Collect$$$$00000001)
    _main_scatterload                        0x0800018d   Thumb Code     0  entry5.o(.ARM.Collect$$$$00000004)
    __main_after_scatterload                 0x08000191   Thumb Code     0  entry5.o(.ARM.Collect$$$$00000004)
    _main_clock                              0x08000191   Thumb Code     0  entry7b.o(.ARM.Collect$$$$00000008)
    _main_cpp_init                           0x08000191   Thumb Code     0  entry8b.o(.ARM.Collect$$$$0000000A)
    _main_init                               0x08000191   Thumb Code     0  entry9a.o(.ARM.Collect$$$$0000000B)
    __rt_final_cpp                           0x08000199   Thumb Code     0  entry10a.o(.ARM.Collect$$$$0000000D)
    __rt_final_exit                          0x08000199   Thumb Code     0  entry11a.o(.ARM.Collect$$$$0000000F)
    assert_failed                            0x0800019d   Thumb Code     4  main.o(.text)
    main                                     0x080001a1   Thumb Code    16  main.o(.text)
    NMI_Handler                              0x080001b5   Thumb Code     2  stm32f4xx_it.o(.text)
    MemManage_Handler                        0x080001b7   Thumb Code     4  stm32f4xx_it.o(.text)
    BusFault_Handler                         0x080001bb   Thumb Code     4  stm32f4xx_it.o(.text)
    UsageFault_Handler                       0x080001bf   Thumb Code     4  stm32f4xx_it.o(.text)
    SVC_Handler                              0x080001c3   Thumb Code     2  stm32f4xx_it.o(.text)
    DebugMon_Handler                         0x080001c5   Thumb Code     2  stm32f4xx_it.o(.text)
    SysTick_Handler                          0x080001c7   Thumb Code    18  stm32f4xx_it.o(.text)
    TIM3_IRQHandler                          0x080001d9   Thumb Code     8  stm32f4xx_it.o(.text)
    TIM4_IRQHandler                          0x080001e1   Thumb Code     8  stm32f4xx_it.o(.text)
    USART2_IRQHandler                        0x080001e9   Thumb Code     8  stm32f4xx_it.o(.text)
    UART5_IRQHandler                         0x080001f1   Thumb Code     8  stm32f4xx_it.o(.text)
    Loop_check                               0x080001fd   Thumb Code    86  scheduler.o(.text)
    Duty_1ms                                 0x08000253   Thumb Code    14  scheduler.o(.text)
    Duty_2ms                                 0x08000261   Thumb Code   104  scheduler.o(.text)
    Duty_5ms                                 0x080002c9   Thumb Code   154  scheduler.o(.text)
    Duty_10ms                                0x08000363   Thumb Code     8  scheduler.o(.text)
    Duty_20ms                                0x0800036b   Thumb Code     8  scheduler.o(.text)
    Duty_50ms                                0x08000373   Thumb Code    12  scheduler.o(.text)
    Duty_Loop                                0x0800037f   Thumb Code   132  scheduler.o(.text)
    All_Init                                 0x0800042d   Thumb Code   110  init.o(.text)
    PID_Para_Init                            0x0800055f   Thumb Code    16  parameter.o(.text)
    Para_ResetToFactorySetup                 0x0800056f   Thumb Code   278  parameter.o(.text)
    Para_Init                                0x08000685   Thumb Code    16  parameter.o(.text)
    Param_SaveAccelOffset                    0x08000695   Thumb Code    34  parameter.o(.text)
    Param_SaveGyroOffset                     0x080006b7   Thumb Code    36  parameter.o(.text)
    Param_SaveMagOffset                      0x080006db   Thumb Code    24  parameter.o(.text)
    Param_Save_3d_offset                     0x080006f3   Thumb Code    24  parameter.o(.text)
    Param_SavePID                            0x0800070b   Thumb Code   120  parameter.o(.text)
    Parameter_Save                           0x08000783   Thumb Code    44  parameter.o(.text)
    Ctrl_Para_Init                           0x080007ed   Thumb Code    36  ctrl.o(.text)
    CTRL_2                                   0x08000811   Thumb Code  1500  ctrl.o(.text)
    All_Out                                  0x08000ded   Thumb Code   958  ctrl.o(.text)
    Thr_Ctrl                                 0x080011ab   Thumb Code   290  ctrl.o(.text)
    CTRL_1                                   0x080012cd   Thumb Code  1876  ctrl.o(.text)
    IMUupdate                                0x08001a35   Thumb Code  2258  imu.o(.text)
    my_abs                                   0x0800230d   Thumb Code    26  mymath.o(.text)
    fast_atan2                               0x08002327   Thumb Code   350  mymath.o(.text)
    my_atan                                  0x08002485   Thumb Code    24  mymath.o(.text)
    my_pow                                   0x0800249d   Thumb Code    10  mymath.o(.text)
    my_sqrt                                  0x080024a7   Thumb Code    88  mymath.o(.text)
    mx_sin                                   0x080024ff   Thumb Code   292  mymath.o(.text)
    my_sin                                   0x08002623   Thumb Code   108  mymath.o(.text)
    my_cos                                   0x0800268f   Thumb Code   136  mymath.o(.text)
    my_deathzoom                             0x08002717   Thumb Code   158  mymath.o(.text)
    my_deathzoom_2                           0x080027b5   Thumb Code    40  mymath.o(.text)
    To_180_degrees                           0x080027dd   Thumb Code    58  mymath.o(.text)
    my_pow_2_curve                           0x08002817   Thumb Code    80  mymath.o(.text)
    ANO_DT_Send_Data                         0x08002875   Thumb Code    16  data_transfer.o(.text)
    ANO_DT_Send_Location                     0x08002885   Thumb Code   290  data_transfer.o(.text)
    ANO_DT_Send_PID                          0x080029a7   Thumb Code   562  data_transfer.o(.text)
    ANO_DT_Send_Power                        0x08002bd9   Thumb Code   148  data_transfer.o(.text)
    ANO_DT_Send_MotoPWM                      0x08002c6d   Thumb Code   294  data_transfer.o(.text)
    ANO_DT_Send_RCData                       0x08002d93   Thumb Code   350  data_transfer.o(.text)
    ANO_DT_Send_Senser2                      0x08002ef1   Thumb Code   154  data_transfer.o(.text)
    ANO_DT_Send_Senser                       0x08002f8b   Thumb Code   412  data_transfer.o(.text)
    ANO_DT_Send_User                         0x08003127   Thumb Code   262  data_transfer.o(.text)
    ANO_DT_Send_Speed                        0x0800322d   Thumb Code   242  data_transfer.o(.text)
    ANO_DT_Send_Status                       0x0800331f   Thumb Code   386  data_transfer.o(.text)
    ANO_DT_Send_Version                      0x080034a1   Thumb Code   192  data_transfer.o(.text)
    ANO_DT_Data_Exchange                     0x08003561   Thumb Code  1384  data_transfer.o(.text)
    ANO_DT_Data_Receive_Anl                  0x08003b07   Thumb Code  1808  data_transfer.o(.text)
    ANO_DT_Data_Receive_Prepare              0x08004217   Thumb Code   216  data_transfer.o(.text)
    CH_Mapping_Fun                           0x08004309   Thumb Code    28  rc.o(.text)
    Fly_Ready                                0x08004325   Thumb Code   238  rc.o(.text)
    RC_Duty                                  0x08004413   Thumb Code  1126  rc.o(.text)
    Feed_Rc_Dog                              0x08004879   Thumb Code    12  rc.o(.text)
    Mode                                     0x08004885   Thumb Code     2  rc.o(.text)
    Moving_Average                           0x080048ad   Thumb Code    94  filter.o(.text)
    Moving_Median                            0x0800490b   Thumb Code   236  filter.o(.text)
    simple_3d_trans                          0x080049f7   Thumb Code   272  filter.o(.text)
    Ultra_Ctrl                               0x08004b21   Thumb Code  1402  height_ctrl.o(.text)
    height_speed_ctrl                        0x0800509b   Thumb Code   948  height_ctrl.o(.text)
    Height_Ctrl                              0x0800544f   Thumb Code   400  height_ctrl.o(.text)
    Ultra_PID_Init                           0x080055df   Thumb Code    28  height_ctrl.o(.text)
    WZ_Speed_PID_Init                        0x080055fb   Thumb Code    62  height_ctrl.o(.text)
    take_off                                 0x080056a5   Thumb Code    40  myctrl.o(.text)
    land                                     0x080056cd   Thumb Code    92  myctrl.o(.text)
    TIM_CONF                                 0x08005739   Thumb Code    86  time.o(.text)
    TIM_NVIC                                 0x0800578f   Thumb Code    34  time.o(.text)
    TIM_INIT                                 0x080057b1   Thumb Code    20  time.o(.text)
    SysTick_Configuration                    0x080057c5   Thumb Code   100  time.o(.text)
    GetSysTime_us                            0x08005829   Thumb Code    48  time.o(.text)
    Delay_us                                 0x08005859   Thumb Code    24  time.o(.text)
    Delay_ms                                 0x08005871   Thumb Code    24  time.o(.text)
    sys_time                                 0x08005889   Thumb Code   126  time.o(.text)
    Get_Cycle_T                              0x08005907   Thumb Code   118  time.o(.text)
    Cycle_Time_Init                          0x0800597d   Thumb Code    22  time.o(.text)
    PWM_IN_Init                              0x080059bd   Thumb Code   698  pwm_in.o(.text)
    _TIM3_IRQHandler                         0x08005c77   Thumb Code   526  pwm_in.o(.text)
    _TIM4_IRQHandler                         0x08005e85   Thumb Code   450  pwm_in.o(.text)
    PWM_Out_Init                             0x08006081   Thumb Code   706  pwm_out.o(.text)
    CH_out_Mapping_Fun                       0x08006343   Thumb Code    28  pwm_out.o(.text)
    SetPwm                                   0x0800635f   Thumb Code   124  pwm_out.o(.text)
    I2c_Soft_delay                           0x08006401   Thumb Code    42  i2c_soft.o(.text)
    I2c_Soft_Init                            0x0800642b   Thumb Code    46  i2c_soft.o(.text)
    I2c_Soft_Start                           0x08006459   Thumb Code    86  i2c_soft.o(.text)
    I2c_Soft_Stop                            0x080064af   Thumb Code    52  i2c_soft.o(.text)
    I2c_Soft_Ask                             0x080064e3   Thumb Code    52  i2c_soft.o(.text)
    I2c_Soft_NoAsk                           0x08006517   Thumb Code    52  i2c_soft.o(.text)
    I2c_Soft_WaitAsk                         0x0800654b   Thumb Code    88  i2c_soft.o(.text)
    I2c_Soft_SendByte                        0x080065a3   Thumb Code    84  i2c_soft.o(.text)
    I2c_Soft_ReadByte                        0x080065f7   Thumb Code    96  i2c_soft.o(.text)
    IIC_Write_1Byte                          0x08006657   Thumb Code    62  i2c_soft.o(.text)
    IIC_Read_1Byte                           0x08006695   Thumb Code    80  i2c_soft.o(.text)
    IIC_Write_nByte                          0x080066e5   Thumb Code    78  i2c_soft.o(.text)
    IIC_Read_nByte                           0x08006733   Thumb Code   108  i2c_soft.o(.text)
    MPU6050_Read                             0x080067a9   Thumb Code    22  mpu6050.o(.text)
    IICwriteBit                              0x080067bf   Thumb Code    78  mpu6050.o(.text)
    IICwriteBits                             0x0800680d   Thumb Code   102  mpu6050.o(.text)
    MPU6050_set_SMPLRT_DIV                   0x08006873   Thumb Code    28  mpu6050.o(.text)
    MPU6050_setClockSource                   0x0800688f   Thumb Code    20  mpu6050.o(.text)
    MPU6050_setFullScaleGyroRange            0x080068a3   Thumb Code    36  mpu6050.o(.text)
    MPU6050_setFullScaleAccelRange           0x080068c7   Thumb Code    36  mpu6050.o(.text)
    MPU6050_setSleepEnabled                  0x080068eb   Thumb Code    18  mpu6050.o(.text)
    MPU6050_setI2CMasterModeEnabled          0x080068fd   Thumb Code    18  mpu6050.o(.text)
    MPU6050_setI2CBypassEnabled              0x0800690f   Thumb Code    18  mpu6050.o(.text)
    MPU6050_setDLPF                          0x08006921   Thumb Code    20  mpu6050.o(.text)
    MPU6050_INT_Config                       0x08006935   Thumb Code    56  mpu6050.o(.text)
    MPU6050_Init                             0x0800696d   Thumb Code   184  mpu6050.o(.text)
    MPU6050_Data_Offset                      0x08006a25   Thumb Code   482  mpu6050.o(.text)
    Transform                                0x08006c07   Thumb Code    14  mpu6050.o(.text)
    MPU6050_Data_Prepare                     0x08006c15   Thumb Code  1040  mpu6050.o(.text)
    ANO_AK8975_Run                           0x08007025   Thumb Code    22  ak8975.o(.text)
    XYZ_STRUCT_COPY                          0x0800703b   Thumb Code    40  ak8975.o(.text)
    ANO_AK8975_CalOffset_Mag                 0x08007063   Thumb Code   750  ak8975.o(.text)
    ANO_AK8975_Read_Mag_Data                 0x08007351   Thumb Code   272  ak8975.o(.text)
    ANO_AK8975_Get_Mag                       0x08007461   Thumb Code    16  ak8975.o(.text)
    ANO_AK8975_Read                          0x08007471   Thumb Code     8  ak8975.o(.text)
    LED_Init                                 0x0800747d   Thumb Code    50  led.o(.text)
    LED_Duty                                 0x080074af   Thumb Code    44  led.o(.text)
    LED_MPU_Err                              0x080074db   Thumb Code    14  led.o(.text)
    LED_Mag_Err                              0x080074e9   Thumb Code    14  led.o(.text)
    Usart2_Init                              0x08007501   Thumb Code   230  usart.o(.text)
    Usart2_IRQ                               0x080075e7   Thumb Code   120  usart.o(.text)
    Usart2_Send                              0x0800765f   Thumb Code    62  usart.o(.text)
    Uart5_Init                               0x0800769d   Thumb Code   206  usart.o(.text)
    Uart5_IRQ                                0x0800776b   Thumb Code    94  usart.o(.text)
    Uart5_Send                               0x080077c9   Thumb Code    60  usart.o(.text)
    Ultrasonic_Init                          0x0800782d   Thumb Code    12  ultrasonic.o(.text)
    Ultra_Duty                               0x08007839   Thumb Code    56  ultrasonic.o(.text)
    Ultra_Get                                0x08007871   Thumb Code    98  ultrasonic.o(.text)
    NVIC_PriorityGroupConfig                 0x080078f1   Thumb Code    54  misc.o(.text)
    NVIC_Init                                0x08007927   Thumb Code   164  misc.o(.text)
    NVIC_SetVectorTable                      0x080079cb   Thumb Code    60  misc.o(.text)
    NVIC_SystemLPConfig                      0x08007a07   Thumb Code    78  misc.o(.text)
    SysTick_CLKSourceConfig                  0x08007a55   Thumb Code    62  misc.o(.text)
    GPIO_DeInit                              0x08007add   Thumb Code   284  stm32f4xx_gpio.o(.text)
    GPIO_Init                                0x08007bf9   Thumb Code   342  stm32f4xx_gpio.o(.text)
    GPIO_StructInit                          0x08007d4f   Thumb Code    18  stm32f4xx_gpio.o(.text)
    GPIO_PinLockConfig                       0x08007d61   Thumb Code   122  stm32f4xx_gpio.o(.text)
    GPIO_ReadInputDataBit                    0x08007ddb   Thumb Code   182  stm32f4xx_gpio.o(.text)
    GPIO_ReadInputData                       0x08007e91   Thumb Code   174  stm32f4xx_gpio.o(.text)
    GPIO_ReadOutputDataBit                   0x08007f3f   Thumb Code   186  stm32f4xx_gpio.o(.text)
    GPIO_ReadOutputData                      0x08007ff9   Thumb Code    78  stm32f4xx_gpio.o(.text)
    GPIO_SetBits                             0x08008047   Thumb Code    98  stm32f4xx_gpio.o(.text)
    GPIO_ResetBits                           0x080080a9   Thumb Code    98  stm32f4xx_gpio.o(.text)
    GPIO_WriteBit                            0x0800810b   Thumb Code   200  stm32f4xx_gpio.o(.text)
    GPIO_Write                               0x080081d3   Thumb Code    78  stm32f4xx_gpio.o(.text)
    GPIO_ToggleBits                          0x08008221   Thumb Code    82  stm32f4xx_gpio.o(.text)
    GPIO_PinAFConfig                         0x08008273   Thumb Code   384  stm32f4xx_gpio.o(.text)
    RCC_DeInit                               0x080083f5   Thumb Code    60  stm32f4xx_rcc.o(.text)
    RCC_HSEConfig                            0x08008431   Thumb Code    38  stm32f4xx_rcc.o(.text)
    RCC_GetFlagStatus                        0x08008457   Thumb Code   130  stm32f4xx_rcc.o(.text)
    RCC_WaitForHSEStartUp                    0x080084d9   Thumb Code    56  stm32f4xx_rcc.o(.text)
    RCC_AdjustHSICalibrationValue            0x08008511   Thumb Code    38  stm32f4xx_rcc.o(.text)
    RCC_HSICmd                               0x08008537   Thumb Code    28  stm32f4xx_rcc.o(.text)
    RCC_LSEConfig                            0x08008553   Thumb Code    72  stm32f4xx_rcc.o(.text)
    RCC_LSICmd                               0x0800859b   Thumb Code    28  stm32f4xx_rcc.o(.text)
    RCC_PLLConfig                            0x080085b7   Thumb Code   156  stm32f4xx_rcc.o(.text)
    RCC_PLLCmd                               0x08008653   Thumb Code    28  stm32f4xx_rcc.o(.text)
    RCC_PLLI2SConfig                         0x0800866f   Thumb Code    62  stm32f4xx_rcc.o(.text)
    RCC_PLLI2SCmd                            0x080086ad   Thumb Code    28  stm32f4xx_rcc.o(.text)
    RCC_ClockSecuritySystemCmd               0x080086c9   Thumb Code    28  stm32f4xx_rcc.o(.text)
    RCC_MCO1Config                           0x080086e5   Thumb Code   102  stm32f4xx_rcc.o(.text)
    RCC_MCO2Config                           0x0800874b   Thumb Code   102  stm32f4xx_rcc.o(.text)
    RCC_SYSCLKConfig                         0x080087b1   Thumb Code   124  stm32f4xx_rcc.o(.text)
    RCC_GetSYSCLKSource                      0x0800882d   Thumb Code    10  stm32f4xx_rcc.o(.text)
    RCC_HCLKConfig                           0x08008837   Thumb Code    68  stm32f4xx_rcc.o(.text)
    RCC_PCLK1Config                          0x0800887b   Thumb Code    60  stm32f4xx_rcc.o(.text)
    RCC_PCLK2Config                          0x080088b7   Thumb Code    62  stm32f4xx_rcc.o(.text)
    RCC_GetClocksFreq                        0x080088f5   Thumb Code   214  stm32f4xx_rcc.o(.text)
    RCC_RTCCLKConfig                         0x080089cb   Thumb Code   262  stm32f4xx_rcc.o(.text)
    RCC_RTCCLKCmd                            0x08008ad1   Thumb Code    30  stm32f4xx_rcc.o(.text)
    RCC_BackupResetCmd                       0x08008aef   Thumb Code    32  stm32f4xx_rcc.o(.text)
    RCC_I2SCLKConfig                         0x08008b0f   Thumb Code    30  stm32f4xx_rcc.o(.text)
    RCC_AHB1PeriphClockCmd                   0x08008b2d   Thumb Code    82  stm32f4xx_rcc.o(.text)
    RCC_AHB2PeriphClockCmd                   0x08008b7f   Thumb Code    82  stm32f4xx_rcc.o(.text)
    RCC_AHB3PeriphClockCmd                   0x08008bd1   Thumb Code   232  stm32f4xx_rcc.o(.text)
    RCC_APB1PeriphClockCmd                   0x08008cb9   Thumb Code    82  stm32f4xx_rcc.o(.text)
    RCC_APB2PeriphClockCmd                   0x08008d0b   Thumb Code    82  stm32f4xx_rcc.o(.text)
    RCC_AHB1PeriphResetCmd                   0x08008d5d   Thumb Code    82  stm32f4xx_rcc.o(.text)
    RCC_AHB2PeriphResetCmd                   0x08008daf   Thumb Code    82  stm32f4xx_rcc.o(.text)
    RCC_AHB3PeriphResetCmd                   0x08008e01   Thumb Code    82  stm32f4xx_rcc.o(.text)
    RCC_APB1PeriphResetCmd                   0x08008e53   Thumb Code    82  stm32f4xx_rcc.o(.text)
    RCC_APB2PeriphResetCmd                   0x08008ea5   Thumb Code    82  stm32f4xx_rcc.o(.text)
    RCC_AHB1PeriphClockLPModeCmd             0x08008ef7   Thumb Code    82  stm32f4xx_rcc.o(.text)
    RCC_AHB2PeriphClockLPModeCmd             0x08008f49   Thumb Code    82  stm32f4xx_rcc.o(.text)
    RCC_AHB3PeriphClockLPModeCmd             0x08008f9b   Thumb Code    82  stm32f4xx_rcc.o(.text)
    RCC_APB1PeriphClockLPModeCmd             0x08008fed   Thumb Code    82  stm32f4xx_rcc.o(.text)
    RCC_APB2PeriphClockLPModeCmd             0x0800903f   Thumb Code   106  stm32f4xx_rcc.o(.text)
    RCC_ITConfig                             0x080090a9   Thumb Code    74  stm32f4xx_rcc.o(.text)
    RCC_ClearFlag                            0x080090f3   Thumb Code    18  stm32f4xx_rcc.o(.text)
    RCC_GetITStatus                          0x08009105   Thumb Code    68  stm32f4xx_rcc.o(.text)
    RCC_ClearITPendingBit                    0x08009149   Thumb Code    34  stm32f4xx_rcc.o(.text)
    TIM_DeInit                               0x08009171   Thumb Code   440  stm32f4xx_tim.o(.text)
    TIM_TimeBaseInit                         0x08009329   Thumb Code   278  stm32f4xx_tim.o(.text)
    TIM_TimeBaseStructInit                   0x0800943f   Thumb Code    18  stm32f4xx_tim.o(.text)
    TIM_PrescalerConfig                      0x08009451   Thumb Code   128  stm32f4xx_tim.o(.text)
    TIM_CounterModeConfig                    0x080094d1   Thumb Code   100  stm32f4xx_tim.o(.text)
    TIM_SetCounter                           0x08009535   Thumb Code   222  stm32f4xx_tim.o(.text)
    TIM_SetAutoreload                        0x08009613   Thumb Code   108  stm32f4xx_tim.o(.text)
    TIM_GetCounter                           0x0800967f   Thumb Code   106  stm32f4xx_tim.o(.text)
    TIM_GetPrescaler                         0x080096e9   Thumb Code   106  stm32f4xx_tim.o(.text)
    TIM_UpdateDisableConfig                  0x08009753   Thumb Code   148  stm32f4xx_tim.o(.text)
    TIM_UpdateRequestConfig                  0x080097e7   Thumb Code   148  stm32f4xx_tim.o(.text)
    TIM_ARRPreloadConfig                     0x0800987b   Thumb Code   148  stm32f4xx_tim.o(.text)
    TIM_SelectOnePulseMode                   0x0800990f   Thumb Code   142  stm32f4xx_tim.o(.text)
    TIM_SetClockDivision                     0x0800999d   Thumb Code   192  stm32f4xx_tim.o(.text)
    TIM_Cmd                                  0x08009a5d   Thumb Code   148  stm32f4xx_tim.o(.text)
    TIM_OC1Init                              0x08009af1   Thumb Code   416  stm32f4xx_tim.o(.text)
    TIM_OC2Init                              0x08009c91   Thumb Code   486  stm32f4xx_tim.o(.text)
    TIM_OC3Init                              0x08009e77   Thumb Code   416  stm32f4xx_tim.o(.text)
    TIM_OC4Init                              0x0800a017   Thumb Code   300  stm32f4xx_tim.o(.text)
    TIM_OCStructInit                         0x0800a143   Thumb Code    20  stm32f4xx_tim.o(.text)
    TIM_SelectOCxM                           0x0800a157   Thumb Code   256  stm32f4xx_tim.o(.text)
    TIM_SetCompare1                          0x0800a257   Thumb Code   142  stm32f4xx_tim.o(.text)
    TIM_SetCompare2                          0x0800a2e5   Thumb Code    72  stm32f4xx_tim.o(.text)
    TIM_SetCompare3                          0x0800a32d   Thumb Code    60  stm32f4xx_tim.o(.text)
    TIM_SetCompare4                          0x0800a369   Thumb Code    60  stm32f4xx_tim.o(.text)
    TIM_ForcedOC1Config                      0x0800a3a5   Thumb Code   130  stm32f4xx_tim.o(.text)
    TIM_ForcedOC2Config                      0x0800a427   Thumb Code   114  stm32f4xx_tim.o(.text)
    TIM_ForcedOC3Config                      0x0800a499   Thumb Code    94  stm32f4xx_tim.o(.text)
    TIM_ForcedOC4Config                      0x0800a4f7   Thumb Code   102  stm32f4xx_tim.o(.text)
    TIM_OC1PreloadConfig                     0x0800a55d   Thumb Code   124  stm32f4xx_tim.o(.text)
    TIM_OC2PreloadConfig                     0x0800a5d9   Thumb Code   108  stm32f4xx_tim.o(.text)
    TIM_OC3PreloadConfig                     0x0800a645   Thumb Code   136  stm32f4xx_tim.o(.text)
    TIM_OC4PreloadConfig                     0x0800a6cd   Thumb Code    96  stm32f4xx_tim.o(.text)
    TIM_OC1FastConfig                        0x0800a72d   Thumb Code   124  stm32f4xx_tim.o(.text)
    TIM_OC2FastConfig                        0x0800a7a9   Thumb Code   108  stm32f4xx_tim.o(.text)
    TIM_OC3FastConfig                        0x0800a815   Thumb Code    88  stm32f4xx_tim.o(.text)
    TIM_OC4FastConfig                        0x0800a86d   Thumb Code    96  stm32f4xx_tim.o(.text)
    TIM_ClearOC1Ref                          0x0800a8cd   Thumb Code   124  stm32f4xx_tim.o(.text)
    TIM_ClearOC2Ref                          0x0800a949   Thumb Code   106  stm32f4xx_tim.o(.text)
    TIM_ClearOC3Ref                          0x0800a9b3   Thumb Code    88  stm32f4xx_tim.o(.text)
    TIM_ClearOC4Ref                          0x0800aa0b   Thumb Code    94  stm32f4xx_tim.o(.text)
    TIM_OC1PolarityConfig                    0x0800aa69   Thumb Code   174  stm32f4xx_tim.o(.text)
    TIM_OC1NPolarityConfig                   0x0800ab17   Thumb Code    64  stm32f4xx_tim.o(.text)
    TIM_OC2PolarityConfig                    0x0800ab57   Thumb Code   108  stm32f4xx_tim.o(.text)
    TIM_OC2NPolarityConfig                   0x0800abc3   Thumb Code    72  stm32f4xx_tim.o(.text)
    TIM_OC3PolarityConfig                    0x0800ac0b   Thumb Code    96  stm32f4xx_tim.o(.text)
    TIM_OC3NPolarityConfig                   0x0800ac6b   Thumb Code    72  stm32f4xx_tim.o(.text)
    TIM_OC4PolarityConfig                    0x0800acb3   Thumb Code    96  stm32f4xx_tim.o(.text)
    TIM_CCxCmd                               0x0800ad13   Thumb Code   168  stm32f4xx_tim.o(.text)
    TIM_CCxNCmd                              0x0800adbb   Thumb Code   104  stm32f4xx_tim.o(.text)
    TIM_SetIC4Prescaler                      0x0800ae23   Thumb Code   106  stm32f4xx_tim.o(.text)
    TIM_SetIC3Prescaler                      0x0800af0d   Thumb Code    98  stm32f4xx_tim.o(.text)
    TIM_SetIC2Prescaler                      0x0800afb7   Thumb Code   118  stm32f4xx_tim.o(.text)
    TIM_SetIC1Prescaler                      0x0800b07d   Thumb Code   134  stm32f4xx_tim.o(.text)
    TIM_ICInit                               0x0800b13d   Thumb Code   508  stm32f4xx_tim.o(.text)
    TIM_ICStructInit                         0x0800b339   Thumb Code    18  stm32f4xx_tim.o(.text)
    TIM_PWMIConfig                           0x0800b34b   Thumb Code   184  stm32f4xx_tim.o(.text)
    TIM_GetCapture1                          0x0800b403   Thumb Code    92  stm32f4xx_tim.o(.text)
    TIM_GetCapture2                          0x0800b45f   Thumb Code    68  stm32f4xx_tim.o(.text)
    TIM_GetCapture3                          0x0800b4a3   Thumb Code    56  stm32f4xx_tim.o(.text)
    TIM_GetCapture4                          0x0800b4db   Thumb Code    56  stm32f4xx_tim.o(.text)
    TIM_BDTRConfig                           0x0800b513   Thumb Code   222  stm32f4xx_tim.o(.text)
    TIM_BDTRStructInit                       0x0800b5f1   Thumb Code    18  stm32f4xx_tim.o(.text)
    TIM_CtrlPWMOutputs                       0x0800b603   Thumb Code    78  stm32f4xx_tim.o(.text)
    TIM_SelectCOM                            0x0800b651   Thumb Code    72  stm32f4xx_tim.o(.text)
    TIM_CCPreloadControl                     0x0800b699   Thumb Code    72  stm32f4xx_tim.o(.text)
    TIM_ITConfig                             0x0800b6e1   Thumb Code   218  stm32f4xx_tim.o(.text)
    TIM_GenerateEvent                        0x0800b7bb   Thumb Code   126  stm32f4xx_tim.o(.text)
    TIM_GetFlagStatus                        0x0800b839   Thumb Code   188  stm32f4xx_tim.o(.text)
    TIM_ClearFlag                            0x0800b8f5   Thumb Code   108  stm32f4xx_tim.o(.text)
    TIM_GetITStatus                          0x0800b961   Thumb Code   186  stm32f4xx_tim.o(.text)
    TIM_ClearITPendingBit                    0x0800ba1b   Thumb Code   108  stm32f4xx_tim.o(.text)
    TIM_DMAConfig                            0x0800ba87   Thumb Code   334  stm32f4xx_tim.o(.text)
    TIM_DMACmd                               0x0800bbd5   Thumb Code   126  stm32f4xx_tim.o(.text)
    TIM_SelectCCDMA                          0x0800bc53   Thumb Code    96  stm32f4xx_tim.o(.text)
    TIM_InternalClockConfig                  0x0800bcb3   Thumb Code    76  stm32f4xx_tim.o(.text)
    TIM_SelectInputTrigger                   0x0800bcff   Thumb Code   148  stm32f4xx_tim.o(.text)
    TIM_ITRxExternalClockConfig              0x0800bd93   Thumb Code   110  stm32f4xx_tim.o(.text)
    TIM_TIxExternalClockConfig               0x0800be01   Thumb Code   184  stm32f4xx_tim.o(.text)
    TIM_ETRConfig                            0x0800beb9   Thumb Code   164  stm32f4xx_tim.o(.text)
    TIM_ETRClockMode1Config                  0x0800bf5d   Thumb Code   228  stm32f4xx_tim.o(.text)
    TIM_ETRClockMode2Config                  0x0800c041   Thumb Code   152  stm32f4xx_tim.o(.text)
    TIM_SelectOutputTrigger                  0x0800c0d9   Thumb Code   126  stm32f4xx_tim.o(.text)
    TIM_SelectSlaveMode                      0x0800c157   Thumb Code   112  stm32f4xx_tim.o(.text)
    TIM_SelectMasterSlaveMode                0x0800c1c7   Thumb Code   102  stm32f4xx_tim.o(.text)
    TIM_EncoderInterfaceConfig               0x0800c22d   Thumb Code   226  stm32f4xx_tim.o(.text)
    TIM_SelectHallSensor                     0x0800c30f   Thumb Code   108  stm32f4xx_tim.o(.text)
    TIM_RemapConfig                          0x0800c37b   Thumb Code   138  stm32f4xx_tim.o(.text)
    USART_DeInit                             0x0800c405   Thumb Code   202  stm32f4xx_usart.o(.text)
    USART_Init                               0x0800c4cf   Thumb Code   456  stm32f4xx_usart.o(.text)
    USART_StructInit                         0x0800c697   Thumb Code    24  stm32f4xx_usart.o(.text)
    USART_ClockInit                          0x0800c6af   Thumb Code   166  stm32f4xx_usart.o(.text)
    USART_ClockStructInit                    0x0800c755   Thumb Code    12  stm32f4xx_usart.o(.text)
    USART_Cmd                                0x0800c761   Thumb Code    96  stm32f4xx_usart.o(.text)
    USART_SetPrescaler                       0x0800c7c1   Thumb Code   160  stm32f4xx_usart.o(.text)
    USART_OverSampling8Cmd                   0x0800c861   Thumb Code    98  stm32f4xx_usart.o(.text)
    USART_OneBitMethodCmd                    0x0800c8c3   Thumb Code   100  stm32f4xx_usart.o(.text)
    USART_SendData                           0x0800c927   Thumb Code    84  stm32f4xx_usart.o(.text)
    USART_ReceiveData                        0x0800c97b   Thumb Code    62  stm32f4xx_usart.o(.text)
    USART_SetAddress                         0x0800c9b9   Thumb Code    92  stm32f4xx_usart.o(.text)
    USART_ReceiverWakeUpCmd                  0x0800ca15   Thumb Code   100  stm32f4xx_usart.o(.text)
    USART_WakeUpConfig                       0x0800ca79   Thumb Code    96  stm32f4xx_usart.o(.text)
    USART_LINBreakDetectLengthConfig         0x0800cad9   Thumb Code    94  stm32f4xx_usart.o(.text)
    USART_LINCmd                             0x0800cb37   Thumb Code   100  stm32f4xx_usart.o(.text)
    USART_SendBreak                          0x0800cb9b   Thumb Code    64  stm32f4xx_usart.o(.text)
    USART_HalfDuplexCmd                      0x0800cbdb   Thumb Code   100  stm32f4xx_usart.o(.text)
    USART_SetGuardTime                       0x0800cc3f   Thumb Code    86  stm32f4xx_usart.o(.text)
    USART_SmartCardCmd                       0x0800cc95   Thumb Code    88  stm32f4xx_usart.o(.text)
    USART_SmartCardNACKCmd                   0x0800cced   Thumb Code    88  stm32f4xx_usart.o(.text)
    USART_IrDAConfig                         0x0800cd45   Thumb Code    94  stm32f4xx_usart.o(.text)
    USART_IrDACmd                            0x0800cda3   Thumb Code   100  stm32f4xx_usart.o(.text)
    USART_DMACmd                             0x0800ce07   Thumb Code   120  stm32f4xx_usart.o(.text)
    USART_ITConfig                           0x0800ce7f   Thumb Code   268  stm32f4xx_usart.o(.text)
    USART_GetFlagStatus                      0x0800cf8b   Thumb Code   176  stm32f4xx_usart.o(.text)
    USART_ClearFlag                          0x0800d03b   Thumb Code   160  stm32f4xx_usart.o(.text)
    USART_GetITStatus                        0x0800d0db   Thumb Code   284  stm32f4xx_usart.o(.text)
    USART_ClearITPendingBit                  0x0800d1f7   Thumb Code   170  stm32f4xx_usart.o(.text)
    SystemInit                               0x0800d395   Thumb Code    88  system_stm32f4xx.o(.text)
    SystemCoreClockUpdate                    0x0800d3ed   Thumb Code   174  system_stm32f4xx.o(.text)
    Reset_Handler                            0x0800d4c9   Thumb Code     8  startup_stm32f4xx.o(.text)
    HardFault_Handler                        0x0800d4d3   Thumb Code     2  startup_stm32f4xx.o(.text)
    PendSV_Handler                           0x0800d4df   Thumb Code     2  startup_stm32f4xx.o(.text)
    ADC_IRQHandler                           0x0800d4e3   Thumb Code     0  startup_stm32f4xx.o(.text)
    CAN1_RX0_IRQHandler                      0x0800d4e3   Thumb Code     0  startup_stm32f4xx.o(.text)
    CAN1_RX1_IRQHandler                      0x0800d4e3   Thumb Code     0  startup_stm32f4xx.o(.text)
    CAN1_SCE_IRQHandler                      0x0800d4e3   Thumb Code     0  startup_stm32f4xx.o(.text)
    CAN1_TX_IRQHandler                       0x0800d4e3   Thumb Code     0  startup_stm32f4xx.o(.text)
    CAN2_RX0_IRQHandler                      0x0800d4e3   Thumb Code     0  startup_stm32f4xx.o(.text)
    CAN2_RX1_IRQHandler                      0x0800d4e3   Thumb Code     0  startup_stm32f4xx.o(.text)
    CAN2_SCE_IRQHandler                      0x0800d4e3   Thumb Code     0  startup_stm32f4xx.o(.text)
    CAN2_TX_IRQHandler                       0x0800d4e3   Thumb Code     0  startup_stm32f4xx.o(.text)
    CRYP_IRQHandler                          0x0800d4e3   Thumb Code     0  startup_stm32f4xx.o(.text)
    DCMI_IRQHandler                          0x0800d4e3   Thumb Code     0  startup_stm32f4xx.o(.text)
    DMA1_Stream0_IRQHandler                  0x0800d4e3   Thumb Code     0  startup_stm32f4xx.o(.text)
    DMA1_Stream1_IRQHandler                  0x0800d4e3   Thumb Code     0  startup_stm32f4xx.o(.text)
    DMA1_Stream2_IRQHandler                  0x0800d4e3   Thumb Code     0  startup_stm32f4xx.o(.text)
    DMA1_Stream3_IRQHandler                  0x0800d4e3   Thumb Code     0  startup_stm32f4xx.o(.text)
    DMA1_Stream4_IRQHandler                  0x0800d4e3   Thumb Code     0  startup_stm32f4xx.o(.text)
    DMA1_Stream5_IRQHandler                  0x0800d4e3   Thumb Code     0  startup_stm32f4xx.o(.text)
    DMA1_Stream6_IRQHandler                  0x0800d4e3   Thumb Code     0  startup_stm32f4xx.o(.text)
    DMA1_Stream7_IRQHandler                  0x0800d4e3   Thumb Code     0  startup_stm32f4xx.o(.text)
    DMA2_Stream0_IRQHandler                  0x0800d4e3   Thumb Code     0  startup_stm32f4xx.o(.text)
    DMA2_Stream1_IRQHandler                  0x0800d4e3   Thumb Code     0  startup_stm32f4xx.o(.text)
    DMA2_Stream2_IRQHandler                  0x0800d4e3   Thumb Code     0  startup_stm32f4xx.o(.text)
    DMA2_Stream3_IRQHandler                  0x0800d4e3   Thumb Code     0  startup_stm32f4xx.o(.text)
    DMA2_Stream4_IRQHandler                  0x0800d4e3   Thumb Code     0  startup_stm32f4xx.o(.text)
    DMA2_Stream5_IRQHandler                  0x0800d4e3   Thumb Code     0  startup_stm32f4xx.o(.text)
    DMA2_Stream6_IRQHandler                  0x0800d4e3   Thumb Code     0  startup_stm32f4xx.o(.text)
    DMA2_Stream7_IRQHandler                  0x0800d4e3   Thumb Code     0  startup_stm32f4xx.o(.text)
    ETH_IRQHandler                           0x0800d4e3   Thumb Code     0  startup_stm32f4xx.o(.text)
    ETH_WKUP_IRQHandler                      0x0800d4e3   Thumb Code     0  startup_stm32f4xx.o(.text)
    EXTI0_IRQHandler                         0x0800d4e3   Thumb Code     0  startup_stm32f4xx.o(.text)
    EXTI15_10_IRQHandler                     0x0800d4e3   Thumb Code     0  startup_stm32f4xx.o(.text)
    EXTI1_IRQHandler                         0x0800d4e3   Thumb Code     0  startup_stm32f4xx.o(.text)
    EXTI2_IRQHandler                         0x0800d4e3   Thumb Code     0  startup_stm32f4xx.o(.text)
    EXTI3_IRQHandler                         0x0800d4e3   Thumb Code     0  startup_stm32f4xx.o(.text)
    EXTI4_IRQHandler                         0x0800d4e3   Thumb Code     0  startup_stm32f4xx.o(.text)
    EXTI9_5_IRQHandler                       0x0800d4e3   Thumb Code     0  startup_stm32f4xx.o(.text)
    FLASH_IRQHandler                         0x0800d4e3   Thumb Code     0  startup_stm32f4xx.o(.text)
    FPU_IRQHandler                           0x0800d4e3   Thumb Code     0  startup_stm32f4xx.o(.text)
    FSMC_IRQHandler                          0x0800d4e3   Thumb Code     0  startup_stm32f4xx.o(.text)
    HASH_RNG_IRQHandler                      0x0800d4e3   Thumb Code     0  startup_stm32f4xx.o(.text)
    I2C1_ER_IRQHandler                       0x0800d4e3   Thumb Code     0  startup_stm32f4xx.o(.text)
    I2C1_EV_IRQHandler                       0x0800d4e3   Thumb Code     0  startup_stm32f4xx.o(.text)
    I2C2_ER_IRQHandler                       0x0800d4e3   Thumb Code     0  startup_stm32f4xx.o(.text)
    I2C2_EV_IRQHandler                       0x0800d4e3   Thumb Code     0  startup_stm32f4xx.o(.text)
    I2C3_ER_IRQHandler                       0x0800d4e3   Thumb Code     0  startup_stm32f4xx.o(.text)
    I2C3_EV_IRQHandler                       0x0800d4e3   Thumb Code     0  startup_stm32f4xx.o(.text)
    OTG_FS_IRQHandler                        0x0800d4e3   Thumb Code     0  startup_stm32f4xx.o(.text)
    OTG_FS_WKUP_IRQHandler                   0x0800d4e3   Thumb Code     0  startup_stm32f4xx.o(.text)
    OTG_HS_EP1_IN_IRQHandler                 0x0800d4e3   Thumb Code     0  startup_stm32f4xx.o(.text)
    OTG_HS_EP1_OUT_IRQHandler                0x0800d4e3   Thumb Code     0  startup_stm32f4xx.o(.text)
    OTG_HS_IRQHandler                        0x0800d4e3   Thumb Code     0  startup_stm32f4xx.o(.text)
    OTG_HS_WKUP_IRQHandler                   0x0800d4e3   Thumb Code     0  startup_stm32f4xx.o(.text)
    PVD_IRQHandler                           0x0800d4e3   Thumb Code     0  startup_stm32f4xx.o(.text)
    RCC_IRQHandler                           0x0800d4e3   Thumb Code     0  startup_stm32f4xx.o(.text)
    RTC_Alarm_IRQHandler                     0x0800d4e3   Thumb Code     0  startup_stm32f4xx.o(.text)
    RTC_WKUP_IRQHandler                      0x0800d4e3   Thumb Code     0  startup_stm32f4xx.o(.text)
    SDIO_IRQHandler                          0x0800d4e3   Thumb Code     0  startup_stm32f4xx.o(.text)
    SPI1_IRQHandler                          0x0800d4e3   Thumb Code     0  startup_stm32f4xx.o(.text)
    SPI2_IRQHandler                          0x0800d4e3   Thumb Code     0  startup_stm32f4xx.o(.text)
    SPI3_IRQHandler                          0x0800d4e3   Thumb Code     0  startup_stm32f4xx.o(.text)
    TAMP_STAMP_IRQHandler                    0x0800d4e3   Thumb Code     0  startup_stm32f4xx.o(.text)
    TIM1_BRK_TIM9_IRQHandler                 0x0800d4e3   Thumb Code     0  startup_stm32f4xx.o(.text)
    TIM1_CC_IRQHandler                       0x0800d4e3   Thumb Code     0  startup_stm32f4xx.o(.text)
    TIM1_TRG_COM_TIM11_IRQHandler            0x0800d4e3   Thumb Code     0  startup_stm32f4xx.o(.text)
    TIM1_UP_TIM10_IRQHandler                 0x0800d4e3   Thumb Code     0  startup_stm32f4xx.o(.text)
    TIM2_IRQHandler                          0x0800d4e3   Thumb Code     0  startup_stm32f4xx.o(.text)
    TIM5_IRQHandler                          0x0800d4e3   Thumb Code     0  startup_stm32f4xx.o(.text)
    TIM6_DAC_IRQHandler                      0x0800d4e3   Thumb Code     0  startup_stm32f4xx.o(.text)
    TIM7_IRQHandler                          0x0800d4e3   Thumb Code     0  startup_stm32f4xx.o(.text)
    TIM8_BRK_TIM12_IRQHandler                0x0800d4e3   Thumb Code     0  startup_stm32f4xx.o(.text)
    TIM8_CC_IRQHandler                       0x0800d4e3   Thumb Code     0  startup_stm32f4xx.o(.text)
    TIM8_TRG_COM_TIM14_IRQHandler            0x0800d4e3   Thumb Code     0  startup_stm32f4xx.o(.text)
    TIM8_UP_TIM13_IRQHandler                 0x0800d4e3   Thumb Code     0  startup_stm32f4xx.o(.text)
    UART4_IRQHandler                         0x0800d4e3   Thumb Code     0  startup_stm32f4xx.o(.text)
    USART1_IRQHandler                        0x0800d4e3   Thumb Code     0  startup_stm32f4xx.o(.text)
    USART3_IRQHandler                        0x0800d4e3   Thumb Code     0  startup_stm32f4xx.o(.text)
    USART6_IRQHandler                        0x0800d4e3   Thumb Code     0  startup_stm32f4xx.o(.text)
    WWDG_IRQHandler                          0x0800d4e3   Thumb Code     0  startup_stm32f4xx.o(.text)
    __aeabi_memset                           0x0800d4ed   Thumb Code    14  memseta.o(.text)
    __aeabi_memset4                          0x0800d4ed   Thumb Code     0  memseta.o(.text)
    __aeabi_memset8                          0x0800d4ed   Thumb Code     0  memseta.o(.text)
    __aeabi_memclr                           0x0800d4fb   Thumb Code     4  memseta.o(.text)
    __aeabi_memclr4                          0x0800d4fb   Thumb Code     0  memseta.o(.text)
    __aeabi_memclr8                          0x0800d4fb   Thumb Code     0  memseta.o(.text)
    _memset$wrapper                          0x0800d4ff   Thumb Code    18  memseta.o(.text)
    __aeabi_dadd                             0x0800d511   Thumb Code   322  dadd.o(.text)
    __aeabi_dsub                             0x0800d653   Thumb Code     6  dadd.o(.text)
    __aeabi_drsub                            0x0800d659   Thumb Code     6  dadd.o(.text)
    __aeabi_dmul                             0x0800d65f   Thumb Code   228  dmul.o(.text)
    __aeabi_i2d                              0x0800d743   Thumb Code    34  dflti.o(.text)
    __aeabi_f2d                              0x0800d765   Thumb Code    38  f2d.o(.text)
    __aeabi_cdcmpeq                          0x0800d78d   Thumb Code     0  cdcmple.o(.text)
    __aeabi_cdcmple                          0x0800d78d   Thumb Code    48  cdcmple.o(.text)
    __aeabi_cdrcmple                         0x0800d7bd   Thumb Code    48  cdrcmple.o(.text)
    __aeabi_d2f                              0x0800d7ed   Thumb Code    56  d2f.o(.text)
    __aeabi_llsl                             0x0800d825   Thumb Code    30  llshl.o(.text)
    _ll_shift_l                              0x0800d825   Thumb Code     0  llshl.o(.text)
    __aeabi_lasr                             0x0800d843   Thumb Code    36  llsshr.o(.text)
    _ll_sshift_r                             0x0800d843   Thumb Code     0  llsshr.o(.text)
    __I$use$fp                               0x0800d867   Thumb Code     0  iusefp.o(.text)
    _float_round                             0x0800d867   Thumb Code    18  fepilogue.o(.text)
    _float_epilogue                          0x0800d879   Thumb Code    92  fepilogue.o(.text)
    _double_round                            0x0800d8d5   Thumb Code    30  depilogue.o(.text)
    _double_epilogue                         0x0800d8f3   Thumb Code   156  depilogue.o(.text)
    __aeabi_ddiv                             0x0800d98f   Thumb Code   222  ddiv.o(.text)
    __scatterload                            0x0800da6d   Thumb Code    28  init.o(.text)
    __scatterload_rt2                        0x0800da6d   Thumb Code     0  init.o(.text)
    __aeabi_llsr                             0x0800da91   Thumb Code    32  llushr.o(.text)
    _ll_ushift_r                             0x0800da91   Thumb Code     0  llushr.o(.text)
    _dsqrt                                   0x0800dab1   Thumb Code   162  dsqrt.o(.text)
    __decompress                             0x0800db53   Thumb Code     0  __dczerorl2.o(.text)
    __decompress1                            0x0800db53   Thumb Code    86  __dczerorl2.o(.text)
    __ARM_fpclassify                         0x0800dba9   Thumb Code    48  fpclassify.o(i.__ARM_fpclassify)
    __hardfp_asin                            0x0800dbd9   Thumb Code   770  asin.o(i.__hardfp_asin)
    __kernel_poly                            0x0800df39   Thumb Code   248  poly.o(i.__kernel_poly)
    __mathlib_dbl_infnan                     0x0800e031   Thumb Code    20  dunder.o(i.__mathlib_dbl_infnan)
    __mathlib_dbl_invalid                    0x0800e049   Thumb Code    24  dunder.o(i.__mathlib_dbl_invalid)
    __mathlib_dbl_underflow                  0x0800e069   Thumb Code    24  dunder.o(i.__mathlib_dbl_underflow)
    __scatterload_copy                       0x0800e089   Thumb Code    14  handlers.o(i.__scatterload_copy)
    __scatterload_null                       0x0800e097   Thumb Code     2  handlers.o(i.__scatterload_null)
    __scatterload_zeroinit                   0x0800e099   Thumb Code    14  handlers.o(i.__scatterload_zeroinit)
    __set_errno                              0x0800e0a9   Thumb Code     6  errno.o(i.__set_errno)
    fabs                                     0x0800e0b5   Thumb Code    24  fabs.o(i.fabs)
    sqrt                                     0x0800e0cd   Thumb Code   110  sqrt.o(i.sqrt)
    Region$$Table$$Base                      0x0800e190   Number         0  anon$$obj.o(Region$$Table)
    Region$$Table$$Limit                     0x0800e1b0   Number         0  anon$$obj.o(Region$$Table)
    Init_Finish                              0x20000000   Data           1  main.o(.data)
    loop_cnt                                 0x20000002   Data           2  scheduler.o(.data)
    thr_value                                0x20000004   Data           4  ctrl.o(.data)
    Thr_Low                                  0x20000008   Data           1  ctrl.o(.data)
    Thr_Weight                               0x2000000c   Data           4  ctrl.o(.data)
    Roll                                     0x20000018   Data           4  imu.o(.data)
    Pitch                                    0x2000001c   Data           4  imu.o(.data)
    Yaw                                      0x20000020   Data           4  imu.o(.data)
    ref_q                                    0x20000024   Data          16  imu.o(.data)
    norm_acc                                 0x20000034   Data           4  imu.o(.data)
    norm_q                                   0x20000038   Data           4  imu.o(.data)
    norm_acc_lpf                             0x2000003c   Data           4  imu.o(.data)
    mag_norm                                 0x20000040   Data           4  imu.o(.data)
    mag_norm_xyz                             0x20000044   Data           4  imu.o(.data)
    fast_atan_table                          0x20000050   Data        1028  mymath.o(.data)
    flash_save_en_cnt                        0x20000454   Data           2  data_transfer.o(.data)
    CH_in_Mapping                            0x20000464   Data           8  rc.o(.data)
    NS                                       0x2000046c   Data           1  rc.o(.data)
    CH_Error                                 0x2000046d   Data           8  rc.o(.data)
    NS_cnt                                   0x20000476   Data           2  rc.o(.data)
    MAX_CH                                   0x20000478   Data          16  rc.o(.data)
    MIN_CH                                   0x20000488   Data          16  rc.o(.data)
    CH_DIR                                   0x20000498   Data           8  rc.o(.data)
    filter_A                                 0x200004a0   Data           4  rc.o(.data)
    fly_ready                                0x200004a4   Data           1  rc.o(.data)
    ready_cnt                                0x200004a6   Data           2  rc.o(.data)
    height_mode                              0x200004a8   Data           1  rc.o(.data)
    height_ctrl_mode                         0x200004a9   Data           1  rc.o(.data)
    med_filter_out                           0x200004ac   Data           8  filter.o(.data)
    med_fil_cnt                              0x200004b4   Data           2  filter.o(.data)
    height_ctrl_out                          0x200004c0   Data           4  height_ctrl.o(.data)
    wz_acc                                   0x200004c4   Data           4  height_ctrl.o(.data)
    exp_height_speed                         0x200004c8   Data           4  height_ctrl.o(.data)
    exp_height                               0x200004cc   Data           4  height_ctrl.o(.data)
    ultra_speed                              0x200004d0   Data           4  height_ctrl.o(.data)
    ultra_dis_lpf                            0x200004d4   Data           4  height_ctrl.o(.data)
    ultra_ctrl_out                           0x200004d8   Data           4  height_ctrl.o(.data)
    wz_speed                                 0x200004dc   Data           4  height_ctrl.o(.data)
    wz_speed_old                             0x200004e0   Data           4  height_ctrl.o(.data)
    wz_acc_mms2                              0x200004e4   Data           4  height_ctrl.o(.data)
    sysTickUptime                            0x20000504   Data           4  time.o(.data)
    time_1h                                  0x20000508   Data           4  time.o(.data)
    time_1m                                  0x2000050c   Data           4  time.o(.data)
    time_1s                                  0x20000510   Data           4  time.o(.data)
    time_1ms                                 0x20000514   Data           4  time.o(.data)
    CH_out_Mapping                           0x20000538   Data           4  pwm_out.o(.data)
    I2C_FastMode                             0x2000053c   Data           1  i2c_soft.o(.data)
    mpu6050_ok                               0x20000540   Data           1  mpu6050.o(.data)
    acc_sum_cnt                              0x20000542   Data           2  mpu6050.o(.data)
    gyro_sum_cnt                             0x20000544   Data           2  mpu6050.o(.data)
    filter_cnt                               0x20000546   Data           1  mpu6050.o(.data)
    filter_cnt_old                           0x20000547   Data           1  mpu6050.o(.data)
    test_ang                                 0x20000548   Data           4  mpu6050.o(.data)
    test_ang_old                             0x2000054c   Data           4  mpu6050.o(.data)
    test_ang_d                               0x20000550   Data           4  mpu6050.o(.data)
    test_fli_a                               0x20000554   Data           4  mpu6050.o(.data)
    test_i                                   0x20000558   Data           4  mpu6050.o(.data)
    ak8975                                   0x2000055c   Data          44  ak8975.o(.data)
    ak8975_ok                                0x20000588   Data           1  ak8975.o(.data)
    Mag_CALIBRATED                           0x20000589   Data           1  ak8975.o(.data)
    flag                                     0x200005a6   Data           1  led.o(.data)
    TxCounter                                0x200005a7   Data           1  usart.o(.data)
    count                                    0x200005a8   Data           1  usart.o(.data)
    Tx5Counter                               0x200005a9   Data           1  usart.o(.data)
    count5                                   0x200005aa   Data           1  usart.o(.data)
    ultra_start_f                            0x200005ac   Data           1  ultrasonic.o(.data)
    ultra_time                               0x200005ad   Data           1  ultrasonic.o(.data)
    ultra_ok                                 0x200005ae   Data           1  ultrasonic.o(.data)
    ultra_distance                           0x200005b0   Data           2  ultrasonic.o(.data)
    ultra_distance_old                       0x200005b2   Data           2  ultrasonic.o(.data)
    ultra_delta                              0x200005b4   Data           2  ultrasonic.o(.data)
    SystemCoreClock                          0x200005c8   Data           4  system_stm32f4xx.o(.data)
    AHBPrescTable                            0x200005cc   Data          16  system_stm32f4xx.o(.data)
    loop                                     0x200005e0   Data          16  scheduler.o(.bss)
    test                                     0x200005f0   Data          20  scheduler.o(.bss)
    sensor_setup                             0x20000604   Data          64  parameter.o(.bss)
    pid_setup                                0x20000644   Data         192  parameter.o(.bss)
    ctrl_1                                   0x20000704   Data         196  ctrl.o(.bss)
    ctrl_2                                   0x200007c8   Data         196  ctrl.o(.bss)
    except_A                                 0x2000088c   Data          12  ctrl.o(.bss)
    ctrl_angle_offset                        0x20000898   Data          12  ctrl.o(.bss)
    compensation                             0x200008a4   Data          12  ctrl.o(.bss)
    except_AS                                0x200008b0   Data          12  ctrl.o(.bss)
    g_old                                    0x200008bc   Data          28  ctrl.o(.bss)
    motor                                    0x200008d8   Data          16  ctrl.o(.bss)
    posture_value                            0x200008e8   Data          16  ctrl.o(.bss)
    curve                                    0x200008f8   Data          16  ctrl.o(.bss)
    reference_v                              0x20000908   Data          12  imu.o(.bss)
    ref                                      0x20000914   Data          60  imu.o(.bss)
    mag_sim_3d                               0x20000950   Data          12  imu.o(.bss)
    f                                        0x20000968   Data          17  data_transfer.o(.bss)
    data_to_send                             0x20000979   Data          50  data_transfer.o(.bss)
    RX_CH                                    0x200009ac   Data          16  data_transfer.o(.bss)
    CH                                       0x200009f0   Data          16  rc.o(.bss)
    CH_Old                                   0x20000a00   Data          32  rc.o(.bss)
    CH_filter                                0x20000a20   Data          32  rc.o(.bss)
    CH_filter_Old                            0x20000a40   Data          32  rc.o(.bss)
    CH_filter_D                              0x20000a60   Data          32  rc.o(.bss)
    CLR_CH_Error                             0x20000a80   Data          16  rc.o(.bss)
    med_filter_tmp                           0x20000aa0   Data          88  filter.o(.bss)
    wz_speed_pid_v                           0x20000af8   Data          20  height_ctrl.o(.bss)
    wz_speed_pid                             0x20000b0c   Data          28  height_ctrl.o(.bss)
    ultra_ctrl                               0x20000b28   Data          20  height_ctrl.o(.bss)
    ultra_pid                                0x20000b3c   Data          28  height_ctrl.o(.bss)
    Cycle_T                                  0x20000b58   Data          60  time.o(.bss)
    Rc_Pwm_In                                0x20000b94   Data          16  pwm_in.o(.bss)
    mpu6050                                  0x20000ba4   Data         128  mpu6050.o(.bss)
    mpu6050_buffer                           0x20000c24   Data          14  mpu6050.o(.bss)
    sum_temp                                 0x20000c34   Data          28  mpu6050.o(.bss)
    FILT_BUF                                 0x20000c50   Data         154  mpu6050.o(.bss)
    mpu6050_tmp                              0x20000cec   Data          28  mpu6050.o(.bss)
    mpu_fil_tmp                              0x20000d08   Data          28  mpu6050.o(.bss)
    TxBuffer                                 0x20000d30   Data         256  usart.o(.bss)
    Rx_Buf                                   0x20000e30   Data         256  usart.o(.bss)
    Tx5Buffer                                0x20000f30   Data         256  usart.o(.bss)
    __initial_sp                             0x20001830   Data           0  startup_stm32f4xx.o(STACK)



==============================================================================

Memory Map of the image

  Image Entry point : 0x08000189

  Load Region LR_IROM1 (Base: 0x08000000, Size: 0x0000e790, Max: 0x00080000, ABSOLUTE, COMPRESSED[0x0000e610])

    Execution Region ER_IROM1 (Base: 0x08000000, Size: 0x0000e1b0, Max: 0x00080000, ABSOLUTE)

    Base Addr    Size         Type   Attr      Idx    E Section Name        Object

    0x08000000   0x00000188   Data   RO          981    RESET               startup_stm32f4xx.o
    0x08000188   0x00000000   Code   RO         1000  * .ARM.Collect$$$$00000000  mc_w.l(entry.o)
    0x08000188   0x00000004   Code   RO         1057    .ARM.Collect$$$$00000001  mc_w.l(entry2.o)
    0x0800018c   0x00000004   Code   RO         1060    .ARM.Collect$$$$00000004  mc_w.l(entry5.o)
    0x08000190   0x00000000   Code   RO         1062    .ARM.Collect$$$$00000008  mc_w.l(entry7b.o)
    0x08000190   0x00000000   Code   RO         1064    .ARM.Collect$$$$0000000A  mc_w.l(entry8b.o)
    0x08000190   0x00000008   Code   RO         1065    .ARM.Collect$$$$0000000B  mc_w.l(entry9a.o)
    0x08000198   0x00000000   Code   RO         1067    .ARM.Collect$$$$0000000D  mc_w.l(entry10a.o)
    0x08000198   0x00000000   Code   RO         1069    .ARM.Collect$$$$0000000F  mc_w.l(entry11a.o)
    0x08000198   0x00000004   Code   RO         1058    .ARM.Collect$$$$00002712  mc_w.l(entry2.o)
    0x0800019c   0x00000018   Code   RO            2    .text               main.o
    0x080001b4   0x00000048   Code   RO          122    .text               stm32f4xx_it.o
    0x080001fc   0x00000230   Code   RO          142    .text               scheduler.o
    0x0800042c   0x00000078   Code   RO          202    .text               init.o
    0x080004a4   0x00000348   Code   RO          222    .text               parameter.o
    0x080007ec   0x00001248   Code   RO          264    .text               ctrl.o
    0x08001a34   0x000008d8   Code   RO          287    .text               imu.o
    0x0800230c   0x00000568   Code   RO          317    .text               mymath.o
    0x08002874   0x00001a94   Code   RO          336    .text               data_transfer.o
    0x08004308   0x000005a4   Code   RO          377    .text               rc.o
    0x080048ac   0x00000274   Code   RO          424    .text               filter.o
    0x08004b20   0x00000b84   Code   RO          444    .text               height_ctrl.o
    0x080056a4   0x00000094   Code   RO          467    .text               myctrl.o
    0x08005738   0x00000284   Code   RO          483    .text               time.o
    0x080059bc   0x000006c4   Code   RO          522    .text               pwm_in.o
    0x08006080   0x00000380   Code   RO          549    .text               pwm_out.o
    0x08006400   0x000003a8   Code   RO          574    .text               i2c_soft.o
    0x080067a8   0x0000087c   Code   RO          600    .text               mpu6050.o
    0x08007024   0x00000458   Code   RO          628    .text               ak8975.o
    0x0800747c   0x00000084   Code   RO          651    .text               led.o
    0x08007500   0x0000032c   Code   RO          677    .text               usart.o
    0x0800782c   0x000000c4   Code   RO          704    .text               ultrasonic.o
    0x080078f0   0x000001ec   Code   RO          726    .text               misc.o
    0x08007adc   0x00000916   Code   RO          825    .text               stm32f4xx_gpio.o
    0x080083f2   0x00000002   PAD
    0x080083f4   0x00000d7c   Code   RO          873    .text               stm32f4xx_rcc.o
    0x08009170   0x00003294   Code   RO          926    .text               stm32f4xx_tim.o
    0x0800c404   0x00000eb4   Code   RO          942    .text               stm32f4xx_usart.o
    0x0800d2b8   0x00000210   Code   RO          958    .text               system_stm32f4xx.o
    0x0800d4c8   0x00000024   Code   RO          982    .text               startup_stm32f4xx.o
    0x0800d4ec   0x00000024   Code   RO         1003    .text               mc_w.l(memseta.o)
    0x0800d510   0x0000014e   Code   RO         1007    .text               mf_w.l(dadd.o)
    0x0800d65e   0x000000e4   Code   RO         1009    .text               mf_w.l(dmul.o)
    0x0800d742   0x00000022   Code   RO         1011    .text               mf_w.l(dflti.o)
    0x0800d764   0x00000026   Code   RO         1013    .text               mf_w.l(f2d.o)
    0x0800d78a   0x00000002   PAD
    0x0800d78c   0x00000030   Code   RO         1015    .text               mf_w.l(cdcmple.o)
    0x0800d7bc   0x00000030   Code   RO         1017    .text               mf_w.l(cdrcmple.o)
    0x0800d7ec   0x00000038   Code   RO         1019    .text               mf_w.l(d2f.o)
    0x0800d824   0x0000001e   Code   RO         1071    .text               mc_w.l(llshl.o)
    0x0800d842   0x00000024   Code   RO         1073    .text               mc_w.l(llsshr.o)
    0x0800d866   0x00000000   Code   RO         1082    .text               mc_w.l(iusefp.o)
    0x0800d866   0x0000006e   Code   RO         1083    .text               mf_w.l(fepilogue.o)
    0x0800d8d4   0x000000ba   Code   RO         1085    .text               mf_w.l(depilogue.o)
    0x0800d98e   0x000000de   Code   RO         1087    .text               mf_w.l(ddiv.o)
    0x0800da6c   0x00000024   Code   RO         1091    .text               mc_w.l(init.o)
    0x0800da90   0x00000020   Code   RO         1093    .text               mc_w.l(llushr.o)
    0x0800dab0   0x000000a2   Code   RO         1095    .text               mf_w.l(dsqrt.o)
    0x0800db52   0x00000056   Code   RO         1105    .text               mc_w.l(__dczerorl2.o)
    0x0800dba8   0x00000030   Code   RO         1041    i.__ARM_fpclassify  m_wm.l(fpclassify.o)
    0x0800dbd8   0x00000360   Code   RO          986    i.__hardfp_asin     m_wm.l(asin.o)
    0x0800df38   0x000000f8   Code   RO         1043    i.__kernel_poly     m_wm.l(poly.o)
    0x0800e030   0x00000014   Code   RO         1022    i.__mathlib_dbl_infnan  m_wm.l(dunder.o)
    0x0800e044   0x00000004   PAD
    0x0800e048   0x00000020   Code   RO         1024    i.__mathlib_dbl_invalid  m_wm.l(dunder.o)
    0x0800e068   0x00000020   Code   RO         1027    i.__mathlib_dbl_underflow  m_wm.l(dunder.o)
    0x0800e088   0x0000000e   Code   RO         1099    i.__scatterload_copy  mc_w.l(handlers.o)
    0x0800e096   0x00000002   Code   RO         1100    i.__scatterload_null  mc_w.l(handlers.o)
    0x0800e098   0x0000000e   Code   RO         1101    i.__scatterload_zeroinit  mc_w.l(handlers.o)
    0x0800e0a6   0x00000002   PAD
    0x0800e0a8   0x0000000c   Code   RO         1077    i.__set_errno       mc_w.l(errno.o)
    0x0800e0b4   0x00000018   Code   RO         1037    i.fabs              m_wm.l(fabs.o)
    0x0800e0cc   0x0000006e   Code   RO         1047    i.sqrt              m_wm.l(sqrt.o)
    0x0800e13a   0x00000006   PAD
    0x0800e140   0x00000050   Data   RO          989    .constdata          m_wm.l(asin.o)
    0x0800e190   0x00000020   Data   RO         1097    Region$$Table       anon$$obj.o


    Execution Region RW_IRAM1 (Base: 0x20000000, Size: 0x00001830, Max: 0x00020000, ABSOLUTE, COMPRESSED[0x00000460])

    Base Addr    Size         Type   Attr      Idx    E Section Name        Object

    0x20000000   0x00000001   Data   RW            3    .data               main.o
    0x20000001   0x00000001   PAD
    0x20000002   0x00000002   Data   RW          144    .data               scheduler.o
    0x20000004   0x00000014   Data   RW          266    .data               ctrl.o
    0x20000018   0x00000038   Data   RW          289    .data               imu.o
    0x20000050   0x00000404   Data   RW          318    .data               mymath.o
    0x20000454   0x0000000f   Data   RW          338    .data               data_transfer.o
    0x20000463   0x00000001   PAD
    0x20000464   0x00000046   Data   RW          379    .data               rc.o
    0x200004aa   0x00000002   PAD
    0x200004ac   0x00000014   Data   RW          426    .data               filter.o
    0x200004c0   0x00000044   Data   RW          446    .data               height_ctrl.o
    0x20000504   0x00000014   Data   RW          485    .data               time.o
    0x20000518   0x00000020   Data   RW          524    .data               pwm_in.o
    0x20000538   0x00000004   Data   RW          550    .data               pwm_out.o
    0x2000053c   0x00000001   Data   RW          575    .data               i2c_soft.o
    0x2000053d   0x00000003   PAD
    0x20000540   0x0000001c   Data   RW          602    .data               mpu6050.o
    0x2000055c   0x0000004a   Data   RW          630    .data               ak8975.o
    0x200005a6   0x00000001   Data   RW          652    .data               led.o
    0x200005a7   0x00000004   Data   RW          679    .data               usart.o
    0x200005ab   0x00000001   PAD
    0x200005ac   0x0000000b   Data   RW          705    .data               ultrasonic.o
    0x200005b7   0x00000010   Data   RW          874    .data               stm32f4xx_rcc.o
    0x200005c7   0x00000001   PAD
    0x200005c8   0x00000014   Data   RW          959    .data               system_stm32f4xx.o
    0x200005dc   0x00000004   Data   RW         1078    .data               mc_w.l(errno.o)
    0x200005e0   0x00000024   Zero   RW          143    .bss                scheduler.o
    0x20000604   0x00000100   Zero   RW          223    .bss                parameter.o
    0x20000704   0x00000204   Zero   RW          265    .bss                ctrl.o
    0x20000908   0x00000060   Zero   RW          288    .bss                imu.o
    0x20000968   0x00000086   Zero   RW          337    .bss                data_transfer.o
    0x200009ee   0x00000002   PAD
    0x200009f0   0x000000b0   Zero   RW          378    .bss                rc.o
    0x20000aa0   0x00000058   Zero   RW          425    .bss                filter.o
    0x20000af8   0x00000060   Zero   RW          445    .bss                height_ctrl.o
    0x20000b58   0x0000003c   Zero   RW          484    .bss                time.o
    0x20000b94   0x00000010   Zero   RW          523    .bss                pwm_in.o
    0x20000ba4   0x00000180   Zero   RW          601    .bss                mpu6050.o
    0x20000d24   0x0000000c   Zero   RW          629    .bss                ak8975.o
    0x20000d30   0x00000300   Zero   RW          678    .bss                usart.o
    0x20001030   0x00000800   Zero   RW          979    STACK               startup_stm32f4xx.o


==============================================================================

Image component sizes


      Code (inc. data)   RO Data    RW Data    ZI Data      Debug   Object Name

      1112         34          0         74         12       2996   ak8975.o
      4680        284          0         20        516       4435   ctrl.o
      6804        240          0         15        134      10902   data_transfer.o
       628         26          0         20         88       2467   filter.o
      2948        312          0         68         96       3657   height_ctrl.o
       936         10          0          1          0       4358   i2c_soft.o
      2264        142          0         56         96       3005   imu.o
       120         10          0          0          0        567   init.o
       132         10          0          1          0       1035   led.o
        24          4          0          1          0     269560   main.o
       492         74          0          0          0       2085   misc.o
      2172         90          0         28        384      16443   mpu6050.o
       148         16          0          0          0        588   myctrl.o
      1384        110          0       1028          0       4768   mymath.o
       840         62          0          0        256       3881   parameter.o
      1732        110          0         32         16       2512   pwm_in.o
       896         38          0          4          0       2454   pwm_out.o
      1444        124          0         70        176       3268   rc.o
       560         42          0          2         36       2409   scheduler.o
        36          8        392          0       2048        900   startup_stm32f4xx.o
      2326        132          0          0          0       5261   stm32f4xx_gpio.o
        72          4          0          0          0       1672   stm32f4xx_it.o
      3452        262          0         16          0      12983   stm32f4xx_rcc.o
     12948        670          0          0          0      29296   stm32f4xx_tim.o
      3764        164          0          0          0       9632   stm32f4xx_usart.o
       528         46          0         20          0       2043   system_stm32f4xx.o
       644         42          0         20         60      22433   time.o
       196         30          0         11          0       1385   ultrasonic.o
       812         40          0          4        768       2903   usart.o

    ----------------------------------------------------------------------
     54096       3136        424       1500       4688     429898   Object Totals
         0          0         32          0          0          0   (incl. Generated)
         2          0          0          9          2          0   (incl. Padding)

    ----------------------------------------------------------------------

      Code (inc. data)   RO Data    RW Data    ZI Data      Debug   Library Member Name

       864         94         80          0          0        280   asin.o
        84         16          0          0          0        372   dunder.o
        24          0          0          0          0        124   fabs.o
        48          0          0          0          0        124   fpclassify.o
       248          0          0          0          0        152   poly.o
       110          0          0          0          0        148   sqrt.o
        86          0          0          0          0          0   __dczerorl2.o
         0          0          0          0          0          0   entry.o
         0          0          0          0          0          0   entry10a.o
         0          0          0          0          0          0   entry11a.o
         8          4          0          0          0          0   entry2.o
         4          0          0          0          0          0   entry5.o
         0          0          0          0          0          0   entry7b.o
         0          0          0          0          0          0   entry8b.o
         8          4          0          0          0          0   entry9a.o
        12          6          0          4          0         68   errno.o
        30          0          0          0          0          0   handlers.o
        36          8          0          0          0         68   init.o
         0          0          0          0          0          0   iusefp.o
        30          0          0          0          0         68   llshl.o
        36          0          0          0          0         68   llsshr.o
        32          0          0          0          0         68   llushr.o
        36          0          0          0          0        108   memseta.o
        48          0          0          0          0         68   cdcmple.o
        48          0          0          0          0         68   cdrcmple.o
        56          0          0          0          0         88   d2f.o
       334          0          0          0          0        148   dadd.o
       222          0          0          0          0        100   ddiv.o
       186          0          0          0          0        176   depilogue.o
        34          0          0          0          0         76   dflti.o
       228          0          0          0          0         96   dmul.o
       162          0          0          0          0        100   dsqrt.o
        38          0          0          0          0         68   f2d.o
       110          0          0          0          0        168   fepilogue.o

    ----------------------------------------------------------------------
      3176        132         80          4          0       2804   Library Totals
        14          0          0          0          0          0   (incl. Padding)

    ----------------------------------------------------------------------

      Code (inc. data)   RO Data    RW Data    ZI Data      Debug   Library Name

      1378        110         80          0          0       1200   m_wm.l
       318         22          0          4          0        448   mc_w.l
      1466          0          0          0          0       1156   mf_w.l

    ----------------------------------------------------------------------
      3176        132         80          4          0       2804   Library Totals

    ----------------------------------------------------------------------

==============================================================================


      Code (inc. data)   RO Data    RW Data    ZI Data      Debug   

     57272       3268        504       1504       4688     427258   Grand Totals
     57272       3268        504       1120       4688     427258   ELF Image Totals (compressed)
     57272       3268        504       1120          0          0   ROM Totals

==============================================================================

    Total RO  Size (Code + RO Data)                57776 (  56.42kB)
    Total RW  Size (RW Data + ZI Data)              6192 (   6.05kB)
    Total ROM Size (Code + RO Data + RW Data)      58896 (  57.52kB)

==============================================================================

