Component: ARM Compiler 5.05 update 2 (build 169) Tool: armlink [4d0f33]

==============================================================================

Section Cross References

    main.o(.text) refers to init.o(.text) for All_Init
    main.o(.text) refers to stm32f4xx_usart.o(.text) for USART_SendData
    main.o(.text) refers to scheduler.o(.text) for Duty_Loop
    main.o(.text) refers to main.o(.data) for Init_Finish
    stm32f4xx_it.o(.text) refers to time.o(.text) for sys_time
    stm32f4xx_it.o(.text) refers to pwm_in.o(.text) for _TIM3_IRQHandler
    stm32f4xx_it.o(.text) refers to usart.o(.text) for Usart2_IRQ
    stm32f4xx_it.o(.text) refers to time.o(.data) for sysTickUptime
    scheduler.o(.text) refers to time.o(.text) for Get_Cycle_T
    scheduler.o(.text) refers to led.o(.text) for LED_Display
    scheduler.o(.text) refers to data_transfer.o(.text) for ANO_DT_Data_Exchange
    scheduler.o(.text) refers to mpu6050.o(.text) for MPU6050_Read
    scheduler.o(.text) refers to ctrl.o(.text) for CTRL_1
    scheduler.o(.text) refers to rc.o(.text) for RC_Duty
    scheduler.o(.text) refers to imu.o(.text) for IMUupdate
    scheduler.o(.text) refers to ms5611.o(.text) for MS5611_Update
    scheduler.o(.text) refers to ak8975.o(.text) for ANO_AK8975_Read
    scheduler.o(.text) refers to parameter.o(.text) for Parameter_Save
    scheduler.o(.text) refers to ultrasonic.o(.text) for Ultra_Duty
    scheduler.o(.text) refers to scheduler.o(.bss) for loop
    scheduler.o(.text) refers to led.o(.data) for LED_Brightness
    scheduler.o(.text) refers to pwm_in.o(.bss) for Rc_Pwm_In
    scheduler.o(.text) refers to mpu6050.o(.bss) for mpu6050
    scheduler.o(.text) refers to imu.o(.data) for Yaw
    scheduler.o(.text) refers to height_ctrl.o(.data) for baro_ctrl_start
    scheduler.o(.text) refers to time.o(.data) for time_1ms
    scheduler.o(.text) refers to scheduler.o(.data) for loop_cnt
    init.o(.text) refers to misc.o(.text) for NVIC_PriorityGroupConfig
    init.o(.text) refers to time.o(.text) for SysTick_Configuration
    init.o(.text) refers to i2c_soft.o(.text) for I2c_Soft_Init
    init.o(.text) refers to pwm_in.o(.text) for PWM_IN_Init
    init.o(.text) refers to pwm_out.o(.text) for PWM_Out_Init
    init.o(.text) refers to ms5611.o(.text) for MS5611_Init
    init.o(.text) refers to mpu6050.o(.text) for MPU6050_Init
    init.o(.text) refers to led.o(.text) for LED_Init
    init.o(.text) refers to usart.o(.text) for Usart2_Init
    init.o(.text) refers to usbd_user_hid.o(.text) for Usb_Hid_Init
    init.o(.text) refers to parameter.o(.text) for Para_Init
    init.o(.text) refers to ultrasonic.o(.text) for Ultrasonic_Init
    init.o(.text) refers to ak8975.o(.text) for ANO_AK8975_Run
    init.o(.text) refers to ak8975.o(.data) for ak8975_ok
    init.o(.text) refers to mpu6050.o(.data) for mpu6050_ok
    parameter.o(.text) refers to ff.o(.text) for f_mount
    parameter.o(.text) refers to ctrl.o(.text) for Ctrl_Para_Init
    parameter.o(.text) refers to height_ctrl.o(.text) for WZ_Speed_PID_Init
    parameter.o(.text) refers to parameter.o(.bss) for fs
    parameter.o(.text) refers to mpu6050.o(.bss) for mpu6050
    parameter.o(.text) refers to ak8975.o(.data) for ak8975
    parameter.o(.text) refers to ctrl.o(.bss) for ctrl_1
    parameter.o(.text) refers to parameter.o(.data) for flash_init_error
    parameter.o(.text) refers to data_transfer.o(.data) for flash_save_en_cnt
    parameter.o(.text) refers to rc.o(.data) for fly_ready
    ctrl.o(.text) refers to mymath.o(.text) for my_deathzoom
    ctrl.o(.text) refers to f2d.o(.text) for __aeabi_f2d
    ctrl.o(.text) refers to dmul.o(.text) for __aeabi_dmul
    ctrl.o(.text) refers to dadd.o(.text) for __aeabi_dadd
    ctrl.o(.text) refers to d2f.o(.text) for __aeabi_d2f
    ctrl.o(.text) refers to ctrl.o(.bss) for ctrl_1
    ctrl.o(.text) refers to rc.o(.bss) for CH_filter
    ctrl.o(.text) refers to ctrl.o(.data) for Thr_Low
    ctrl.o(.text) refers to imu.o(.data) for Yaw
    ctrl.o(.text) refers to rc.o(.data) for fly_ready
    ctrl.o(.text) refers to pwm_out.o(.text) for SetPwm
    ctrl.o(.text) refers to height_ctrl.o(.text) for Height_Ctrl
    ctrl.o(.text) refers to height_ctrl.o(.data) for height_ctrl_out
    ctrl.o(.text) refers to mpu6050.o(.bss) for mpu6050
    imu.o(.text) refers to mymath.o(.text) for my_sqrt
    imu.o(.text) refers to filter.o(.text) for simple_3d_trans
    imu.o(.text) refers to ak8975.o(.data) for ak8975
    imu.o(.text) refers to imu.o(.data) for mag_norm_xyz
    imu.o(.text) refers to imu.o(.bss) for mag_tmp
    imu.o(.text) refers to f2d.o(.text) for __aeabi_f2d
    imu.o(.text) refers to asin.o(i.__hardfp_asin) for __hardfp_asin
    imu.o(.text) refers to dmul.o(.text) for __aeabi_dmul
    imu.o(.text) refers to d2f.o(.text) for __aeabi_d2f
    imu.o(.text) refers to rc.o(.data) for fly_ready
    mymath.o(.text) refers to cdcmple.o(.text) for __aeabi_cdcmple
[...]
    USBD_EndPoint0_Out_CDC_ReqToIF           0x08004c43   Thumb Code     4  usb_config.o(.text)
    USBD_EndPoint0_Setup_CLS_ReqToDEV        0x08004c47   Thumb Code     4  usb_config.o(.text)
    USBD_EndPoint0_Setup_CLS_ReqToIF         0x08004c4b   Thumb Code     4  usb_config.o(.text)
    USBD_EndPoint0_Setup_CLS_ReqToEP         0x08004c4f   Thumb Code     4  usb_config.o(.text)
    USBD_EndPoint0_Out_CLS_ReqToDEV          0x08004c53   Thumb Code     4  usb_config.o(.text)
    USBD_EndPoint0_Out_CLS_ReqToIF           0x08004c57   Thumb Code     4  usb_config.o(.text)
    USBD_EndPoint0_Out_CLS_ReqToEP           0x08004c5b   Thumb Code     4  usb_config.o(.text)
    USBD_SOF_Event                           0x08004c5f   Thumb Code     4  usb_config.o(.text)
    usbd_os_evt_set                          0x08004c63   Thumb Code     2  usb_config.o(.text)
    usbd_os_evt_get                          0x08004c65   Thumb Code     4  usb_config.o(.text)
    usbd_os_evt_wait_or                      0x08004c69   Thumb Code     4  usb_config.o(.text)
    usbd_class_init                          0x08004c6d   Thumb Code     4  usb_config.o(.text)
    USBD_RTX_TaskInit                        0x08004c71   Thumb Code     2  usb_config.o(.text)
    Usb_Hid_Init                             0x08004c75   Thumb Code    14  usbd_user_hid.o(.text)
    Usb_Hid_Adddata                          0x08004c83   Thumb Code    36  usbd_user_hid.o(.text)
    Usb_Hid_Send                             0x08004ca7   Thumb Code   406  usbd_user_hid.o(.text)
    usbd_hid_get_report                      0x08004e3d   Thumb Code    54  usbd_user_hid.o(.text)
    usbd_hid_set_report                      0x08004e73   Thumb Code    54  usbd_user_hid.o(.text)
    get_len_string_interface                 0x08004ec1   Thumb Code    18  version.o(.text)
    get_uid_string_interface                 0x08004ed3   Thumb Code     4  version.o(.text)
    Moving_Average                           0x08004ee1   Thumb Code    94  filter.o(.text)
    Moving_Median                            0x08004f3f   Thumb Code   236  filter.o(.text)
    simple_3d_trans                          0x0800502b   Thumb Code   272  filter.o(.text)
    Ultra_Ctrl                               0x08005155   Thumb Code  1364  height_ctrl.o(.text)
    height_speed_ctrl                        0x080056a9   Thumb Code   950  height_ctrl.o(.text)
    Baro_Ctrl                                0x08005a5f   Thumb Code   128  height_ctrl.o(.text)
    Height_Ctrl                              0x08005adf   Thumb Code   520  height_ctrl.o(.text)
    WZ_Speed_PID_Init                        0x08005ce7   Thumb Code    62  height_ctrl.o(.text)
    Ultra_PID_Init                           0x08005d25   Thumb Code    28  height_ctrl.o(.text)
    TIM_CONF                                 0x08005ddd   Thumb Code    86  time.o(.text)
    TIM_NVIC                                 0x08005e33   Thumb Code    34  time.o(.text)
    TIM_INIT                                 0x08005e55   Thumb Code    20  time.o(.text)
    SysTick_Configuration                    0x08005e69   Thumb Code   100  time.o(.text)
    GetSysTime_us                            0x08005ecd   Thumb Code    48  time.o(.text)
    Delay_us                                 0x08005efd   Thumb Code    24  time.o(.text)
    Delay_ms                                 0x08005f15   Thumb Code    24  time.o(.text)
    sys_time                                 0x08005f2d   Thumb Code   126  time.o(.text)
    Get_Cycle_T                              0x08005fab   Thumb Code   118  time.o(.text)
    Cycle_Time_Init                          0x08006021   Thumb Code    22  time.o(.text)
    PWM_IN_Init                              0x08006061   Thumb Code   698  pwm_in.o(.text)
    _TIM3_IRQHandler                         0x0800631b   Thumb Code   526  pwm_in.o(.text)
    _TIM4_IRQHandler                         0x08006529   Thumb Code   450  pwm_in.o(.text)
    PWM_Out_Init                             0x08006725   Thumb Code   706  pwm_out.o(.text)
    CH_out_Mapping_Fun                       0x080069e7   Thumb Code    28  pwm_out.o(.text)
    SetPwm                                   0x08006a03   Thumb Code   124  pwm_out.o(.text)
    I2c_Soft_delay                           0x08006aa5   Thumb Code    42  i2c_soft.o(.text)
    I2c_Soft_Init                            0x08006acf   Thumb Code    46  i2c_soft.o(.text)
    I2c_Soft_Start                           0x08006afd   Thumb Code    86  i2c_soft.o(.text)
    I2c_Soft_Stop                            0x08006b53   Thumb Code    52  i2c_soft.o(.text)
    I2c_Soft_Ask                             0x08006b87   Thumb Code    52  i2c_soft.o(.text)
    I2c_Soft_NoAsk                           0x08006bbb   Thumb Code    52  i2c_soft.o(.text)
    I2c_Soft_WaitAsk                         0x08006bef   Thumb Code    88  i2c_soft.o(.text)
    I2c_Soft_SendByte                        0x08006c47   Thumb Code    84  i2c_soft.o(.text)
    I2c_Soft_ReadByte                        0x08006c9b   Thumb Code    96  i2c_soft.o(.text)
    IIC_Write_1Byte                          0x08006cfb   Thumb Code    62  i2c_soft.o(.text)
    IIC_Read_1Byte                           0x08006d39   Thumb Code    80  i2c_soft.o(.text)
    IIC_Write_nByte                          0x08006d89   Thumb Code    78  i2c_soft.o(.text)
    IIC_Read_nByte                           0x08006dd7   Thumb Code   108  i2c_soft.o(.text)
    MPU6050_Read                             0x08006e4d   Thumb Code    22  mpu6050.o(.text)
    IICwriteBit                              0x08006e63   Thumb Code    78  mpu6050.o(.text)
    IICwriteBits                             0x08006eb1   Thumb Code   102  mpu6050.o(.text)
    MPU6050_set_SMPLRT_DIV                   0x08006f17   Thumb Code    28  mpu6050.o(.text)
    MPU6050_setClockSource                   0x08006f33   Thumb Code    20  mpu6050.o(.text)
    MPU6050_setFullScaleGyroRange            0x08006f47   Thumb Code    36  mpu6050.o(.text)
    MPU6050_setFullScaleAccelRange           0x08006f6b   Thumb Code    36  mpu6050.o(.text)
    MPU6050_setSleepEnabled                  0x08006f8f   Thumb Code    18  mpu6050.o(.text)
    MPU6050_setI2CMasterModeEnabled          0x08006fa1   Thumb Code    18  mpu6050.o(.text)
    MPU6050_setI2CBypassEnabled              0x08006fb3   Thumb Code    18  mpu6050.o(.text)
    MPU6050_setDLPF                          0x08006fc5   Thumb Code    20  mpu6050.o(.text)
    MPU6050_INT_Config                       0x08006fd9   Thumb Code    56  mpu6050.o(.text)
    MPU6050_Init                             0x08007011   Thumb Code   184  mpu6050.o(.text)
    MPU6050_Data_Offset                      0x080070c9   Thumb Code   482  mpu6050.o(.text)
    Transform                                0x080072ab   Thumb Code    14  mpu6050.o(.text)
    MPU6050_Data_Prepare                     0x080072b9   Thumb Code  1040  mpu6050.o(.text)
    ANO_AK8975_Run                           0x080076c9   Thumb Code    22  ak8975.o(.text)
    XYZ_STRUCT_COPY                          0x080076df   Thumb Code    40  ak8975.o(.text)
    ANO_AK8975_CalOffset_Mag                 0x08007707   Thumb Code   750  ak8975.o(.text)
    ANO_AK8975_Read_Mag_Data                 0x080079f5   Thumb Code   272  ak8975.o(.text)
    ANO_AK8975_Get_Mag                       0x08007b05   Thumb Code    16  ak8975.o(.text)
    ANO_AK8975_Read                          0x08007b15   Thumb Code     8  ak8975.o(.text)
    LED_Init                                 0x08007b21   Thumb Code    74  led.o(.text)
    LED_Display                              0x08007b6b   Thumb Code   152  led.o(.text)
    LED_Duty                                 0x08007c03   Thumb Code   590  led.o(.text)
    LED_MPU_Err                              0x08007e51   Thumb Code    46  led.o(.text)
    LED_Mag_Err                              0x08007e7f   Thumb Code    72  led.o(.text)
    LED_MS5611_Err                           0x08007ec7   Thumb Code   134  led.o(.text)
    MS5611_Reset                             0x08007f4d   Thumb Code    14  ms5611.o(.text)
    MS5611_Read_Prom                         0x08007f5b   Thumb Code    72  ms5611.o(.text)
    MS5611_Read_Adc_T                        0x08007fa3   Thumb Code    16  ms5611.o(.text)
    MS5611_Read_Adc_P                        0x08007fb3   Thumb Code    16  ms5611.o(.text)
    MS5611_Start_T                           0x08007fc3   Thumb Code    14  ms5611.o(.text)
    MS5611_Start_P                           0x08007fd1   Thumb Code    14  ms5611.o(.text)
    MS5611_Init                              0x08007fdf   Thumb Code    40  ms5611.o(.text)
    MS5611_BaroAltCalculate                  0x08008007   Thumb Code   646  ms5611.o(.text)
    MS5611_Update                            0x0800828d   Thumb Code    48  ms5611.o(.text)
    MS5611_Get_BaroAlt                       0x080082bd   Thumb Code     6  ms5611.o(.text)
    Usart2_Init                              0x08008329   Thumb Code   230  usart.o(.text)
    Usart2_IRQ                               0x0800840f   Thumb Code   120  usart.o(.text)
    Usart2_Send                              0x08008487   Thumb Code    62  usart.o(.text)
    Uart5_Init                               0x080084c5   Thumb Code   206  usart.o(.text)
    Uart5_IRQ                                0x08008593   Thumb Code    94  usart.o(.text)
    Uart5_Send                               0x080085f1   Thumb Code    60  usart.o(.text)
    usbd_stm32_delay                         0x08008655   Thumb Code    40  usbd_stm32f4xx_fs.o(.text)
    USBD_IntrEna                             0x0800867d   Thumb Code    26  usbd_stm32f4xx_fs.o(.text)
    USBD_Init                                0x08008697   Thumb Code   462  usbd_stm32f4xx_fs.o(.text)
    USBD_Connect                             0x08008865   Thumb Code    62  usbd_stm32f4xx_fs.o(.text)
    USBD_SetAddress                          0x080088a3   Thumb Code    24  usbd_stm32f4xx_fs.o(.text)
    USBD_Reset                               0x080088bb   Thumb Code   192  usbd_stm32f4xx_fs.o(.text)
    USBD_Suspend                             0x0800897b   Thumb Code     2  usbd_stm32f4xx_fs.o(.text)
    USBD_Resume                              0x0800897d   Thumb Code     2  usbd_stm32f4xx_fs.o(.text)
    USBD_WakeUp                              0x0800897f   Thumb Code    34  usbd_stm32f4xx_fs.o(.text)
    USBD_WakeUpCfg                           0x080089a1   Thumb Code     2  usbd_stm32f4xx_fs.o(.text)
    USBD_Configure                           0x080089df   Thumb Code    14  usbd_stm32f4xx_fs.o(.text)
    USBD_ConfigEP                            0x080089ed   Thumb Code   250  usbd_stm32f4xx_fs.o(.text)
    USBD_DirCtrlEP                           0x08008ae7   Thumb Code     2  usbd_stm32f4xx_fs.o(.text)
    USBD_EnableEP                            0x08008ae9   Thumb Code   200  usbd_stm32f4xx_fs.o(.text)
    USBD_DisableEP                           0x08008bb1   Thumb Code   418  usbd_stm32f4xx_fs.o(.text)
    USBD_GetFrame                            0x08008d53   Thumb Code    12  usbd_stm32f4xx_fs.o(.text)
    USBD_ResetEP                             0x08008d5f   Thumb Code   206  usbd_stm32f4xx_fs.o(.text)
    USBD_SetStallEP                          0x08008e2d   Thumb Code   268  usbd_stm32f4xx_fs.o(.text)
    USBD_ClrStallEP                          0x08008f39   Thumb Code   186  usbd_stm32f4xx_fs.o(.text)
    USBD_ClearEPBuf                          0x08008ff3   Thumb Code    70  usbd_stm32f4xx_fs.o(.text)
    USBD_ReadEP                              0x08009039   Thumb Code   200  usbd_stm32f4xx_fs.o(.text)
    USBD_WriteEP                             0x08009101   Thumb Code   368  usbd_stm32f4xx_fs.o(.text)
    OTG_FS_IRQHandler                        0x08009271   Thumb Code  1660  usbd_stm32f4xx_fs.o(.text)
    Flash_Init                               0x080099d9   Thumb Code   370  drv_w25qxx.o(.text)
    Flash_SectorErase                        0x08009bb9   Thumb Code    66  drv_w25qxx.o(.text)
    Flash_PageWrite                          0x08009bfb   Thumb Code    84  drv_w25qxx.o(.text)
    Flash_PageRead                           0x08009c4f   Thumb Code    78  drv_w25qxx.o(.text)
    Flash_SectorsRead                        0x08009c9d   Thumb Code    52  drv_w25qxx.o(.text)
    Flash_SectorsWrite                       0x08009cd1   Thumb Code   118  drv_w25qxx.o(.text)
    Flash_GetInfo                            0x08009d47   Thumb Code     4  drv_w25qxx.o(.text)
    Ultrasonic_Init                          0x08009d51   Thumb Code    12  ultrasonic.o(.text)
    Ultra_Duty                               0x08009d5d   Thumb Code    56  ultrasonic.o(.text)
    Ultra_Get                                0x08009d95   Thumb Code    78  ultrasonic.o(.text)
    NVIC_PriorityGroupConfig                 0x08009e01   Thumb Code    54  misc.o(.text)
    NVIC_Init                                0x08009e37   Thumb Code   164  misc.o(.text)
    NVIC_SetVectorTable                      0x08009edb   Thumb Code    60  misc.o(.text)
    NVIC_SystemLPConfig                      0x08009f17   Thumb Code    78  misc.o(.text)
    SysTick_CLKSourceConfig                  0x08009f65   Thumb Code    62  misc.o(.text)
    GPIO_DeInit                              0x08009fed   Thumb Code   284  stm32f4xx_gpio.o(.text)
    GPIO_Init                                0x0800a109   Thumb Code   342  stm32f4xx_gpio.o(.text)
    GPIO_StructInit                          0x0800a25f   Thumb Code    18  stm32f4xx_gpio.o(.text)
    GPIO_PinLockConfig                       0x0800a271   Thumb Code   122  stm32f4xx_gpio.o(.text)
    GPIO_ReadInputDataBit                    0x0800a2eb   Thumb Code   182  stm32f4xx_gpio.o(.text)
    GPIO_ReadInputData                       0x0800a3a1   Thumb Code   174  stm32f4xx_gpio.o(.text)
    GPIO_ReadOutputDataBit                   0x0800a44f   Thumb Code   186  stm32f4xx_gpio.o(.text)
    GPIO_ReadOutputData                      0x0800a509   Thumb Code    78  stm32f4xx_gpio.o(.text)
    GPIO_SetBits                             0x0800a557   Thumb Code    98  stm32f4xx_gpio.o(.text)
    GPIO_ResetBits                           0x0800a5b9   Thumb Code    98  stm32f4xx_gpio.o(.text)
    GPIO_WriteBit                            0x0800a61b   Thumb Code   200  stm32f4xx_gpio.o(.text)
    GPIO_Write                               0x0800a6e3   Thumb Code    78  stm32f4xx_gpio.o(.text)
    GPIO_ToggleBits                          0x0800a731   Thumb Code    82  stm32f4xx_gpio.o(.text)
    GPIO_PinAFConfig                         0x0800a783   Thumb Code   384  stm32f4xx_gpio.o(.text)
    RCC_DeInit                               0x0800a905   Thumb Code    60  stm32f4xx_rcc.o(.text)
    RCC_HSEConfig                            0x0800a941   Thumb Code    38  stm32f4xx_rcc.o(.text)
    RCC_GetFlagStatus                        0x0800a967   Thumb Code   130  stm32f4xx_rcc.o(.text)
    RCC_WaitForHSEStartUp                    0x0800a9e9   Thumb Code    56  stm32f4xx_rcc.o(.text)
    RCC_AdjustHSICalibrationValue            0x0800aa21   Thumb Code    38  stm32f4xx_rcc.o(.text)
    RCC_HSICmd                               0x0800aa47   Thumb Code    28  stm32f4xx_rcc.o(.text)
    RCC_LSEConfig                            0x0800aa63   Thumb Code    72  stm32f4xx_rcc.o(.text)
    RCC_LSICmd                               0x0800aaab   Thumb Code    28  stm32f4xx_rcc.o(.text)
    RCC_PLLConfig                            0x0800aac7   Thumb Code   156  stm32f4xx_rcc.o(.text)
    RCC_PLLCmd                               0x0800ab63   Thumb Code    28  stm32f4xx_rcc.o(.text)
    RCC_PLLI2SConfig                         0x0800ab7f   Thumb Code    62  stm32f4xx_rcc.o(.text)
    RCC_PLLI2SCmd                            0x0800abbd   Thumb Code    28  stm32f4xx_rcc.o(.text)
    RCC_ClockSecuritySystemCmd               0x0800abd9   Thumb Code    28  stm32f4xx_rcc.o(.text)
    RCC_MCO1Config                           0x0800abf5   Thumb Code   102  stm32f4xx_rcc.o(.text)
    RCC_MCO2Config                           0x0800ac5b   Thumb Code   102  stm32f4xx_rcc.o(.text)
    RCC_SYSCLKConfig                         0x0800acc1   Thumb Code   124  stm32f4xx_rcc.o(.text)
    RCC_GetSYSCLKSource                      0x0800ad3d   Thumb Code    10  stm32f4xx_rcc.o(.text)
    RCC_HCLKConfig                           0x0800ad47   Thumb Code    68  stm32f4xx_rcc.o(.text)
    RCC_PCLK1Config                          0x0800ad8b   Thumb Code    60  stm32f4xx_rcc.o(.text)
    RCC_PCLK2Config                          0x0800adc7   Thumb Code    62  stm32f4xx_rcc.o(.text)
    RCC_GetClocksFreq                        0x0800ae05   Thumb Code   214  stm32f4xx_rcc.o(.text)
    RCC_RTCCLKConfig                         0x0800aedb   Thumb Code   262  stm32f4xx_rcc.o(.text)
    RCC_RTCCLKCmd                            0x0800afe1   Thumb Code    30  stm32f4xx_rcc.o(.text)
    RCC_BackupResetCmd                       0x0800afff   Thumb Code    32  stm32f4xx_rcc.o(.text)
    RCC_I2SCLKConfig                         0x0800b01f   Thumb Code    30  stm32f4xx_rcc.o(.text)
    RCC_AHB1PeriphClockCmd                   0x0800b03d   Thumb Code    82  stm32f4xx_rcc.o(.text)
    RCC_AHB2PeriphClockCmd                   0x0800b08f   Thumb Code    82  stm32f4xx_rcc.o(.text)
    RCC_AHB3PeriphClockCmd                   0x0800b0e1   Thumb Code   232  stm32f4xx_rcc.o(.text)
    RCC_APB1PeriphClockCmd                   0x0800b1c9   Thumb Code    82  stm32f4xx_rcc.o(.text)
    RCC_APB2PeriphClockCmd                   0x0800b21b   Thumb Code    82  stm32f4xx_rcc.o(.text)
    RCC_AHB1PeriphResetCmd                   0x0800b26d   Thumb Code    82  stm32f4xx_rcc.o(.text)
    RCC_AHB2PeriphResetCmd                   0x0800b2bf   Thumb Code    82  stm32f4xx_rcc.o(.text)
    RCC_AHB3PeriphResetCmd                   0x0800b311   Thumb Code    82  stm32f4xx_rcc.o(.text)
    RCC_APB1PeriphResetCmd                   0x0800b363   Thumb Code    82  stm32f4xx_rcc.o(.text)
    RCC_APB2PeriphResetCmd                   0x0800b3b5   Thumb Code    82  stm32f4xx_rcc.o(.text)
    RCC_AHB1PeriphClockLPModeCmd             0x0800b407   Thumb Code    82  stm32f4xx_rcc.o(.text)
    RCC_AHB2PeriphClockLPModeCmd             0x0800b459   Thumb Code    82  stm32f4xx_rcc.o(.text)
    RCC_AHB3PeriphClockLPModeCmd             0x0800b4ab   Thumb Code    82  stm32f4xx_rcc.o(.text)
    RCC_APB1PeriphClockLPModeCmd             0x0800b4fd   Thumb Code    82  stm32f4xx_rcc.o(.text)
    RCC_APB2PeriphClockLPModeCmd             0x0800b54f   Thumb Code   106  stm32f4xx_rcc.o(.text)
    RCC_ITConfig                             0x0800b5b9   Thumb Code    74  stm32f4xx_rcc.o(.text)
    RCC_ClearFlag                            0x0800b603   Thumb Code    18  stm32f4xx_rcc.o(.text)
    RCC_GetITStatus                          0x0800b615   Thumb Code    68  stm32f4xx_rcc.o(.text)
    RCC_ClearITPendingBit                    0x0800b659   Thumb Code    34  stm32f4xx_rcc.o(.text)
    SPI_I2S_DeInit                           0x0800b681   Thumb Code   104  stm32f4xx_spi.o(.text)
    SPI_Init                                 0x0800b6e9   Thumb Code   348  stm32f4xx_spi.o(.text)
    I2S_Init                                 0x0800b845   Thumb Code   508  stm32f4xx_spi.o(.text)
    SPI_StructInit                           0x0800ba41   Thumb Code    24  stm32f4xx_spi.o(.text)
    I2S_StructInit                           0x0800ba59   Thumb Code   104  stm32f4xx_spi.o(.text)
    SPI_Cmd                                  0x0800bac1   Thumb Code    82  stm32f4xx_spi.o(.text)
    I2S_Cmd                                  0x0800bb13   Thumb Code    88  stm32f4xx_spi.o(.text)
    SPI_DataSizeConfig                       0x0800bb6b   Thumb Code    78  stm32f4xx_spi.o(.text)
    SPI_BiDirectionalLineConfig              0x0800bbb9   Thumb Code    94  stm32f4xx_spi.o(.text)
    SPI_NSSInternalSoftwareConfig            0x0800bc17   Thumb Code    96  stm32f4xx_spi.o(.text)
    SPI_SSOutputCmd                          0x0800bc77   Thumb Code    82  stm32f4xx_spi.o(.text)
    SPI_TIModeCmd                            0x0800bcc9   Thumb Code    82  stm32f4xx_spi.o(.text)
    I2S_FullDuplexConfig                     0x0800bd1b   Thumb Code   258  stm32f4xx_spi.o(.text)
    SPI_I2S_ReceiveData                      0x0800be1d   Thumb Code    52  stm32f4xx_spi.o(.text)
    SPI_I2S_SendData                         0x0800be51   Thumb Code    54  stm32f4xx_spi.o(.text)
    SPI_CalculateCRC                         0x0800be87   Thumb Code    98  stm32f4xx_spi.o(.text)
    SPI_TransmitCRC                          0x0800bee9   Thumb Code    46  stm32f4xx_spi.o(.text)
    SPI_GetCRC                               0x0800bf17   Thumb Code    74  stm32f4xx_spi.o(.text)
    SPI_GetCRCPolynomial                     0x0800bf61   Thumb Code    40  stm32f4xx_spi.o(.text)
    SPI_I2S_DMACmd                           0x0800bf89   Thumb Code   114  stm32f4xx_spi.o(.text)
    SPI_I2S_ITConfig                         0x0800bffb   Thumb Code   138  stm32f4xx_spi.o(.text)
    SPI_I2S_GetFlagStatus                    0x0800c085   Thumb Code   120  stm32f4xx_spi.o(.text)
    SPI_I2S_ClearFlag                        0x0800c0fd   Thumb Code    74  stm32f4xx_spi.o(.text)
    SPI_I2S_GetITStatus                      0x0800c147   Thumb Code   154  stm32f4xx_spi.o(.text)
    SPI_I2S_ClearITPendingBit                0x0800c1e1   Thumb Code    86  stm32f4xx_spi.o(.text)
    TIM_DeInit                               0x0800c249   Thumb Code   440  stm32f4xx_tim.o(.text)
    TIM_TimeBaseInit                         0x0800c401   Thumb Code   278  stm32f4xx_tim.o(.text)
    TIM_TimeBaseStructInit                   0x0800c517   Thumb Code    18  stm32f4xx_tim.o(.text)
    TIM_PrescalerConfig                      0x0800c529   Thumb Code   128  stm32f4xx_tim.o(.text)
    TIM_CounterModeConfig                    0x0800c5a9   Thumb Code   100  stm32f4xx_tim.o(.text)
    TIM_SetCounter                           0x0800c60d   Thumb Code   222  stm32f4xx_tim.o(.text)
    TIM_SetAutoreload                        0x0800c6eb   Thumb Code   108  stm32f4xx_tim.o(.text)
    TIM_GetCounter                           0x0800c757   Thumb Code   106  stm32f4xx_tim.o(.text)
    TIM_GetPrescaler                         0x0800c7c1   Thumb Code   106  stm32f4xx_tim.o(.text)
    TIM_UpdateDisableConfig                  0x0800c82b   Thumb Code   148  stm32f4xx_tim.o(.text)
    TIM_UpdateRequestConfig                  0x0800c8bf   Thumb Code   148  stm32f4xx_tim.o(.text)
    TIM_ARRPreloadConfig                     0x0800c953   Thumb Code   148  stm32f4xx_tim.o(.text)
    TIM_SelectOnePulseMode                   0x0800c9e7   Thumb Code   142  stm32f4xx_tim.o(.text)
    TIM_SetClockDivision                     0x0800ca75   Thumb Code   192  stm32f4xx_tim.o(.text)
    TIM_Cmd                                  0x0800cb35   Thumb Code   148  stm32f4xx_tim.o(.text)
    TIM_OC1Init                              0x0800cbc9   Thumb Code   416  stm32f4xx_tim.o(.text)
    TIM_OC2Init                              0x0800cd69   Thumb Code   486  stm32f4xx_tim.o(.text)
    TIM_OC3Init                              0x0800cf4f   Thumb Code   416  stm32f4xx_tim.o(.text)
    TIM_OC4Init                              0x0800d0ef   Thumb Code   300  stm32f4xx_tim.o(.text)
    TIM_OCStructInit                         0x0800d21b   Thumb Code    20  stm32f4xx_tim.o(.text)
    TIM_SelectOCxM                           0x0800d22f   Thumb Code   256  stm32f4xx_tim.o(.text)
    TIM_SetCompare1                          0x0800d32f   Thumb Code   142  stm32f4xx_tim.o(.text)
    TIM_SetCompare2                          0x0800d3bd   Thumb Code    72  stm32f4xx_tim.o(.text)
    TIM_SetCompare3                          0x0800d405   Thumb Code    60  stm32f4xx_tim.o(.text)
    TIM_SetCompare4                          0x0800d441   Thumb Code    60  stm32f4xx_tim.o(.text)
    TIM_ForcedOC1Config                      0x0800d47d   Thumb Code   130  stm32f4xx_tim.o(.text)
    TIM_ForcedOC2Config                      0x0800d4ff   Thumb Code   114  stm32f4xx_tim.o(.text)
    TIM_ForcedOC3Config                      0x0800d571   Thumb Code    94  stm32f4xx_tim.o(.text)
    TIM_ForcedOC4Config                      0x0800d5cf   Thumb Code   102  stm32f4xx_tim.o(.text)
    TIM_OC1PreloadConfig                     0x0800d635   Thumb Code   124  stm32f4xx_tim.o(.text)
    TIM_OC2PreloadConfig                     0x0800d6b1   Thumb Code   108  stm32f4xx_tim.o(.text)
    TIM_OC3PreloadConfig                     0x0800d71d   Thumb Code   136  stm32f4xx_tim.o(.text)
    TIM_OC4PreloadConfig                     0x0800d7a5   Thumb Code    96  stm32f4xx_tim.o(.text)
    TIM_OC1FastConfig                        0x0800d805   Thumb Code   124  stm32f4xx_tim.o(.text)
    TIM_OC2FastConfig                        0x0800d881   Thumb Code   108  stm32f4xx_tim.o(.text)
    TIM_OC3FastConfig                        0x0800d8ed   Thumb Code    88  stm32f4xx_tim.o(.text)
    TIM_OC4FastConfig                        0x0800d945   Thumb Code    96  stm32f4xx_tim.o(.text)
    TIM_ClearOC1Ref                          0x0800d9a5   Thumb Code   124  stm32f4xx_tim.o(.text)
    TIM_ClearOC2Ref                          0x0800da21   Thumb Code   106  stm32f4xx_tim.o(.text)
    TIM_ClearOC3Ref                          0x0800da8b   Thumb Code    88  stm32f4xx_tim.o(.text)
    TIM_ClearOC4Ref                          0x0800dae3   Thumb Code    94  stm32f4xx_tim.o(.text)
    TIM_OC1PolarityConfig                    0x0800db41   Thumb Code   174  stm32f4xx_tim.o(.text)
    TIM_OC1NPolarityConfig                   0x0800dbef   Thumb Code    64  stm32f4xx_tim.o(.text)
    TIM_OC2PolarityConfig                    0x0800dc2f   Thumb Code   108  stm32f4xx_tim.o(.text)
    TIM_OC2NPolarityConfig                   0x0800dc9b   Thumb Code    72  stm32f4xx_tim.o(.text)
    TIM_OC3PolarityConfig                    0x0800dce3   Thumb Code    96  stm32f4xx_tim.o(.text)
    TIM_OC3NPolarityConfig                   0x0800dd43   Thumb Code    72  stm32f4xx_tim.o(.text)
    TIM_OC4PolarityConfig                    0x0800dd8b   Thumb Code    96  stm32f4xx_tim.o(.text)
    TIM_CCxCmd                               0x0800ddeb   Thumb Code   168  stm32f4xx_tim.o(.text)
    TIM_CCxNCmd                              0x0800de93   Thumb Code   104  stm32f4xx_tim.o(.text)
    TIM_SetIC4Prescaler                      0x0800defb   Thumb Code   106  stm32f4xx_tim.o(.text)
    TIM_SetIC3Prescaler                      0x0800dfe5   Thumb Code    98  stm32f4xx_tim.o(.text)
    TIM_SetIC2Prescaler                      0x0800e08f   Thumb Code   118  stm32f4xx_tim.o(.text)
    TIM_SetIC1Prescaler                      0x0800e155   Thumb Code   134  stm32f4xx_tim.o(.text)
    TIM_ICInit                               0x0800e215   Thumb Code   508  stm32f4xx_tim.o(.text)
    TIM_ICStructInit                         0x0800e411   Thumb Code    18  stm32f4xx_tim.o(.text)
    TIM_PWMIConfig                           0x0800e423   Thumb Code   184  stm32f4xx_tim.o(.text)
    TIM_GetCapture1                          0x0800e4db   Thumb Code    92  stm32f4xx_tim.o(.text)
    TIM_GetCapture2                          0x0800e537   Thumb Code    68  stm32f4xx_tim.o(.text)
    TIM_GetCapture3                          0x0800e57b   Thumb Code    56  stm32f4xx_tim.o(.text)
    TIM_GetCapture4                          0x0800e5b3   Thumb Code    56  stm32f4xx_tim.o(.text)
    TIM_BDTRConfig                           0x0800e5eb   Thumb Code   222  stm32f4xx_tim.o(.text)
    TIM_BDTRStructInit                       0x0800e6c9   Thumb Code    18  stm32f4xx_tim.o(.text)
    TIM_CtrlPWMOutputs                       0x0800e6db   Thumb Code    78  stm32f4xx_tim.o(.text)
    TIM_SelectCOM                            0x0800e729   Thumb Code    72  stm32f4xx_tim.o(.text)
    TIM_CCPreloadControl                     0x0800e771   Thumb Code    72  stm32f4xx_tim.o(.text)
    TIM_ITConfig                             0x0800e7b9   Thumb Code   218  stm32f4xx_tim.o(.text)
    TIM_GenerateEvent                        0x0800e893   Thumb Code   126  stm32f4xx_tim.o(.text)
    TIM_GetFlagStatus                        0x0800e911   Thumb Code   188  stm32f4xx_tim.o(.text)
    TIM_ClearFlag                            0x0800e9cd   Thumb Code   108  stm32f4xx_tim.o(.text)
    TIM_GetITStatus                          0x0800ea39   Thumb Code   186  stm32f4xx_tim.o(.text)
    TIM_ClearITPendingBit                    0x0800eaf3   Thumb Code   108  stm32f4xx_tim.o(.text)
    TIM_DMAConfig                            0x0800eb5f   Thumb Code   334  stm32f4xx_tim.o(.text)
    TIM_DMACmd                               0x0800ecad   Thumb Code   126  stm32f4xx_tim.o(.text)
    TIM_SelectCCDMA                          0x0800ed2b   Thumb Code    96  stm32f4xx_tim.o(.text)
    TIM_InternalClockConfig                  0x0800ed8b   Thumb Code    76  stm32f4xx_tim.o(.text)
    TIM_SelectInputTrigger                   0x0800edd7   Thumb Code   148  stm32f4xx_tim.o(.text)
    TIM_ITRxExternalClockConfig              0x0800ee6b   Thumb Code   110  stm32f4xx_tim.o(.text)
    TIM_TIxExternalClockConfig               0x0800eed9   Thumb Code   184  stm32f4xx_tim.o(.text)
    TIM_ETRConfig                            0x0800ef91   Thumb Code   164  stm32f4xx_tim.o(.text)
    TIM_ETRClockMode1Config                  0x0800f035   Thumb Code   228  stm32f4xx_tim.o(.text)
    TIM_ETRClockMode2Config                  0x0800f119   Thumb Code   152  stm32f4xx_tim.o(.text)
    TIM_SelectOutputTrigger                  0x0800f1b1   Thumb Code   126  stm32f4xx_tim.o(.text)
    TIM_SelectSlaveMode                      0x0800f22f   Thumb Code   112  stm32f4xx_tim.o(.text)
    TIM_SelectMasterSlaveMode                0x0800f29f   Thumb Code   102  stm32f4xx_tim.o(.text)
    TIM_EncoderInterfaceConfig               0x0800f305   Thumb Code   226  stm32f4xx_tim.o(.text)
    TIM_SelectHallSensor                     0x0800f3e7   Thumb Code   108  stm32f4xx_tim.o(.text)
    TIM_RemapConfig                          0x0800f453   Thumb Code   138  stm32f4xx_tim.o(.text)
    USART_DeInit                             0x0800f4dd   Thumb Code   202  stm32f4xx_usart.o(.text)
    USART_Init                               0x0800f5a7   Thumb Code   456  stm32f4xx_usart.o(.text)
    USART_StructInit                         0x0800f76f   Thumb Code    24  stm32f4xx_usart.o(.text)
    USART_ClockInit                          0x0800f787   Thumb Code   166  stm32f4xx_usart.o(.text)
    USART_ClockStructInit                    0x0800f82d   Thumb Code    12  stm32f4xx_usart.o(.text)
    USART_Cmd                                0x0800f839   Thumb Code    96  stm32f4xx_usart.o(.text)
    USART_SetPrescaler                       0x0800f899   Thumb Code   160  stm32f4xx_usart.o(.text)
    USART_OverSampling8Cmd                   0x0800f939   Thumb Code    98  stm32f4xx_usart.o(.text)
    USART_OneBitMethodCmd                    0x0800f99b   Thumb Code   100  stm32f4xx_usart.o(.text)
    USART_SendData                           0x0800f9ff   Thumb Code    84  stm32f4xx_usart.o(.text)
    USART_ReceiveData                        0x0800fa53   Thumb Code    62  stm32f4xx_usart.o(.text)
    USART_SetAddress                         0x0800fa91   Thumb Code    92  stm32f4xx_usart.o(.text)
    USART_ReceiverWakeUpCmd                  0x0800faed   Thumb Code   100  stm32f4xx_usart.o(.text)
    USART_WakeUpConfig                       0x0800fb51   Thumb Code    96  stm32f4xx_usart.o(.text)
    USART_LINBreakDetectLengthConfig         0x0800fbb1   Thumb Code    94  stm32f4xx_usart.o(.text)
    USART_LINCmd                             0x0800fc0f   Thumb Code   100  stm32f4xx_usart.o(.text)
    USART_SendBreak                          0x0800fc73   Thumb Code    64  stm32f4xx_usart.o(.text)
    USART_HalfDuplexCmd                      0x0800fcb3   Thumb Code   100  stm32f4xx_usart.o(.text)
    USART_SetGuardTime                       0x0800fd17   Thumb Code    86  stm32f4xx_usart.o(.text)
    USART_SmartCardCmd                       0x0800fd6d   Thumb Code    88  stm32f4xx_usart.o(.text)
    USART_SmartCardNACKCmd                   0x0800fdc5   Thumb Code    88  stm32f4xx_usart.o(.text)
    USART_IrDAConfig                         0x0800fe1d   Thumb Code    94  stm32f4xx_usart.o(.text)
    USART_IrDACmd                            0x0800fe7b   Thumb Code   100  stm32f4xx_usart.o(.text)
    USART_DMACmd                             0x0800fedf   Thumb Code   120  stm32f4xx_usart.o(.text)
    USART_ITConfig                           0x0800ff57   Thumb Code   268  stm32f4xx_usart.o(.text)
    USART_GetFlagStatus                      0x08010063   Thumb Code   176  stm32f4xx_usart.o(.text)
    USART_ClearFlag                          0x08010113   Thumb Code   160  stm32f4xx_usart.o(.text)
    USART_GetITStatus                        0x080101b3   Thumb Code   284  stm32f4xx_usart.o(.text)
    USART_ClearITPendingBit                  0x080102cf   Thumb Code   170  stm32f4xx_usart.o(.text)
    SystemInit                               0x0801046d   Thumb Code    88  system_stm32f4xx.o(.text)
    SystemCoreClockUpdate                    0x080104c5   Thumb Code   174  system_stm32f4xx.o(.text)
    Reset_Handler                            0x080105a1   Thumb Code     8  startup_stm32f4xx.o(.text)
    HardFault_Handler                        0x080105ab   Thumb Code     2  startup_stm32f4xx.o(.text)
    PendSV_Handler                           0x080105b7   Thumb Code     2  startup_stm32f4xx.o(.text)
    ADC_IRQHandler                           0x080105bb   Thumb Code     0  startup_stm32f4xx.o(.text)
    CAN1_RX0_IRQHandler                      0x080105bb   Thumb Code     0  startup_stm32f4xx.o(.text)
    CAN1_RX1_IRQHandler                      0x080105bb   Thumb Code     0  startup_stm32f4xx.o(.text)
    CAN1_SCE_IRQHandler                      0x080105bb   Thumb Code     0  startup_stm32f4xx.o(.text)
    CAN1_TX_IRQHandler                       0x080105bb   Thumb Code     0  startup_stm32f4xx.o(.text)
    CAN2_RX0_IRQHandler                      0x080105bb   Thumb Code     0  startup_stm32f4xx.o(.text)
    CAN2_RX1_IRQHandler                      0x080105bb   Thumb Code     0  startup_stm32f4xx.o(.text)
    CAN2_SCE_IRQHandler                      0x080105bb   Thumb Code     0  startup_stm32f4xx.o(.text)
    CAN2_TX_IRQHandler                       0x080105bb   Thumb Code     0  startup_stm32f4xx.o(.text)
    CRYP_IRQHandler                          0x080105bb   Thumb Code     0  startup_stm32f4xx.o(.text)
    DCMI_IRQHandler                          0x080105bb   Thumb Code     0  startup_stm32f4xx.o(.text)
    DMA1_Stream0_IRQHandler                  0x080105bb   Thumb Code     0  startup_stm32f4xx.o(.text)
    DMA1_Stream1_IRQHandler                  0x080105bb   Thumb Code     0  startup_stm32f4xx.o(.text)
    DMA1_Stream2_IRQHandler                  0x080105bb   Thumb Code     0  startup_stm32f4xx.o(.text)
    DMA1_Stream3_IRQHandler                  0x080105bb   Thumb Code     0  startup_stm32f4xx.o(.text)
    DMA1_Stream4_IRQHandler                  0x080105bb   Thumb Code     0  startup_stm32f4xx.o(.text)
    DMA1_Stream5_IRQHandler                  0x080105bb   Thumb Code     0  startup_stm32f4xx.o(.text)
    DMA1_Stream6_IRQHandler                  0x080105bb   Thumb Code     0  startup_stm32f4xx.o(.text)
    DMA1_Stream7_IRQHandler                  0x080105bb   Thumb Code     0  startup_stm32f4xx.o(.text)
    DMA2_Stream0_IRQHandler                  0x080105bb   Thumb Code     0  startup_stm32f4xx.o(.text)
    DMA2_Stream1_IRQHandler                  0x080105bb   Thumb Code     0  startup_stm32f4xx.o(.text)
    DMA2_Stream2_IRQHandler                  0x080105bb   Thumb Code     0  startup_stm32f4xx.o(.text)
    DMA2_Stream3_IRQHandler                  0x080105bb   Thumb Code     0  startup_stm32f4xx.o(.text)
    DMA2_Stream4_IRQHandler                  0x080105bb   Thumb Code     0  startup_stm32f4xx.o(.text)
    DMA2_Stream5_IRQHandler                  0x080105bb   Thumb Code     0  startup_stm32f4xx.o(.text)
    DMA2_Stream6_IRQHandler                  0x080105bb   Thumb Code     0  startup_stm32f4xx.o(.text)
    DMA2_Stream7_IRQHandler                  0x080105bb   Thumb Code     0  startup_stm32f4xx.o(.text)
    ETH_IRQHandler                           0x080105bb   Thumb Code     0  startup_stm32f4xx.o(.text)
    ETH_WKUP_IRQHandler                      0x080105bb   Thumb Code     0  startup_stm32f4xx.o(.text)
    EXTI0_IRQHandler                         0x080105bb   Thumb Code     0  startup_stm32f4xx.o(.text)
    EXTI15_10_IRQHandler                     0x080105bb   Thumb Code     0  startup_stm32f4xx.o(.text)
    EXTI1_IRQHandler                         0x080105bb   Thumb Code     0  startup_stm32f4xx.o(.text)
    EXTI2_IRQHandler                         0x080105bb   Thumb Code     0  startup_stm32f4xx.o(.text)
    EXTI3_IRQHandler                         0x080105bb   Thumb Code     0  startup_stm32f4xx.o(.text)
    EXTI4_IRQHandler                         0x080105bb   Thumb Code     0  startup_stm32f4xx.o(.text)
    EXTI9_5_IRQHandler                       0x080105bb   Thumb Code     0  startup_stm32f4xx.o(.text)
    FLASH_IRQHandler                         0x080105bb   Thumb Code     0  startup_stm32f4xx.o(.text)
    FPU_IRQHandler                           0x080105bb   Thumb Code     0  startup_stm32f4xx.o(.text)
    FSMC_IRQHandler                          0x080105bb   Thumb Code     0  startup_stm32f4xx.o(.text)
    HASH_RNG_IRQHandler                      0x080105bb   Thumb Code     0  startup_stm32f4xx.o(.text)
    I2C1_ER_IRQHandler                       0x080105bb   Thumb Code     0  startup_stm32f4xx.o(.text)
    I2C1_EV_IRQHandler                       0x080105bb   Thumb Code     0  startup_stm32f4xx.o(.text)
    I2C2_ER_IRQHandler                       0x080105bb   Thumb Code     0  startup_stm32f4xx.o(.text)
    I2C2_EV_IRQHandler                       0x080105bb   Thumb Code     0  startup_stm32f4xx.o(.text)
    I2C3_ER_IRQHandler                       0x080105bb   Thumb Code     0  startup_stm32f4xx.o(.text)
    I2C3_EV_IRQHandler                       0x080105bb   Thumb Code     0  startup_stm32f4xx.o(.text)
    OTG_FS_WKUP_IRQHandler                   0x080105bb   Thumb Code     0  startup_stm32f4xx.o(.text)
    OTG_HS_EP1_IN_IRQHandler                 0x080105bb   Thumb Code     0  startup_stm32f4xx.o(.text)
    OTG_HS_EP1_OUT_IRQHandler                0x080105bb   Thumb Code     0  startup_stm32f4xx.o(.text)
    OTG_HS_IRQHandler                        0x080105bb   Thumb Code     0  startup_stm32f4xx.o(.text)
    OTG_HS_WKUP_IRQHandler                   0x080105bb   Thumb Code     0  startup_stm32f4xx.o(.text)
    PVD_IRQHandler                           0x080105bb   Thumb Code     0  startup_stm32f4xx.o(.text)
    RCC_IRQHandler                           0x080105bb   Thumb Code     0  startup_stm32f4xx.o(.text)
    RTC_Alarm_IRQHandler                     0x080105bb   Thumb Code     0  startup_stm32f4xx.o(.text)
    RTC_WKUP_IRQHandler                      0x080105bb   Thumb Code     0  startup_stm32f4xx.o(.text)
    SDIO_IRQHandler                          0x080105bb   Thumb Code     0  startup_stm32f4xx.o(.text)
    SPI1_IRQHandler                          0x080105bb   Thumb Code     0  startup_stm32f4xx.o(.text)
    SPI2_IRQHandler                          0x080105bb   Thumb Code     0  startup_stm32f4xx.o(.text)
    SPI3_IRQHandler                          0x080105bb   Thumb Code     0  startup_stm32f4xx.o(.text)
    TAMP_STAMP_IRQHandler                    0x080105bb   Thumb Code     0  startup_stm32f4xx.o(.text)
    TIM1_BRK_TIM9_IRQHandler                 0x080105bb   Thumb Code     0  startup_stm32f4xx.o(.text)
    TIM1_CC_IRQHandler                       0x080105bb   Thumb Code     0  startup_stm32f4xx.o(.text)
    TIM1_TRG_COM_TIM11_IRQHandler            0x080105bb   Thumb Code     0  startup_stm32f4xx.o(.text)
    TIM1_UP_TIM10_IRQHandler                 0x080105bb   Thumb Code     0  startup_stm32f4xx.o(.text)
    TIM2_IRQHandler                          0x080105bb   Thumb Code     0  startup_stm32f4xx.o(.text)
    TIM5_IRQHandler                          0x080105bb   Thumb Code     0  startup_stm32f4xx.o(.text)
    TIM6_DAC_IRQHandler                      0x080105bb   Thumb Code     0  startup_stm32f4xx.o(.text)
    TIM7_IRQHandler                          0x080105bb   Thumb Code     0  startup_stm32f4xx.o(.text)
    TIM8_BRK_TIM12_IRQHandler                0x080105bb   Thumb Code     0  startup_stm32f4xx.o(.text)
    TIM8_CC_IRQHandler                       0x080105bb   Thumb Code     0  startup_stm32f4xx.o(.text)
    TIM8_TRG_COM_TIM14_IRQHandler            0x080105bb   Thumb Code     0  startup_stm32f4xx.o(.text)
    TIM8_UP_TIM13_IRQHandler                 0x080105bb   Thumb Code     0  startup_stm32f4xx.o(.text)
    UART4_IRQHandler                         0x080105bb   Thumb Code     0  startup_stm32f4xx.o(.text)
    USART1_IRQHandler                        0x080105bb   Thumb Code     0  startup_stm32f4xx.o(.text)
    USART3_IRQHandler                        0x080105bb   Thumb Code     0  startup_stm32f4xx.o(.text)
    USART6_IRQHandler                        0x080105bb   Thumb Code     0  startup_stm32f4xx.o(.text)
    WWDG_IRQHandler                          0x080105bb   Thumb Code     0  startup_stm32f4xx.o(.text)
    usbd_init                                0x080105c5   Thumb Code    22  usbd_core.o(.text)
    usbd_connect                             0x080105db   Thumb Code    12  usbd_core.o(.text)
    usbd_reset_core                          0x080105e7   Thumb Code    38  usbd_core.o(.text)
    usbd_configured                          0x0801060d   Thumb Code    14  usbd_core.o(.text)
    USBD_SetupStage                          0x0801061b   Thumb Code    12  usbd_core.o(.text)
    USBD_DataInStage                         0x08010627   Thumb Code    66  usbd_core.o(.text)
    USBD_DataOutStage                        0x08010669   Thumb Code    34  usbd_core.o(.text)
    USBD_StatusInStage                       0x0801068b   Thumb Code    14  usbd_core.o(.text)
    USBD_StatusOutStage                      0x08010699   Thumb Code    12  usbd_core.o(.text)
    USBD_ReqGetStatus                        0x080106a5   Thumb Code   160  usbd_core.o(.text)
    USBD_ReqSetClrFeature                    0x08010745   Thumb Code   216  usbd_core.o(.text)
    USBD_ReqGetDescriptor                    0x0801081d   Thumb Code   496  usbd_core.o(.text)
    USBD_ReqGetConfiguration                 0x08010a0d   Thumb Code    28  usbd_core.o(.text)
    USBD_ReqSetConfiguration                 0x08010a29   Thumb Code   432  usbd_core.o(.text)
    USBD_ReqGetInterface                     0x08010bd9   Thumb Code    60  usbd_core.o(.text)
    USBD_ReqSetInterface                     0x08010c15   Thumb Code   308  usbd_core.o(.text)
    USBD_EndPoint0                           0x08010d49   Thumb Code   682  usbd_core.o(.text)
    USBD_ReqGetDescriptor_HID                0x0801100d   Thumb Code   132  usbd_core_hid.o(.text)
    USBD_EndPoint0_Setup_HID_ReqToIF         0x08011091   Thumb Code   200  usbd_core_hid.o(.text)
    USBD_EndPoint0_Out_HID_ReqToIF           0x08011159   Thumb Code    44  usbd_core_hid.o(.text)
    usbd_hid_init                            0x080111bd   Thumb Code     2  usbd_hid.o(.text)
    usbd_hid_get_protocol                    0x080111cd   Thumb Code     4  usbd_hid.o(.text)
    usbd_hid_set_protocol                    0x080111d1   Thumb Code     2  usbd_hid.o(.text)
    USBD_HID_GetReport                       0x080111d3   Thumb Code    54  usbd_hid.o(.text)
    USBD_HID_SetReport                       0x08011209   Thumb Code    58  usbd_hid.o(.text)
    USBD_HID_GetIdle                         0x08011243   Thumb Code    16  usbd_hid.o(.text)
    USBD_HID_SetIdle                         0x08011253   Thumb Code    48  usbd_hid.o(.text)
    USBD_HID_GetProtocol                     0x08011283   Thumb Code    14  usbd_hid.o(.text)
    USBD_HID_SetProtocol                     0x08011291   Thumb Code    14  usbd_hid.o(.text)
    USBD_HID_EP_INTIN_Event                  0x0801129f   Thumb Code   422  usbd_hid.o(.text)
    USBD_HID_EP_INTOUT_Event                 0x08011445   Thumb Code   148  usbd_hid.o(.text)
    USBD_HID_Configure_Event                 0x080114d9   Thumb Code    48  usbd_hid.o(.text)
    USBD_HID_EP_INT_Event                    0x08011509   Thumb Code    30  usbd_hid.o(.text)
    USBD_HID_SOF_Event                       0x08011527   Thumb Code   460  usbd_hid.o(.text)
    usbd_hid_get_report_trigger              0x080116f3   Thumb Code   148  usbd_hid.o(.text)
    disk_status                              0x080117c1   Thumb Code    24  diskio.o(.text)
    disk_initialize                          0x080117d9   Thumb Code    34  diskio.o(.text)
    disk_read                                0x080117fb   Thumb Code    56  diskio.o(.text)
    disk_write                               0x08011833   Thumb Code    56  diskio.o(.text)
    disk_ioctl                               0x0801186b   Thumb Code    60  diskio.o(.text)
    get_fattime                              0x080118a7   Thumb Code     4  diskio.o(.text)
    clust2sect                               0x08011a67   Thumb Code    26  ff.o(.text)
    get_fat                                  0x08011a81   Thumb Code   318  ff.o(.text)
    put_fat                                  0x08011bbf   Thumb Code   392  ff.o(.text)
    f_mount                                  0x080129c5   Thumb Code    86  ff.o(.text)
    f_open                                   0x08012a1b   Thumb Code   356  ff.o(.text)
    f_read                                   0x08012b7f   Thumb Code   498  ff.o(.text)
    f_write                                  0x08012d71   Thumb Code   540  ff.o(.text)
    f_sync                                   0x08012f8d   Thumb Code   176  ff.o(.text)
    f_close                                  0x0801303d   Thumb Code    32  ff.o(.text)
    f_lseek                                  0x0801305d   Thumb Code   726  ff.o(.text)
    f_opendir                                0x08013333   Thumb Code   110  ff.o(.text)
    f_closedir                               0x080133a1   Thumb Code    22  ff.o(.text)
    f_readdir                                0x080133b7   Thumb Code    88  ff.o(.text)
    f_stat                                   0x0801340f   Thumb Code    60  ff.o(.text)
    f_getfree                                0x0801344b   Thumb Code   258  ff.o(.text)
    f_truncate                               0x0801354d   Thumb Code   184  ff.o(.text)
    f_unlink                                 0x08013605   Thumb Code   166  ff.o(.text)
    f_mkdir                                  0x080136ab   Thumb Code   352  ff.o(.text)
    f_chmod                                  0x0801380b   Thumb Code    84  ff.o(.text)
    f_rename                                 0x0801385f   Thumb Code   258  ff.o(.text)
    f_utime                                  0x08013961   Thumb Code    86  ff.o(.text)
    f_mkfs                                   0x080139b7   Thumb Code  1624  ff.o(.text)
    __aeabi_memcpy                           0x0801403d   Thumb Code    36  memcpya.o(.text)
    __aeabi_memcpy4                          0x0801403d   Thumb Code     0  memcpya.o(.text)
    __aeabi_memcpy8                          0x0801403d   Thumb Code     0  memcpya.o(.text)
    __aeabi_memset                           0x08014061   Thumb Code    14  memseta.o(.text)
    __aeabi_memset4                          0x08014061   Thumb Code     0  memseta.o(.text)
    __aeabi_memset8                          0x08014061   Thumb Code     0  memseta.o(.text)
    __aeabi_memclr                           0x0801406f   Thumb Code     4  memseta.o(.text)
    __aeabi_memclr4                          0x0801406f   Thumb Code     0  memseta.o(.text)
    __aeabi_memclr8                          0x0801406f   Thumb Code     0  memseta.o(.text)
    _memset$wrapper                          0x08014073   Thumb Code    18  memseta.o(.text)
    strlen                                   0x08014085   Thumb Code    14  strlen.o(.text)
    __aeabi_dadd                             0x08014093   Thumb Code   322  dadd.o(.text)
    __aeabi_dsub                             0x080141d5   Thumb Code     6  dadd.o(.text)
    __aeabi_drsub                            0x080141db   Thumb Code     6  dadd.o(.text)
    __aeabi_dmul                             0x080141e1   Thumb Code   228  dmul.o(.text)
    __aeabi_i2d                              0x080142c5   Thumb Code    34  dflti.o(.text)
    __aeabi_f2d                              0x080142e7   Thumb Code    38  f2d.o(.text)
    __aeabi_cdcmpeq                          0x0801430d   Thumb Code     0  cdcmple.o(.text)
    __aeabi_cdcmple                          0x0801430d   Thumb Code    48  cdcmple.o(.text)
    __aeabi_cdrcmple                         0x0801433d   Thumb Code    48  cdrcmple.o(.text)
    __aeabi_d2f                              0x0801436d   Thumb Code    56  d2f.o(.text)
    __aeabi_llsl                             0x080143a5   Thumb Code    30  llshl.o(.text)
    _ll_shift_l                              0x080143a5   Thumb Code     0  llshl.o(.text)
    __aeabi_lasr                             0x080143c3   Thumb Code    36  llsshr.o(.text)
    _ll_sshift_r                             0x080143c3   Thumb Code     0  llsshr.o(.text)
    __I$use$fp                               0x080143e7   Thumb Code     0  iusefp.o(.text)
    _float_round                             0x080143e7   Thumb Code    18  fepilogue.o(.text)
    _float_epilogue                          0x080143f9   Thumb Code    92  fepilogue.o(.text)
    _double_round                            0x08014455   Thumb Code    30  depilogue.o(.text)
    _double_epilogue                         0x08014473   Thumb Code   156  depilogue.o(.text)
    __aeabi_ddiv                             0x0801450f   Thumb Code   222  ddiv.o(.text)
    __scatterload                            0x080145ed   Thumb Code    28  init.o(.text)
    __scatterload_rt2                        0x080145ed   Thumb Code     0  init.o(.text)
    __aeabi_llsr                             0x08014611   Thumb Code    32  llushr.o(.text)
    _ll_ushift_r                             0x08014611   Thumb Code     0  llushr.o(.text)
    _dsqrt                                   0x08014631   Thumb Code   162  dsqrt.o(.text)
    __decompress                             0x080146d3   Thumb Code     0  __dczerorl2.o(.text)
    __decompress1                            0x080146d3   Thumb Code    86  __dczerorl2.o(.text)
    __ARM_fpclassify                         0x08014729   Thumb Code    48  fpclassify.o(i.__ARM_fpclassify)
    __hardfp_asin                            0x08014759   Thumb Code   770  asin.o(i.__hardfp_asin)
    __kernel_poly                            0x08014ab9   Thumb Code   248  poly.o(i.__kernel_poly)
    __mathlib_dbl_infnan                     0x08014bb1   Thumb Code    20  dunder.o(i.__mathlib_dbl_infnan)
    __mathlib_dbl_invalid                    0x08014bc9   Thumb Code    24  dunder.o(i.__mathlib_dbl_invalid)
    __mathlib_dbl_underflow                  0x08014be9   Thumb Code    24  dunder.o(i.__mathlib_dbl_underflow)
    __scatterload_copy                       0x08014c09   Thumb Code    14  handlers.o(i.__scatterload_copy)
    __scatterload_null                       0x08014c17   Thumb Code     2  handlers.o(i.__scatterload_null)
    __scatterload_zeroinit                   0x08014c19   Thumb Code    14  handlers.o(i.__scatterload_zeroinit)
    __set_errno                              0x08014c29   Thumb Code     6  errno.o(i.__set_errno)
    fabs                                     0x08014c35   Thumb Code    24  fabs.o(i.fabs)
    sqrt                                     0x08014c4d   Thumb Code   110  sqrt.o(i.sqrt)
    usbd_power                               0x08014cbc   Data           1  usb_config.o(.constdata)
    usbd_hs_enable                           0x08014cbd   Data           1  usb_config.o(.constdata)
    usbd_if_num                              0x08014cbe   Data           2  usb_config.o(.constdata)
    usbd_ep_num                              0x08014cc0   Data           1  usb_config.o(.constdata)
    usbd_max_packet0                         0x08014cc1   Data           1  usb_config.o(.constdata)
    usbd_hid_if_num                          0x08014cc2   Data           1  usb_config.o(.constdata)
    usbd_hid_ep_intin                        0x08014cc3   Data           1  usb_config.o(.constdata)
    usbd_hid_ep_intout                       0x08014cc4   Data           1  usb_config.o(.constdata)
    usbd_hid_interval                        0x08014cc6   Data           4  usb_config.o(.constdata)
    usbd_hid_maxpacketsize                   0x08014cca   Data           4  usb_config.o(.constdata)
    usbd_hid_inreport_num                    0x08014cce   Data           1  usb_config.o(.constdata)
    usbd_hid_outreport_num                   0x08014ccf   Data           1  usb_config.o(.constdata)
    usbd_hid_inreport_max_sz                 0x08014cd0   Data           2  usb_config.o(.constdata)
    usbd_hid_outreport_max_sz                0x08014cd2   Data           2  usb_config.o(.constdata)
    usbd_hid_featreport_max_sz               0x08014cd4   Data           2  usb_config.o(.constdata)
    USBD_P_Power_Event                       0x08014cd8   Data           4  usb_config.o(.constdata)
    USBD_P_Reset_Event                       0x08014cdc   Data           4  usb_config.o(.constdata)
    USBD_P_Suspend_Event                     0x08014ce0   Data           4  usb_config.o(.constdata)
    USBD_P_Resume_Event                      0x08014ce4   Data           4  usb_config.o(.constdata)
    USBD_P_WakeUp_Event                      0x08014ce8   Data           4  usb_config.o(.constdata)
    USBD_P_SOF_Event                         0x08014cec   Data           4  usb_config.o(.constdata)
    USBD_P_Error_Event                       0x08014cf0   Data           4  usb_config.o(.constdata)
    USBD_P_EP                                0x08014cf4   Data          64  usb_config.o(.constdata)
    USBD_P_Configure_Event                   0x08014d34   Data           4  usb_config.o(.constdata)
    USBD_P_Interface_Event                   0x08014d38   Data           4  usb_config.o(.constdata)
    USBD_P_Feature_Event                     0x08014d3c   Data           4  usb_config.o(.constdata)
    __rtx                                    0x08014d40   Data           4  usb_config.o(.constdata)
    USBD_HID_ReportDescriptor                0x08014d44   Data          33  usb_config.o(.constdata)
    USBD_HID_ReportDescriptorSize            0x08014d66   Data           2  usb_config.o(.constdata)
    USBD_HID_DescriptorOffset                0x08014d68   Data           2  usb_config.o(.constdata)
    USBD_DeviceDescriptor                    0x08014d6a   Data          18  usb_config.o(.constdata)
    USBD_DeviceQualifier                     0x08014d7c   Data           1  usb_config.o(.constdata)
    USBD_DeviceQualifier_HS                  0x08014d7d   Data           1  usb_config.o(.constdata)
    USBD_ConfigDescriptor                    0x08014d7e   Data          42  usb_config.o(.constdata)
    USBD_ConfigDescriptor_HS                 0x08014da8   Data           1  usb_config.o(.constdata)
    USBD_OtherSpeedConfigDescriptor          0x08014da9   Data           1  usb_config.o(.constdata)
    USBD_OtherSpeedConfigDescriptor_HS       0x08014daa   Data           1  usb_config.o(.constdata)
    USBD_StringDescriptor                    0x08014dac   Data         128  usb_config.o(.constdata)
    Region$$Table$$Base                      0x08014ea8   Number         0  anon$$obj.o(Region$$Table)
    Region$$Table$$Limit                     0x08014ec8   Number         0  anon$$obj.o(Region$$Table)
    Init_Finish                              0x20000000   Data           1  main.o(.data)
    loop_cnt                                 0x20000002   Data           2  scheduler.o(.data)
    flash_init_error                         0x20000004   Data           1  parameter.o(.data)
    thr_value                                0x20000008   Data           4  ctrl.o(.data)
    Thr_Low                                  0x2000000c   Data           1  ctrl.o(.data)
    Thr_Weight                               0x20000010   Data           4  ctrl.o(.data)
    Roll                                     0x2000001c   Data           4  imu.o(.data)
    Pitch                                    0x20000020   Data           4  imu.o(.data)
    Yaw                                      0x20000024   Data           4  imu.o(.data)
    ref_q                                    0x20000028   Data          16  imu.o(.data)
    norm_acc                                 0x20000038   Data           4  imu.o(.data)
    norm_q                                   0x2000003c   Data           4  imu.o(.data)
    norm_acc_lpf                             0x20000040   Data           4  imu.o(.data)
    mag_norm                                 0x20000044   Data           4  imu.o(.data)
    mag_norm_xyz                             0x20000048   Data           4  imu.o(.data)
    fast_atan_table                          0x20000054   Data        1028  mymath.o(.data)
    flash_save_en_cnt                        0x20000458   Data           2  data_transfer.o(.data)
    CH_in_Mapping                            0x20000468   Data           8  rc.o(.data)
    NS                                       0x20000470   Data           1  rc.o(.data)
    CH_Error                                 0x20000471   Data           8  rc.o(.data)
    NS_cnt                                   0x2000047a   Data           2  rc.o(.data)
    MAX_CH                                   0x2000047c   Data          16  rc.o(.data)
    MIN_CH                                   0x2000048c   Data          16  rc.o(.data)
    CH_DIR                                   0x2000049c   Data           8  rc.o(.data)
    filter_A                                 0x200004a4   Data           4  rc.o(.data)
    fly_ready                                0x200004a8   Data           1  rc.o(.data)
    ready_cnt                                0x200004aa   Data           2  rc.o(.data)
    height_ctrl_mode                         0x200004ac   Data           1  rc.o(.data)
    USBD_AltSetting                          0x200004ae   Data           1  usb_config.o(.data)
    USBD_HID_PollingCnt                      0x200004b0   Data           2  usb_config.o(.data)
    USBD_HID_IdleCnt                         0x200004b2   Data           1  usb_config.o(.data)
    USBD_HID_IdleReload                      0x200004b3   Data           1  usb_config.o(.data)
    USBD_HID_IdleSet                         0x200004b4   Data           1  usb_config.o(.data)
    USBD_HID_FeatReport                      0x200004b5   Data           2  usb_config.o(.data)
    HID_SEND_TIMEOUT                         0x200004b7   Data           1  usbd_user_hid.o(.data)
    hid_datatemp_begin                       0x200004b8   Data           1  usbd_user_hid.o(.data)
    hid_datatemp_end                         0x200004b9   Data           1  usbd_user_hid.o(.data)
    med_filter_out                           0x200004bc   Data           8  filter.o(.data)
    med_fil_cnt                              0x200004c4   Data           2  filter.o(.data)
    baro_speed                               0x200004d0   Data           4  height_ctrl.o(.data)
    height_ctrl_out                          0x200004d4   Data           4  height_ctrl.o(.data)
    wz_acc                                   0x200004d8   Data           4  height_ctrl.o(.data)
    baro_cnt                                 0x200004dc   Data           4  height_ctrl.o(.data)
    wz_speed                                 0x200004e0   Data           4  height_ctrl.o(.data)
    wz_speed_old                             0x200004e4   Data           4  height_ctrl.o(.data)
    wz_acc_mms2                              0x200004e8   Data           4  height_ctrl.o(.data)
    baro_ctrl_start                          0x200004ec   Data           1  height_ctrl.o(.data)
    baro_height                              0x200004f0   Data           4  height_ctrl.o(.data)
    baro_height_old                          0x200004f4   Data           4  height_ctrl.o(.data)
    baro_measure                             0x200004f8   Data           4  height_ctrl.o(.data)
    exp_height_speed                         0x200004fc   Data           4  height_ctrl.o(.data)
    exp_height                               0x20000500   Data           4  height_ctrl.o(.data)
    ultra_speed                              0x20000504   Data           4  height_ctrl.o(.data)
    ultra_dis_lpf                            0x20000508   Data           4  height_ctrl.o(.data)
    ultra_ctrl_out                           0x2000050c   Data           4  height_ctrl.o(.data)
    sysTickUptime                            0x20000530   Data           4  time.o(.data)
    time_1h                                  0x20000534   Data           4  time.o(.data)
    time_1m                                  0x20000538   Data           4  time.o(.data)
    time_1s                                  0x2000053c   Data           4  time.o(.data)
    time_1ms                                 0x20000540   Data           4  time.o(.data)
    CH_out_Mapping                           0x20000564   Data           4  pwm_out.o(.data)
    I2C_FastMode                             0x20000568   Data           1  i2c_soft.o(.data)
    mpu6050_ok                               0x2000056c   Data           1  mpu6050.o(.data)
    acc_sum_cnt                              0x2000056e   Data           2  mpu6050.o(.data)
    gyro_sum_cnt                             0x20000570   Data           2  mpu6050.o(.data)
    filter_cnt                               0x20000572   Data           1  mpu6050.o(.data)
    filter_cnt_old                           0x20000573   Data           1  mpu6050.o(.data)
    test_ang                                 0x20000574   Data           4  mpu6050.o(.data)
    test_ang_old                             0x20000578   Data           4  mpu6050.o(.data)
    test_ang_d                               0x2000057c   Data           4  mpu6050.o(.data)
    test_fli_a                               0x20000580   Data           4  mpu6050.o(.data)
    test_i                                   0x20000584   Data           4  mpu6050.o(.data)
    ak8975                                   0x20000588   Data          44  ak8975.o(.data)
    ak8975_ok                                0x200005b4   Data           1  ak8975.o(.data)
    Mag_CALIBRATED                           0x200005b5   Data           1  ak8975.o(.data)
    LED_Brightness                           0x200005d2   Data           4  led.o(.data)
    LED_status                               0x200005d6   Data           2  led.o(.data)
    baroAlt                                  0x200005e0   Data           4  ms5611.o(.data)
    baroAltOld                               0x200005e4   Data           4  ms5611.o(.data)
    baro_alt_speed                           0x200005e8   Data           4  ms5611.o(.data)
    baro_Offset                              0x200005ec   Data           4  ms5611.o(.data)
    ms5611_ut                                0x200005f0   Data           4  ms5611.o(.data)
    ms5611_up                                0x200005f4   Data           4  ms5611.o(.data)
    t_rxbuf                                  0x200005f8   Data           3  ms5611.o(.data)
    p_rxbuf                                  0x200005fb   Data           3  ms5611.o(.data)
    ms5611_ok                                0x200005fe   Data           1  ms5611.o(.data)
    temperature_5611                         0x20000600   Data           4  ms5611.o(.data)
    TxCounter                                0x2000060a   Data           1  usart.o(.data)
    count                                    0x2000060b   Data           1  usart.o(.data)
    Tx5Counter                               0x2000060c   Data           1  usart.o(.data)
    count5                                   0x2000060d   Data           1  usart.o(.data)
    OutMaxPacketSize                         0x20000610   Data          16  usbd_stm32f4xx_fs.o(.data)
    InPacketDataPtr                          0x20000620   Data          16  usbd_stm32f4xx_fs.o(.data)
    InPacketDataReady                        0x20000630   Data           4  usbd_stm32f4xx_fs.o(.data)
    SyncWriteEP                              0x20000634   Data           4  usbd_stm32f4xx_fs.o(.data)
    IsoOutTokenRead                          0x20000638   Data           4  usbd_stm32f4xx_fs.o(.data)
    ultra_start_f                            0x20000640   Data           1  ultrasonic.o(.data)
    ultra_time                               0x20000641   Data           1  ultrasonic.o(.data)
    ultra_ok                                 0x20000642   Data           1  ultrasonic.o(.data)
    ultra_distance                           0x20000644   Data           2  ultrasonic.o(.data)
    ultra_distance_old                       0x20000646   Data           2  ultrasonic.o(.data)
    ultra_delta                              0x20000648   Data           2  ultrasonic.o(.data)
    SystemCoreClock                          0x2000065c   Data           4  system_stm32f4xx.o(.data)
    AHBPrescTable                            0x20000660   Data          16  system_stm32f4xx.o(.data)
    USBD_DeviceStatus                        0x20000670   Data           2  usbd_core.o(.data)
    USBD_DeviceAddress                       0x20000672   Data           1  usbd_core.o(.data)
    USBD_Configuration                       0x20000673   Data           1  usbd_core.o(.data)
    USBD_EndPointMask                        0x20000674   Data           4  usbd_core.o(.data)
    USBD_EndPointHalt                        0x20000678   Data           4  usbd_core.o(.data)
    USBD_EndPointStall                       0x2000067c   Data           4  usbd_core.o(.data)
    USBD_NumInterfaces                       0x20000680   Data           1  usbd_core.o(.data)
    USBD_HighSpeed                           0x20000681   Data           1  usbd_core.o(.data)
    USBD_ZLP                                 0x20000682   Data           1  usbd_core.o(.data)
    USBD_EP0Data                             0x20000684   Data           8  usbd_core.o(.data)
    USBD_SetupPacket                         0x2000068c   Data           8  usbd_core.o(.data)
    USBD_HID_Protocol                        0x20000694   Data           1  usbd_hid.o(.data)
    DataOutAsyncReq                          0x20000698   Data           4  usbd_hid.o(.data)
    DataOutUpdateReqMask                     0x2000069c   Data           4  usbd_hid.o(.data)
    ptrDataOut                               0x200006a0   Data           4  usbd_hid.o(.data)
    DataOutToSendLen                         0x200006a4   Data           2  usbd_hid.o(.data)
    DataOutSentLen                           0x200006a6   Data           2  usbd_hid.o(.data)
    DataOutEndWithShortPacket                0x200006a8   Data           4  usbd_hid.o(.data)
    ptrDataIn                                0x200006ac   Data           4  usbd_hid.o(.data)
    DataInReceLen                            0x200006b0   Data           2  usbd_hid.o(.data)
    ptrDataFeat                              0x200006b4   Data           4  usbd_hid.o(.data)
    DataFeatReceLen                          0x200006b8   Data           2  usbd_hid.o(.data)
    loop                                     0x200006d0   Data          16  scheduler.o(.bss)
    test                                     0x200006e0   Data          20  scheduler.o(.bss)
    pid_setup                                0x20000734   Data         192  parameter.o(.bss)
    ctrl_1                                   0x20002868   Data         196  ctrl.o(.bss)
    ctrl_2                                   0x2000292c   Data         196  ctrl.o(.bss)
    except_A                                 0x200029f0   Data          12  ctrl.o(.bss)
    ctrl_angle_offset                        0x200029fc   Data          12  ctrl.o(.bss)
    compensation                             0x20002a08   Data          12  ctrl.o(.bss)
    except_AS                                0x20002a14   Data          12  ctrl.o(.bss)
    g_old                                    0x20002a20   Data          28  ctrl.o(.bss)
    motor                                    0x20002a3c   Data          16  ctrl.o(.bss)
    posture_value                            0x20002a4c   Data          16  ctrl.o(.bss)
    curve                                    0x20002a5c   Data          16  ctrl.o(.bss)
    reference_v                              0x20002a6c   Data          12  imu.o(.bss)
    ref                                      0x20002a78   Data          60  imu.o(.bss)
    mag_sim_3d                               0x20002ab4   Data          12  imu.o(.bss)
    f                                        0x20002acc   Data          17  data_transfer.o(.bss)
    data_to_send                             0x20002add   Data          50  data_transfer.o(.bss)
    RX_CH                                    0x20002b10   Data          16  data_transfer.o(.bss)
    CH                                       0x20002b54   Data          16  rc.o(.bss)
    CH_Old                                   0x20002b64   Data          32  rc.o(.bss)
    CH_filter                                0x20002b84   Data          32  rc.o(.bss)
    CH_filter_Old                            0x20002ba4   Data          32  rc.o(.bss)
    CH_filter_D                              0x20002bc4   Data          32  rc.o(.bss)
    CLR_CH_Error                             0x20002be4   Data          16  rc.o(.bss)
    USBD_EP0Buf                              0x20002c08   Data          64  usb_config.o(.bss)
    USBD_HID_InReport                        0x20002c48   Data          65  usb_config.o(.bss)
    USBD_HID_OutReport                       0x20002c89   Data          65  usb_config.o(.bss)
    stk_usb_msc_task                         0x20002cd0   Data         600  usb_config.o(.bss)
    hid_datatemp                             0x20002f28   Data         256  usbd_user_hid.o(.bss)
    hid_data2send                            0x20003028   Data          64  usbd_user_hid.o(.bss)
    string_auth                              0x20003068   Data          29  version.o(.bss)
    string_auth_descriptor                   0x20003085   Data          52  version.o(.bss)
    med_filter_tmp                           0x200030bc   Data          88  filter.o(.bss)
    wz_speed_pid_v                           0x20003114   Data          20  height_ctrl.o(.bss)
    wz_speed_pid                             0x20003128   Data          12  height_ctrl.o(.bss)
    baro_speed_arr                           0x20003134   Data         404  height_ctrl.o(.bss)
    ultra_ctrl                               0x200032c8   Data          20  height_ctrl.o(.bss)
    ultra_pid                                0x200032dc   Data          12  height_ctrl.o(.bss)
    Cycle_T                                  0x200032e8   Data          60  time.o(.bss)
    Rc_Pwm_In                                0x20003324   Data          16  pwm_in.o(.bss)
    mpu6050                                  0x20003334   Data         128  mpu6050.o(.bss)
    mpu6050_buffer                           0x200033b4   Data          14  mpu6050.o(.bss)
    sum_temp                                 0x200033c4   Data          28  mpu6050.o(.bss)
    FILT_BUF                                 0x200033e0   Data         154  mpu6050.o(.bss)
    mpu6050_tmp                              0x2000347c   Data          28  mpu6050.o(.bss)
    mpu_fil_tmp                              0x20003498   Data          28  mpu6050.o(.bss)
    ms5611_prom                              0x200034c0   Data          16  ms5611.o(.bss)
    TxBuffer                                 0x200034d0   Data         256  usart.o(.bss)
    Rx_Buf                                   0x200035d0   Data         256  usart.o(.bss)
    Tx5Buffer                                0x200036d0   Data         256  usart.o(.bss)
    HID_IntInPacketData                      0x200037d0   Data          64  usbd_stm32f4xx_fs.o(.bss)
    IsoOutPacketDataPtr                      0x20003810   Data          16  usbd_stm32f4xx_fs.o(.bss)
    InPacketDataCnt                          0x20003820   Data          16  usbd_stm32f4xx_fs.o(.bss)
    IsoOutPacketDataCnt                      0x20003830   Data          16  usbd_stm32f4xx_fs.o(.bss)
    __initial_sp                             0x20004050   Data           0  startup_stm32f4xx.o(STACK)



==============================================================================

Memory Map of the image

  Image Entry point : 0x08000189

  Load Region LR_IROM1 (Base: 0x08000000, Size: 0x00015598, Max: 0x00100000, ABSOLUTE, COMPRESSED[0x00015338])

    Execution Region ER_IROM1 (Base: 0x08000000, Size: 0x00014ec8, Max: 0x00100000, ABSOLUTE)

    Base Addr    Size         Type   Attr      Idx    E Section Name        Object

    0x08000000   0x00000188   Data   RO         1166    RESET               startup_stm32f4xx.o
    0x08000188   0x00000000   Code   RO         1305  * .ARM.Collect$$$$00000000  mc_w.l(entry.o)
    0x08000188   0x00000004   Code   RO         1366    .ARM.Collect$$$$00000001  mc_w.l(entry2.o)
    0x0800018c   0x00000004   Code   RO         1369    .ARM.Collect$$$$00000004  mc_w.l(entry5.o)
    0x08000190   0x00000000   Code   RO         1371    .ARM.Collect$$$$00000008  mc_w.l(entry7b.o)
    0x08000190   0x00000000   Code   RO         1373    .ARM.Collect$$$$0000000A  mc_w.l(entry8b.o)
    0x08000190   0x00000008   Code   RO         1374    .ARM.Collect$$$$0000000B  mc_w.l(entry9a.o)
    0x08000198   0x00000000   Code   RO         1376    .ARM.Collect$$$$0000000D  mc_w.l(entry10a.o)
    0x08000198   0x00000000   Code   RO         1378    .ARM.Collect$$$$0000000F  mc_w.l(entry11a.o)
    0x08000198   0x00000004   Code   RO         1367    .ARM.Collect$$$$00002712  mc_w.l(entry2.o)
    0x0800019c   0x00000024   Code   RO            2    .text               main.o
    0x080001c0   0x00000048   Code   RO          131    .text               stm32f4xx_it.o
    0x08000208   0x0000024c   Code   RO          151    .text               scheduler.o
    0x08000454   0x00000074   Code   RO          220    .text               init.o
    0x080004c8   0x000005c8   Code   RO          236    .text               parameter.o
    0x08000a90   0x0000122c   Code   RO          288    .text               ctrl.o
    0x08001cbc   0x000008d8   Code   RO          311    .text               imu.o
    0x08002594   0x00000568   Code   RO          341    .text               mymath.o
    0x08002afc   0x00001ae8   Code   RO          360    .text               data_transfer.o
    0x080045e4   0x0000063c   Code   RO          401    .text               rc.o
    0x08004c20   0x00000052   Code   RO          425    .text               usb_config.o
    0x08004c72   0x00000002   PAD
    0x08004c74   0x0000024c   Code   RO          500    .text               usbd_user_hid.o
    0x08004ec0   0x00000020   Code   RO          526    .text               version.o
    0x08004ee0   0x00000274   Code   RO          549    .text               filter.o
    0x08005154   0x00000c88   Code   RO          569    .text               height_ctrl.o
    0x08005ddc   0x00000284   Code   RO          592    .text               time.o
    0x08006060   0x000006c4   Code   RO          631    .text               pwm_in.o
    0x08006724   0x00000380   Code   RO          658    .text               pwm_out.o
    0x08006aa4   0x000003a8   Code   RO          683    .text               i2c_soft.o
    0x08006e4c   0x0000087c   Code   RO          709    .text               mpu6050.o
    0x080076c8   0x00000458   Code   RO          737    .text               ak8975.o
    0x08007b20   0x0000042c   Code   RO          760    .text               led.o
    0x08007f4c   0x000003dc   Code   RO          786    .text               ms5611.o
    0x08008328   0x0000032c   Code   RO          816    .text               usart.o
    0x08008654   0x000012b8   Code   RO          843    .text               usbd_stm32f4xx_fs.o
    0x0800990c   0x00000444   Code   RO          870    .text               drv_w25qxx.o
    0x08009d50   0x000000b0   Code   RO          895    .text               ultrasonic.o
    0x08009e00   0x000001ec   Code   RO          917    .text               misc.o
    0x08009fec   0x00000916   Code   RO         1013    .text               stm32f4xx_gpio.o
    0x0800a902   0x00000002   PAD
    0x0800a904   0x00000d7c   Code   RO         1061    .text               stm32f4xx_rcc.o
    0x0800b680   0x00000bc8   Code   RO         1079    .text               stm32f4xx_spi.o
    0x0800c248   0x00003294   Code   RO         1111    .text               stm32f4xx_tim.o
    0x0800f4dc   0x00000eb4   Code   RO         1127    .text               stm32f4xx_usart.o
    0x08010390   0x00000210   Code   RO         1143    .text               system_stm32f4xx.o
    0x080105a0   0x00000024   Code   RO         1167    .text               startup_stm32f4xx.o
    0x080105c4   0x00000a48   Code   RO         1172    .text               usbd_core.o
    0x0801100c   0x000001b0   Code   RO         1216    .text               usbd_core_hid.o
    0x080111bc   0x00000604   Code   RO         1228    .text               usbd_hid.o
    0x080117c0   0x000000f0   Code   RO         1244    .text               diskio.o
    0x080118b0   0x0000278c   Code   RO         1270    .text               ff.o
    0x0801403c   0x00000024   Code   RO         1308    .text               mc_w.l(memcpya.o)
    0x08014060   0x00000024   Code   RO         1310    .text               mc_w.l(memseta.o)
    0x08014084   0x0000000e   Code   RO         1312    .text               mc_w.l(strlen.o)
    0x08014092   0x0000014e   Code   RO         1316    .text               mf_w.l(dadd.o)
    0x080141e0   0x000000e4   Code   RO         1318    .text               mf_w.l(dmul.o)
    0x080142c4   0x00000022   Code   RO         1320    .text               mf_w.l(dflti.o)
    0x080142e6   0x00000026   Code   RO         1322    .text               mf_w.l(f2d.o)
    0x0801430c   0x00000030   Code   RO         1324    .text               mf_w.l(cdcmple.o)
    0x0801433c   0x00000030   Code   RO         1326    .text               mf_w.l(cdrcmple.o)
    0x0801436c   0x00000038   Code   RO         1328    .text               mf_w.l(d2f.o)
    0x080143a4   0x0000001e   Code   RO         1380    .text               mc_w.l(llshl.o)
    0x080143c2   0x00000024   Code   RO         1382    .text               mc_w.l(llsshr.o)
    0x080143e6   0x00000000   Code   RO         1391    .text               mc_w.l(iusefp.o)
    0x080143e6   0x0000006e   Code   RO         1392    .text               mf_w.l(fepilogue.o)
    0x08014454   0x000000ba   Code   RO         1394    .text               mf_w.l(depilogue.o)
    0x0801450e   0x000000de   Code   RO         1396    .text               mf_w.l(ddiv.o)
    0x080145ec   0x00000024   Code   RO         1400    .text               mc_w.l(init.o)
    0x08014610   0x00000020   Code   RO         1402    .text               mc_w.l(llushr.o)
    0x08014630   0x000000a2   Code   RO         1404    .text               mf_w.l(dsqrt.o)
    0x080146d2   0x00000056   Code   RO         1414    .text               mc_w.l(__dczerorl2.o)
    0x08014728   0x00000030   Code   RO         1350    i.__ARM_fpclassify  m_wm.l(fpclassify.o)
    0x08014758   0x00000360   Code   RO         1291    i.__hardfp_asin     m_wm.l(asin.o)
    0x08014ab8   0x000000f8   Code   RO         1352    i.__kernel_poly     m_wm.l(poly.o)
    0x08014bb0   0x00000014   Code   RO         1331    i.__mathlib_dbl_infnan  m_wm.l(dunder.o)
    0x08014bc4   0x00000004   PAD
    0x08014bc8   0x00000020   Code   RO         1333    i.__mathlib_dbl_invalid  m_wm.l(dunder.o)
    0x08014be8   0x00000020   Code   RO         1336    i.__mathlib_dbl_underflow  m_wm.l(dunder.o)
    0x08014c08   0x0000000e   Code   RO         1408    i.__scatterload_copy  mc_w.l(handlers.o)
    0x08014c16   0x00000002   Code   RO         1409    i.__scatterload_null  mc_w.l(handlers.o)
    0x08014c18   0x0000000e   Code   RO         1410    i.__scatterload_zeroinit  mc_w.l(handlers.o)
    0x08014c26   0x00000002   PAD
    0x08014c28   0x0000000c   Code   RO         1386    i.__set_errno       mc_w.l(errno.o)
    0x08014c34   0x00000018   Code   RO         1346    i.fabs              m_wm.l(fabs.o)
    0x08014c4c   0x0000006e   Code   RO         1356    i.sqrt              m_wm.l(sqrt.o)
    0x08014cba   0x00000002   PAD
    0x08014cbc   0x00000170   Data   RO          427    .constdata          usb_config.o
    0x08014e2c   0x0000002c   Data   RO         1271    .constdata          ff.o
    0x08014e58   0x00000050   Data   RO         1294    .constdata          m_wm.l(asin.o)
    0x08014ea8   0x00000020   Data   RO         1406    Region$$Table       anon$$obj.o


    Execution Region RW_IRAM1 (Base: 0x20000000, Size: 0x00004050, Max: 0x00020000, ABSOLUTE, COMPRESSED[0x00000470])

    Base Addr    Size         Type   Attr      Idx    E Section Name        Object

    0x20000000   0x00000001   Data   RW            3    .data               main.o
    0x20000001   0x00000001   PAD
    0x20000002   0x00000002   Data   RW          153    .data               scheduler.o
    0x20000004   0x00000001   Data   RW          238    .data               parameter.o
    0x20000005   0x00000003   PAD
    0x20000008   0x00000014   Data   RW          290    .data               ctrl.o
    0x2000001c   0x00000038   Data   RW          313    .data               imu.o
    0x20000054   0x00000404   Data   RW          342    .data               mymath.o
    0x20000458   0x0000000f   Data   RW          362    .data               data_transfer.o
    0x20000467   0x00000001   PAD
    0x20000468   0x00000045   Data   RW          403    .data               rc.o
    0x200004ad   0x00000001   PAD
    0x200004ae   0x00000009   Data   RW          428    .data               usb_config.o
    0x200004b7   0x00000004   Data   RW          502    .data               usbd_user_hid.o
    0x200004bb   0x00000001   PAD
    0x200004bc   0x00000014   Data   RW          551    .data               filter.o
    0x200004d0   0x00000060   Data   RW          571    .data               height_ctrl.o
    0x20000530   0x00000014   Data   RW          594    .data               time.o
    0x20000544   0x00000020   Data   RW          633    .data               pwm_in.o
    0x20000564   0x00000004   Data   RW          659    .data               pwm_out.o
    0x20000568   0x00000001   Data   RW          684    .data               i2c_soft.o
    0x20000569   0x00000003   PAD
    0x2000056c   0x0000001c   Data   RW          711    .data               mpu6050.o
    0x20000588   0x0000004a   Data   RW          739    .data               ak8975.o
    0x200005d2   0x0000000d   Data   RW          761    .data               led.o
    0x200005df   0x00000001   PAD
    0x200005e0   0x0000002a   Data   RW          788    .data               ms5611.o
    0x2000060a   0x00000004   Data   RW          818    .data               usart.o
    0x2000060e   0x00000002   PAD
    0x20000610   0x00000030   Data   RW          845    .data               usbd_stm32f4xx_fs.o
    0x20000640   0x0000000b   Data   RW          896    .data               ultrasonic.o
    0x2000064b   0x00000010   Data   RW         1062    .data               stm32f4xx_rcc.o
    0x2000065b   0x00000001   PAD
    0x2000065c   0x00000014   Data   RW         1144    .data               system_stm32f4xx.o
    0x20000670   0x00000024   Data   RW         1173    .data               usbd_core.o
    0x20000694   0x00000027   Data   RW         1229    .data               usbd_hid.o
    0x200006bb   0x00000001   PAD
    0x200006bc   0x00000004   Data   RW         1245    .data               diskio.o
    0x200006c0   0x0000000a   Data   RW         1272    .data               ff.o
    0x200006ca   0x00000002   PAD
    0x200006cc   0x00000004   Data   RW         1387    .data               mc_w.l(errno.o)
    0x200006d0   0x00000024   Zero   RW          152    .bss                scheduler.o
    0x200006f4   0x00002174   Zero   RW          237    .bss                parameter.o
    0x20002868   0x00000204   Zero   RW          289    .bss                ctrl.o
    0x20002a6c   0x00000060   Zero   RW          312    .bss                imu.o
    0x20002acc   0x00000086   Zero   RW          361    .bss                data_transfer.o
    0x20002b52   0x00000002   PAD
    0x20002b54   0x000000b0   Zero   RW          402    .bss                rc.o
    0x20002c04   0x00000004   PAD
    0x20002c08   0x00000320   Zero   RW          426    .bss                usb_config.o
    0x20002f28   0x00000140   Zero   RW          501    .bss                usbd_user_hid.o
    0x20003068   0x00000051   Zero   RW          527    .bss                version.o
    0x200030b9   0x00000003   PAD
    0x200030bc   0x00000058   Zero   RW          550    .bss                filter.o
    0x20003114   0x000001d4   Zero   RW          570    .bss                height_ctrl.o
    0x200032e8   0x0000003c   Zero   RW          593    .bss                time.o
    0x20003324   0x00000010   Zero   RW          632    .bss                pwm_in.o
    0x20003334   0x00000180   Zero   RW          710    .bss                mpu6050.o
    0x200034b4   0x0000000c   Zero   RW          738    .bss                ak8975.o
    0x200034c0   0x00000010   Zero   RW          787    .bss                ms5611.o
    0x200034d0   0x00000300   Zero   RW          817    .bss                usart.o
    0x200037d0   0x00000070   Zero   RW          844    .bss                usbd_stm32f4xx_fs.o
    0x20003840   0x0000000c   Zero   RW          871    .bss                drv_w25qxx.o
    0x2000384c   0x00000004   PAD
    0x20003850   0x00000800   Zero   RW         1164    STACK               startup_stm32f4xx.o


==============================================================================

Image component sizes


      Code (inc. data)   RO Data    RW Data    ZI Data      Debug   Object Name

      1112         34          0         74         12       2996   ak8975.o
      4652        282          0         20        516       4407   ctrl.o
      6888        238          0         15        134      10906   data_transfer.o
       240          6          0          4          0       4518   diskio.o
      1092         20          0          0         12       5549   drv_w25qxx.o
     10124        112         44         10          0      28038   ff.o
       628         26          0         20         88       2467   filter.o
      3208        358          0         96        468       4775   height_ctrl.o
       936         10          0          1          0       4358   i2c_soft.o
      2264        142          0         56         96       3005   imu.o
       116         10          0          0          0        563   init.o
      1068         38          0         13          0       2519   led.o
        36          8          0          1          0     277639   main.o
       492         74          0          0          0       2085   misc.o
      2172         90          0         28        384      16443   mpu6050.o
       988        102          0         42         16       3538   ms5611.o
      1384        110          0       1028          0       4768   mymath.o
      1480        126          0          1       8564       7749   parameter.o
      1732        110          0         32         16       2512   pwm_in.o
       896         38          0          4          0       2454   pwm_out.o
      1596        142          0         69        176       3292   rc.o
       588         48          0          2         36       2441   scheduler.o
        36          8        392          0       2048        900   startup_stm32f4xx.o
      2326        132          0          0          0       5261   stm32f4xx_gpio.o
        72          4          0          0          0       1672   stm32f4xx_it.o
      3452        262          0         16          0      12979   stm32f4xx_rcc.o
      3016        118          0          0          0       8181   stm32f4xx_spi.o
     12948        670          0          0          0      29296   stm32f4xx_tim.o
      3764        164          0          0          0       9632   stm32f4xx_usart.o
       528         46          0         20          0       2043   system_stm32f4xx.o
       644         42          0         20         60      22396   time.o
       176         30          0         11          0       1373   ultrasonic.o
       812         40          0          4        768       2903   usart.o
        82          0        368          9        800      27842   usb_config.o
      2632        202          0         36          0       7984   usbd_core.o
       432         68          0          0          0       1756   usbd_core_hid.o
      1540        184          0         39          0       5963   usbd_hid.o
      4792        220          0         48        112      27273   usbd_stm32f4xx_fs.o
       588         24          0          4        320       3086   usbd_user_hid.o
        32         10          0          0         81       1600   version.o

    ----------------------------------------------------------------------
     81568       4348        836       1740      14720     569162   Object Totals
         0          0         32          0          0          0   (incl. Generated)
         4          0          0         17         13          0   (incl. Padding)

    ----------------------------------------------------------------------

      Code (inc. data)   RO Data    RW Data    ZI Data      Debug   Library Member Name

       864         94         80          0          0        280   asin.o
        84         16          0          0          0        372   dunder.o
        24          0          0          0          0        124   fabs.o
        48          0          0          0          0        124   fpclassify.o
       248          0          0          0          0        152   poly.o
       110          0          0          0          0        148   sqrt.o
        86          0          0          0          0          0   __dczerorl2.o
         0          0          0          0          0          0   entry.o
         0          0          0          0          0          0   entry10a.o
         0          0          0          0          0          0   entry11a.o
         8          4          0          0          0          0   entry2.o
         4          0          0          0          0          0   entry5.o
         0          0          0          0          0          0   entry7b.o
         0          0          0          0          0          0   entry8b.o
         8          4          0          0          0          0   entry9a.o
        12          6          0          4          0         68   errno.o
        30          0          0          0          0          0   handlers.o
        36          8          0          0          0         68   init.o
         0          0          0          0          0          0   iusefp.o
        30          0          0          0          0         68   llshl.o
        36          0          0          0          0         68   llsshr.o
        32          0          0          0          0         68   llushr.o
        36          0          0          0          0         68   memcpya.o
        36          0          0          0          0        108   memseta.o
        14          0          0          0          0         68   strlen.o
        48          0          0          0          0         68   cdcmple.o
        48          0          0          0          0         68   cdrcmple.o
        56          0          0          0          0         88   d2f.o
       334          0          0          0          0        148   dadd.o
       222          0          0          0          0        100   ddiv.o
       186          0          0          0          0        176   depilogue.o
        34          0          0          0          0         76   dflti.o
       228          0          0          0          0         96   dmul.o
       162          0          0          0          0        100   dsqrt.o
        38          0          0          0          0         68   f2d.o
       110          0          0          0          0        168   fepilogue.o

    ----------------------------------------------------------------------
      3220        132         80          4          0       2940   Library Totals
         8          0          0          0          0          0   (incl. Padding)

    ----------------------------------------------------------------------

      Code (inc. data)   RO Data    RW Data    ZI Data      Debug   Library Name

      1378        110         80          0          0       1200   m_wm.l
       368         22          0          4          0        584   mc_w.l
      1466          0          0          0          0       1156   mf_w.l

    ----------------------------------------------------------------------
      3220        132         80          4          0       2940   Library Totals

    ----------------------------------------------------------------------

==============================================================================


      Code (inc. data)   RO Data    RW Data    ZI Data      Debug   

     84788       4480        916       1744      14720     563654   Grand Totals
     84788       4480        916       1136      14720     563654   ELF Image Totals (compressed)
     84788       4480        916       1136          0          0   ROM Totals

==============================================================================

    Total RO  Size (Code + RO Data)                85704 (  83.70kB)
    Total RW  Size (RW Data + ZI Data)             16464 (  16.08kB)
    Total ROM Size (Code + RO Data + RW Data)      86840 (  84.80kB)

==============================================================================

