<html>
<body>
<pre>
<h1>礦ision Build Log</h1>
<h2>Tool Versions:</h2>
IDE-Version: μVision V5.15
Copyright (C) 2015 ARM Ltd and ARM Germany GmbH. All rights reserved.
License Information: key key, key, LIC=UJWDY-IWJ0P-ZW22V-PZWJI-Z3PTT-EMM3X
 
Tool Versions:
Toolchain:       MDK-ARM Standard  Version: 5.15.0
Toolchain Path:  F:\electricity\MCU\STM32\mdk515\ARM\ARMCC\Bin
C Compiler:      Armcc.exe V5.05 update 2 (build 169)
Assembler:       Armasm.exe V5.05 update 2 (build 169)
Linker/Locator:  ArmLink.exe V5.05 update 2 (build 169)
Library Manager: ArmAr.exe V5.05 update 2 (build 169)
Hex Converter:   FromElf.exe V5.05 update 2 (build 169)
CPU DLL:         SARMCM3.DLL V5.15.0
Dialog DLL:      DCM.DLL V1.13.2.0
Target DLL:      Segger\JL2CM3.dll V2.99.15.0
Dialog DLL:      TCM.DLL V1.14.5.0
 
<h2>Project:</h2>
F:\electricity\光电设计大赛\aircraft_code\F407_FC.uvprojx
Project File Date:  04/19/2016

<h2>Output:</h2>
*** Using Compiler 'V5.05 update 2 (build 169)', folder: 'F:\electricity\MCU\STM32\mdk515\ARM\ARMCC\Bin'
Build target 'Anopilot'
compiling scheduler.c...
compiling init.c...
compiling parameter.c...
compiling ctrl.c...
compiling data_transfer.c...
applications\data_transfer.c(365): warning:  #167-D: argument of type "u16 *" is incompatible with parameter of type "int16_t *"
                SetPwm(motor_tar,0,1000); //1000
applications\data_transfer.c: 1 warning, 0 errors
compiling rc.c...
compiling height_ctrl.c...
compiling system_stm32f4xx.c...
linking...
Program Size: Code=82900 RO-data=916 RW-data=1716 ZI-data=14700  
FromELF: creating hex file...
After Build - User command #1: fromelf --bin .\build\F407_FC.axf --output TEST.ANO
".\build\F407_FC.axf" - 0 Error(s), 1 Warning(s).

<h2>Software Packages used:</h2>

Package Vendor: ARM
                http://www.keil.com/pack/ARM.CMSIS.4.3.0.pack
                ARM::CMSIS:CORE:4.1.0
                CMSIS (Cortex Microcontroller Software Interface Standard)
   * Component: CORE Version: 4.1.0

<h2>Collection of Component include folders:</h2>
  F:\electricity\光电设计大赛\aircraft_code\RTE
  F:\electricity\MCU\STM32\mdk515\ARM\PACK\ARM\CMSIS\4.3.0\CMSIS\Include
  F:\electricity\MCU\STM32\mdk515\ARM\PACK\Keil\STM32F4xx_DFP\2.5.0\Drivers\CMSIS\Device\ST\STM32F4xx\Include

<h2>Collection of Component Files used:</h2>

   * Component: ARM::CMSIS:CORE:4.1.0
</pre>
</body>
</html>
